Archive member included because of file (symbol)

c:/infineon/tools/dave ide/4.5.0.202105191637/eclipse/arm-gcc-49/bin/../lib/gcc/arm-none-eabi/4.9.3/armv7e-m/softfp\libgcc.a(_aeabi_uldivmod.o)
                              ./Dave/Generated/TIMER/timer.o (__aeabi_uldivmod)
c:/infineon/tools/dave ide/4.5.0.202105191637/eclipse/arm-gcc-49/bin/../lib/gcc/arm-none-eabi/4.9.3/armv7e-m/softfp\libgcc.a(bpabi.o)
                              c:/infineon/tools/dave ide/4.5.0.202105191637/eclipse/arm-gcc-49/bin/../lib/gcc/arm-none-eabi/4.9.3/armv7e-m/softfp\libgcc.a(_aeabi_uldivmod.o) (__gnu_uldivmod_helper)
c:/infineon/tools/dave ide/4.5.0.202105191637/eclipse/arm-gcc-49/bin/../lib/gcc/arm-none-eabi/4.9.3/armv7e-m/softfp\libgcc.a(_dvmd_tls.o)
                              c:/infineon/tools/dave ide/4.5.0.202105191637/eclipse/arm-gcc-49/bin/../lib/gcc/arm-none-eabi/4.9.3/armv7e-m/softfp\libgcc.a(_aeabi_uldivmod.o) (__aeabi_ldiv0)
c:/infineon/tools/dave ide/4.5.0.202105191637/eclipse/arm-gcc-49/bin/../lib/gcc/arm-none-eabi/4.9.3/armv7e-m/softfp\libgcc.a(_divdi3.o)
                              c:/infineon/tools/dave ide/4.5.0.202105191637/eclipse/arm-gcc-49/bin/../lib/gcc/arm-none-eabi/4.9.3/armv7e-m/softfp\libgcc.a(bpabi.o) (__divdi3)
c:/infineon/tools/dave ide/4.5.0.202105191637/eclipse/arm-gcc-49/bin/../lib/gcc/arm-none-eabi/4.9.3/armv7e-m/softfp\libgcc.a(_udivdi3.o)
                              c:/infineon/tools/dave ide/4.5.0.202105191637/eclipse/arm-gcc-49/bin/../lib/gcc/arm-none-eabi/4.9.3/armv7e-m/softfp\libgcc.a(bpabi.o) (__udivdi3)
c:/infineon/tools/dave ide/4.5.0.202105191637/eclipse/arm-gcc-49/bin/../lib/gcc/arm-none-eabi/4.9.3/../../../../arm-none-eabi/lib/armv7e-m/softfp\libg_nano.a(lib_a-errno.o)
                              ./Libraries/Newlib/syscalls.o (__errno)
c:/infineon/tools/dave ide/4.5.0.202105191637/eclipse/arm-gcc-49/bin/../lib/gcc/arm-none-eabi/4.9.3/../../../../arm-none-eabi/lib/armv7e-m/softfp\libg_nano.a(lib_a-impure.o)
                              c:/infineon/tools/dave ide/4.5.0.202105191637/eclipse/arm-gcc-49/bin/../lib/gcc/arm-none-eabi/4.9.3/../../../../arm-none-eabi/lib/armv7e-m/softfp\libg_nano.a(lib_a-errno.o) (_impure_ptr)
c:/infineon/tools/dave ide/4.5.0.202105191637/eclipse/arm-gcc-49/bin/../lib/gcc/arm-none-eabi/4.9.3/../../../../arm-none-eabi/lib/armv7e-m/softfp\libg_nano.a(lib_a-init.o)
                              ./Startup/startup_XMC4300.o (__libc_init_array)
c:/infineon/tools/dave ide/4.5.0.202105191637/eclipse/arm-gcc-49/bin/../lib/gcc/arm-none-eabi/4.9.3/../../../../arm-none-eabi/lib/armv7e-m/softfp\libg_nano.a(lib_a-malloc.o)
                              ./SSC/Src/ecatcoe.o (malloc)
c:/infineon/tools/dave ide/4.5.0.202105191637/eclipse/arm-gcc-49/bin/../lib/gcc/arm-none-eabi/4.9.3/../../../../arm-none-eabi/lib/armv7e-m/softfp\libg_nano.a(lib_a-memcmp.o)
                              ./Dave/Generated/E_EEPROM_XMC4/e_eeprom_xmc4.o (memcmp)
c:/infineon/tools/dave ide/4.5.0.202105191637/eclipse/arm-gcc-49/bin/../lib/gcc/arm-none-eabi/4.9.3/../../../../arm-none-eabi/lib/armv7e-m/softfp\libg_nano.a(lib_a-memcpy.o)
                              ./SSC/Src/XMC_ESC.o (memcpy)
c:/infineon/tools/dave ide/4.5.0.202105191637/eclipse/arm-gcc-49/bin/../lib/gcc/arm-none-eabi/4.9.3/../../../../arm-none-eabi/lib/armv7e-m/softfp\libg_nano.a(lib_a-memset.o)
                              ./SSC/Src/mailbox.o (memset)
c:/infineon/tools/dave ide/4.5.0.202105191637/eclipse/arm-gcc-49/bin/../lib/gcc/arm-none-eabi/4.9.3/../../../../arm-none-eabi/lib/armv7e-m/softfp\libg_nano.a(lib_a-nano-freer.o)
                              c:/infineon/tools/dave ide/4.5.0.202105191637/eclipse/arm-gcc-49/bin/../lib/gcc/arm-none-eabi/4.9.3/../../../../arm-none-eabi/lib/armv7e-m/softfp\libg_nano.a(lib_a-malloc.o) (_free_r)
c:/infineon/tools/dave ide/4.5.0.202105191637/eclipse/arm-gcc-49/bin/../lib/gcc/arm-none-eabi/4.9.3/../../../../arm-none-eabi/lib/armv7e-m/softfp\libg_nano.a(lib_a-nano-mallocr.o)
                              c:/infineon/tools/dave ide/4.5.0.202105191637/eclipse/arm-gcc-49/bin/../lib/gcc/arm-none-eabi/4.9.3/../../../../arm-none-eabi/lib/armv7e-m/softfp\libg_nano.a(lib_a-malloc.o) (_malloc_r)
c:/infineon/tools/dave ide/4.5.0.202105191637/eclipse/arm-gcc-49/bin/../lib/gcc/arm-none-eabi/4.9.3/../../../../arm-none-eabi/lib/armv7e-m/softfp\libg_nano.a(lib_a-sbrkr.o)
                              c:/infineon/tools/dave ide/4.5.0.202105191637/eclipse/arm-gcc-49/bin/../lib/gcc/arm-none-eabi/4.9.3/../../../../arm-none-eabi/lib/armv7e-m/softfp\libg_nano.a(lib_a-nano-mallocr.o) (_sbrk_r)
c:/infineon/tools/dave ide/4.5.0.202105191637/eclipse/arm-gcc-49/bin/../lib/gcc/arm-none-eabi/4.9.3/../../../../arm-none-eabi/lib/armv7e-m/softfp\libg_nano.a(lib_a-strlen.o)
                              ./SSC/Src/objdef.o (strlen)
[...]
Memory Configuration

Name             Origin             Length             Attributes
FLASH_0_cached   0x08000000         0x00010000         xr
FLASH_0_uncached 0x0c000000         0x00010000         xr
FLASH_1_cached   0x08020000         0x00020000         xr
FLASH_1_uncached 0x0c020000         0x00020000         xr
PSRAM_1          0x1fff0000         0x00010000         !xr
DSRAM_1_system   0x20000000         0x00010000         !xr
SRAM_combined    0x1fff0000         0x00020000         !xr
*default*        0x00000000         0xffffffff

Linker script and memory map

LOAD ./Startup/startup_XMC4300.o
LOAD ./Startup/system_XMC4300.o
LOAD ./SSC/Src/XMC_ESC.o
LOAD ./SSC/Src/coeappl.o
LOAD ./SSC/Src/ecatappl.o
LOAD ./SSC/Src/ecatcoe.o
LOAD ./SSC/Src/ecatslv.o
LOAD ./SSC/Src/mailbox.o
LOAD ./SSC/Src/objdef.o
LOAD ./SSC/Src/sdoserv.o
LOAD ./Libraries/XMCLib/src/xmc4_eru.o
LOAD ./Libraries/XMCLib/src/xmc4_flash.o
LOAD ./Libraries/XMCLib/src/xmc4_gpio.o
LOAD ./Libraries/XMCLib/src/xmc4_rtc.o
LOAD ./Libraries/XMCLib/src/xmc4_scu.o
LOAD ./Libraries/XMCLib/src/xmc_can.o
LOAD ./Libraries/XMCLib/src/xmc_ccu4.o
LOAD ./Libraries/XMCLib/src/xmc_ccu8.o
LOAD ./Libraries/XMCLib/src/xmc_common.o
LOAD ./Libraries/XMCLib/src/xmc_dac.o
LOAD ./Libraries/XMCLib/src/xmc_dma.o
LOAD ./Libraries/XMCLib/src/xmc_dsd.o
LOAD ./Libraries/XMCLib/src/xmc_ebu.o
LOAD ./Libraries/XMCLib/src/xmc_ecat.o
LOAD ./Libraries/XMCLib/src/xmc_eru.o
LOAD ./Libraries/XMCLib/src/xmc_eth_mac.o
LOAD ./Libraries/XMCLib/src/xmc_eth_phy_dp83848.o
LOAD ./Libraries/XMCLib/src/xmc_eth_phy_ksz8031rnl.o
LOAD ./Libraries/XMCLib/src/xmc_eth_phy_ksz8081rnb.o
LOAD ./Libraries/XMCLib/src/xmc_fce.o
LOAD ./Libraries/XMCLib/src/xmc_gpio.o
LOAD ./Libraries/XMCLib/src/xmc_hrpwm.o
LOAD ./Libraries/XMCLib/src/xmc_i2c.o
LOAD ./Libraries/XMCLib/src/xmc_i2s.o
LOAD ./Libraries/XMCLib/src/xmc_ledts.o
LOAD ./Libraries/XMCLib/src/xmc_posif.o
LOAD ./Libraries/XMCLib/src/xmc_rtc.o
LOAD ./Libraries/XMCLib/src/xmc_sdmmc.o
LOAD ./Libraries/XMCLib/src/xmc_spi.o
LOAD ./Libraries/XMCLib/src/xmc_uart.o
LOAD ./Libraries/XMCLib/src/xmc_usbd.o
LOAD ./Libraries/XMCLib/src/xmc_usbh.o
LOAD ./Libraries/XMCLib/src/xmc_usic.o
LOAD ./Libraries/XMCLib/src/xmc_vadc.o
LOAD ./Libraries/XMCLib/src/xmc_wdt.o
LOAD ./Libraries/Newlib/syscalls.o
LOAD ./Dave/Generated/UART/uart.o
LOAD ./Dave/Generated/UART/uart_conf.o
LOAD ./Dave/Generated/TIMER/timer.o
LOAD ./Dave/Generated/TIMER/timer_conf.o
LOAD ./Dave/Generated/PWM_CCU8/pwm_ccu8.o
LOAD ./Dave/Generated/PWM_CCU8/pwm_ccu8_conf.o
LOAD ./Dave/Generated/INTERRUPT/interrupt.o
LOAD ./Dave/Generated/INTERRUPT/interrupt_conf.o
LOAD ./Dave/Generated/GLOBAL_CCU8/global_ccu8.o
LOAD ./Dave/Generated/GLOBAL_CCU8/global_ccu8_conf.o
LOAD ./Dave/Generated/GLOBAL_CCU4/global_ccu4.o
LOAD ./Dave/Generated/GLOBAL_CCU4/global_ccu4_conf.o
LOAD ./Dave/Generated/E_EEPROM_XMC4/e_eeprom_xmc4.o
LOAD ./Dave/Generated/E_EEPROM_XMC4/e_eeprom_xmc4_conf.o
LOAD ./Dave/Generated/EVENT_GENERATOR/event_generator.o
LOAD ./Dave/Generated/EVENT_GENERATOR/event_generator_conf.o
LOAD ./Dave/Generated/EVENT_DETECTOR/event_detector.o
LOAD ./Dave/Generated/EVENT_DETECTOR/event_detector_conf.o
LOAD ./Dave/Generated/ECAT_SSC/ecat_ssc.o
LOAD ./Dave/Generated/ECAT_SSC/ecat_ssc_conf.o
LOAD ./Dave/Generated/ECAT_SSC/xmc_eschw.o
LOAD ./Dave/Generated/CPU_CTRL_XMC4/cpu_ctrl_xmc4.o
LOAD ./Dave/Generated/CPU_CTRL_XMC4/cpu_ctrl_xmc4_conf.o
LOAD ./Dave/Generated/CLOCK_XMC4/clock_xmc4.o
LOAD ./Dave/Generated/CLOCK_XMC4/clock_xmc4_conf.o
LOAD ./Dave/Generated/DAVE.o
LOAD ./main.o
LOAD c:/infineon/tools/dave ide/4.5.0.202105191637/eclipse/arm-gcc-49/bin/../lib/gcc/arm-none-eabi/4.9.3/../../../../arm-none-eabi/lib/armv7e-m/softfp\libm.a
START GROUP
LOAD c:/infineon/tools/dave ide/4.5.0.202105191637/eclipse/arm-gcc-49/bin/../lib/gcc/arm-none-eabi/4.9.3/armv7e-m/softfp\libgcc.a
LOAD c:/infineon/tools/dave ide/4.5.0.202105191637/eclipse/arm-gcc-49/bin/../lib/gcc/arm-none-eabi/4.9.3/../../../../arm-none-eabi/lib/armv7e-m/softfp\libg_nano.a
LOAD c:/infineon/tools/dave ide/4.5.0.202105191637/eclipse/arm-gcc-49/bin/../lib/gcc/arm-none-eabi/4.9.3/../../../../arm-none-eabi/lib/armv7e-m/softfp\libc_nano.a
END GROUP
START GROUP
LOAD c:/infineon/tools/dave ide/4.5.0.202105191637/eclipse/arm-gcc-49/bin/../lib/gcc/arm-none-eabi/4.9.3/armv7e-m/softfp\libgcc.a
LOAD c:/infineon/tools/dave ide/4.5.0.202105191637/eclipse/arm-gcc-49/bin/../lib/gcc/arm-none-eabi/4.9.3/../../../../arm-none-eabi/lib/armv7e-m/softfp\libc_nano.a
LOAD c:/infineon/tools/dave ide/4.5.0.202105191637/eclipse/arm-gcc-49/bin/../lib/gcc/arm-none-eabi/4.9.3/../../../../arm-none-eabi/lib/armv7e-m/softfp\libnosys.a
END GROUP
START GROUP
LOAD c:/infineon/tools/dave ide/4.5.0.202105191637/eclipse/arm-gcc-49/bin/../lib/gcc/arm-none-eabi/4.9.3/armv7e-m/softfp\libgcc.a
LOAD c:/infineon/tools/dave ide/4.5.0.202105191637/eclipse/arm-gcc-49/bin/../lib/gcc/arm-none-eabi/4.9.3/../../../../arm-none-eabi/lib/armv7e-m/softfp\libc_nano.a
LOAD c:/infineon/tools/dave ide/4.5.0.202105191637/eclipse/arm-gcc-49/bin/../lib/gcc/arm-none-eabi/4.9.3/../../../../arm-none-eabi/lib/armv7e-m/softfp\libnosys.a
END GROUP
                0x00000800                stack_size = DEFINED (stack_size)?stack_size:0x800
                0x00000040                no_init_size = 0x40

.reset          0x08000000      0x300 load address 0x0c000000
 *(.reset)
 .reset         0x08000000      0x29c ./Startup/startup_XMC4300.o
                0x08000000                __Vectors
                0x08000200                Reset_Handler
                0x08000298                DebugMon_Handler
                0x08000298                VADC0_C0_0_IRQHandler
                0x08000298                CAN0_4_IRQHandler
                0x08000298                HardFault_Handler
                0x08000298                VADC0_G1_1_IRQHandler
                0x08000298                SysTick_Handler
                0x08000298                PendSV_Handler
                0x08000298                NMI_Handler
                0x08000298                USIC1_3_IRQHandler
                0x08000298                CCU40_2_IRQHandler
                0x08000298                SCU_0_IRQHandler
                0x08000298                ERU0_0_IRQHandler
                0x08000298                CCU41_0_IRQHandler
                0x08000298                USIC1_5_IRQHandler
                0x08000298                CCU80_1_IRQHandler
                0x08000298                UsageFault_Handler
                0x08000298                USIC0_0_IRQHandler
                0x08000298                ERU0_2_IRQHandler
                0x08000298                ERU1_1_IRQHandler
                0x08000298                ERU0_3_IRQHandler
                0x08000298                VADC0_C0_3_IRQHandler
                0x08000298                CAN0_6_IRQHandler
                0x08000298                VADC0_G0_1_IRQHandler
                0x08000298                USIC1_1_IRQHandler
                0x08000298                CCU40_0_IRQHandler
                0x08000298                CAN0_0_IRQHandler
                0x08000298                Default_Handler
                0x08000298                USIC1_4_IRQHandler
                0x08000298                USIC1_0_IRQHandler
                0x08000298                VADC0_G0_0_IRQHandler
                0x08000298                CCU80_3_IRQHandler
                0x08000298                CCU41_3_IRQHandler
                0x08000298                CCU80_2_IRQHandler
                0x08000298                VADC0_G1_3_IRQHandler
                0x08000298                VADC0_G0_3_IRQHandler
                0x08000298                GPDMA0_0_IRQHandler
                0x08000298                PMU0_0_IRQHandler
                0x08000298                CAN0_7_IRQHandler
                0x08000298                CCU41_2_IRQHandler
                0x08000298                VADC0_C0_1_IRQHandler
                0x08000298                MemManage_Handler
                0x08000298                DAC0_0_IRQHandler
                0x08000298                SVC_Handler
                0x08000298                ERU1_2_IRQHandler
                0x08000298                VADC0_G1_2_IRQHandler
                0x08000298                CAN0_2_IRQHandler
                0x08000298                VADC0_G0_2_IRQHandler
                0x08000298                CAN0_3_IRQHandler
                0x08000298                ETH0_0_IRQHandler
                0x08000298                VADC0_C0_2_IRQHandler
                0x08000298                FCE0_0_IRQHandler
                0x08000298                VADC0_G1_0_IRQHandler
                0x08000298                USB0_0_IRQHandler
                0x08000298                CAN0_5_IRQHandler
                0x08000298                CCU80_0_IRQHandler
                0x08000298                CCU40_1_IRQHandler
                0x08000298                USIC0_1_IRQHandler
                0x08000298                CCU40_3_IRQHandler
                0x08000298                BusFault_Handler
                0x08000298                LEDTS0_0_IRQHandler
                0x08000298                USIC0_4_IRQHandler
                0x08000298                ERU0_1_IRQHandler
                0x08000298                USIC1_2_IRQHandler
                0x08000298                SDMMC0_0_IRQHandler
                0x08000298                CAN0_1_IRQHandler
                0x08000298                USIC0_2_IRQHandler
                0x08000298                DAC0_1_IRQHandler
                0x08000300                . = ALIGN (0x100)
 *fill*         0x0800029c       0x64 ff

.text           0x08020000     0xb964 load address 0x0c020000
                0x08020000                sText = .
 *(.text .text.* .gnu.linkonce.t.*)
 .text.SystemInit
                0x08020000       0x20 ./Startup/system_XMC4300.o
                0x08020000                SystemInit
 .text.SystemCoreClockUpdate
                0x08020020       0xd4 ./Startup/system_XMC4300.o
                0x08020020                SystemCoreClockUpdate
 .text.APPL_AckErrorInd
                0x080200f4       0x14 ./SSC/Src/XMC_ESC.o
                0x080200f4                APPL_AckErrorInd
 .text.APPL_StartMailboxHandler
                0x08020108       0x10 ./SSC/Src/XMC_ESC.o
                0x08020108                APPL_StartMailboxHandler
 .text.APPL_StopMailboxHandler
                0x08020118       0x10 ./SSC/Src/XMC_ESC.o
                0x08020118                APPL_StopMailboxHandler
 .text.APPL_StartInputHandler
                0x08020128       0x18 ./SSC/Src/XMC_ESC.o
                0x08020128                APPL_StartInputHandler
 .text.APPL_StopInputHandler
                0x08020140       0x10 ./SSC/Src/XMC_ESC.o
                0x08020140                APPL_StopInputHandler
 .text.APPL_StartOutputHandler
                0x08020150       0x10 ./SSC/Src/XMC_ESC.o
                0x08020150                APPL_StartOutputHandler
 .text.APPL_StopOutputHandler
                0x08020160       0x10 ./SSC/Src/XMC_ESC.o
                0x08020160                APPL_StopOutputHandler
 .text.APPL_GenerateMapping
                0x08020170      0x174 ./SSC/Src/XMC_ESC.o
                0x08020170                APPL_GenerateMapping
 .text.APPL_InputMapping
                0x080202e4       0x1c ./SSC/Src/XMC_ESC.o
                0x080202e4                APPL_InputMapping
 .text.APPL_OutputMapping
                0x08020300       0x1c ./SSC/Src/XMC_ESC.o
                0x08020300                APPL_OutputMapping
 .text.APPL_Application
                0x0802031c       0x18 ./SSC/Src/XMC_ESC.o
                0x0802031c                APPL_Application
 .text.HW_EscRead
                0x08020334       0x2c ./SSC/Src/coeappl.o
 .text.Read0x10F8
                0x08020360       0x5c ./SSC/Src/coeappl.o
                0x08020360                Read0x10F8
 .text.COE_SyncTimeStamp
                0x080203bc       0x9c ./SSC/Src/coeappl.o
                0x080203bc                COE_SyncTimeStamp
 .text.COE_GetObjectDictionary
                0x08020458       0x18 ./SSC/Src/coeappl.o
                0x08020458                COE_GetObjectDictionary
 .text.COE_UpdateSyncErrorStatus
                0x08020470       0x64 ./SSC/Src/coeappl.o
                0x08020470                COE_UpdateSyncErrorStatus
 .text.COE_ObjInit
                0x080204d4      0x158 ./SSC/Src/coeappl.o
                0x080204d4                COE_ObjInit
 .text.COE_AddObjectToDic
                0x0802062c       0xe8 ./SSC/Src/coeappl.o
                0x0802062c                COE_AddObjectToDic
 .text.COE_RemoveDicEntry
                0x08020714       0x80 ./SSC/Src/coeappl.o
                0x08020714                COE_RemoveDicEntry
 .text.COE_ClearObjDictionary
                0x08020794       0x3c ./SSC/Src/coeappl.o
                0x08020794                COE_ClearObjDictionary
 .text.AddObjectsToObjDictionary
                0x080207d0       0x44 ./SSC/Src/coeappl.o
                0x080207d0                AddObjectsToObjDictionary
 .text.COE_ObjDictionaryInit
                0x08020814       0x44 ./SSC/Src/coeappl.o
                0x08020814                COE_ObjDictionaryInit
 .text.COE_Main
                0x08020858       0xe8 ./SSC/Src/coeappl.o
                0x08020858                COE_Main
 .text.XMC_ECAT_GetALEventRegister
                0x08020940       0x1c ./SSC/Src/ecatappl.o
 .text.HW_EscRead
                0x0802095c       0x2c ./SSC/Src/ecatappl.o
 .text.HW_EscReadIsr
                0x08020988       0x24 ./SSC/Src/ecatappl.o
 .text.HW_EscWrite
                0x080209ac       0x2c ./SSC/Src/ecatappl.o
 .text.HW_EscWriteIsr
                0x080209d8       0x24 ./SSC/Src/ecatappl.o
 .text.HW_GetALEventRegister
                0x080209fc       0x10 ./SSC/Src/ecatappl.o
 .text.HW_GetALEventRegister_Isr
                0x08020a0c       0x10 ./SSC/Src/ecatappl.o
 .text.PDO_InputMapping
                0x08020a1c       0x94 ./SSC/Src/ecatappl.o
                0x08020a1c                PDO_InputMapping
 .text.PDO_OutputMapping
                0x08020ab0       0xb0 ./SSC/Src/ecatappl.o
                0x08020ab0                PDO_OutputMapping
 .text.ECAT_CheckTimer
                0x08020b60       0xf8 ./SSC/Src/ecatappl.o
                0x08020b60                ECAT_CheckTimer
 .text.HandleCycleTimeMeasurement
                0x08020c58       0x80 ./SSC/Src/ecatappl.o
                0x08020c58                HandleCycleTimeMeasurement
 .text.GetSystemTimeDelay
                0x08020cd8       0x70 ./SSC/Src/ecatappl.o
                0x08020cd8                GetSystemTimeDelay
 .text.PDI_Isr  0x08020d48      0x150 ./SSC/Src/ecatappl.o
                0x08020d48                PDI_Isr
 .text.Sync0_Isr
                0x08020e98      0x158 ./SSC/Src/ecatappl.o
                0x08020e98                Sync0_Isr
 .text.Sync1_Isr
                0x08020ff0       0x44 ./SSC/Src/ecatappl.o
                0x08020ff0                Sync1_Isr
 .text.MainInit
                0x08021034      0x120 ./SSC/Src/ecatappl.o
                0x08021034                MainInit
 .text.MainLoop
                0x08021154       0xf8 ./SSC/Src/ecatappl.o
                0x08021154                MainLoop
 .text.ECAT_Application
                0x0802124c       0x3c ./SSC/Src/ecatappl.o
                0x0802124c                ECAT_Application
 .text.EEPROM_CommandHandler
                0x08021288      0x270 ./SSC/Src/ecatappl.o
                0x08021288                EEPROM_CommandHandler
 .text.COE_Init
                0x080214f8       0x20 ./SSC/Src/ecatcoe.o
                0x080214f8                COE_Init
 .text.COE_ServiceInd
                0x08021518       0x70 ./SSC/Src/ecatcoe.o
                0x08021518                COE_ServiceInd
 .text.COE_ContinueInd
                0x08021588       0x5c ./SSC/Src/ecatcoe.o
                0x08021588                COE_ContinueInd
 .text.XMC_ECAT_GetALEventRegister
                0x080215e4       0x1c ./SSC/Src/ecatslv.o
 .text.HW_EscRead
                0x08021600       0x2c ./SSC/Src/ecatslv.o
 .text.HW_GetALEventRegister
                0x0802162c       0x10 ./SSC/Src/ecatslv.o
 .text.ResetALEventMask
                0x0802163c       0x30 ./SSC/Src/ecatslv.o
                0x0802163c                ResetALEventMask
 .text.SetALEventMask
                0x0802166c       0x30 ./SSC/Src/ecatslv.o
                0x0802166c                SetALEventMask
 .text.UpdateEEPROMLoadedState
                0x0802169c       0x44 ./SSC/Src/ecatslv.o
                0x0802169c                UpdateEEPROMLoadedState
 .text.GetSyncMan
                0x080216e0       0x30 ./SSC/Src/ecatslv.o
                0x080216e0                GetSyncMan
 .text.DisableSyncManChannel
                0x08021710       0x54 ./SSC/Src/ecatslv.o
                0x08021710                DisableSyncManChannel
 .text.EnableSyncManChannel
                0x08021764       0x54 ./SSC/Src/ecatslv.o
                0x08021764                EnableSyncManChannel
 .text.CheckSmSettings
                0x080217b8      0x3bc ./SSC/Src/ecatslv.o
                0x080217b8                CheckSmSettings
 .text.StartInputHandler
                0x08021b74      0x798 ./SSC/Src/ecatslv.o
                0x08021b74                StartInputHandler
 .text.StartOutputHandler
                0x0802230c       0x74 ./SSC/Src/ecatslv.o
                0x0802230c                StartOutputHandler
 .text.StopOutputHandler
                0x08022380       0x20 ./SSC/Src/ecatslv.o
                0x08022380                StopOutputHandler
 .text.StopInputHandler
                0x080223a0      0x12c ./SSC/Src/ecatslv.o
                0x080223a0                StopInputHandler
 .text.BackToInitTransition
                0x080224cc       0x18 ./SSC/Src/ecatslv.o
                0x080224cc                BackToInitTransition
 .text.SetALStatus
                0x080224e4       0xc8 ./SSC/Src/ecatslv.o
                0x080224e4                SetALStatus
 .text.AL_ControlInd
                0x080225ac      0x6cc ./SSC/Src/ecatslv.o
                0x080225ac                AL_ControlInd
 .text.AL_ControlRes
                0x08022c78      0x2cc ./SSC/Src/ecatslv.o
                0x08022c78                AL_ControlRes
 .text.DC_CheckWatchdog
                0x08022f44      0x11c ./SSC/Src/ecatslv.o
                0x08022f44                DC_CheckWatchdog
 .text.CheckIfEcatError
                0x08023060       0xa8 ./SSC/Src/ecatslv.o
                0x08023060                CheckIfEcatError
 .text.ECAT_Init
                0x08023108      0x150 ./SSC/Src/ecatslv.o
                0x08023108                ECAT_Init
 .text.ECAT_Main
                0x08023258      0x198 ./SSC/Src/ecatslv.o
                0x08023258                ECAT_Main
 .text.HW_EscRead
                0x080233f0       0x2c ./SSC/Src/mailbox.o
 .text.HW_EscReadMbxMem
                0x0802341c       0x24 ./SSC/Src/mailbox.o
 .text.HW_EscWrite
                0x08023440       0x2c ./SSC/Src/mailbox.o
 .text.HW_EscWriteMbxMem
                0x0802346c       0x24 ./SSC/Src/mailbox.o
 .text.PutInMbxQueue
                0x08023490       0x54 ./SSC/Src/mailbox.o
                0x08023490                PutInMbxQueue
 .text.GetOutOfMbxQueue
                0x080234e4       0x5c ./SSC/Src/mailbox.o
                0x080234e4                GetOutOfMbxQueue
 .text.MBX_Init
                0x08023540       0xf4 ./SSC/Src/mailbox.o
                0x08023540                MBX_Init
 .text.MBX_StartMailboxHandler
                0x08023634      0x100 ./SSC/Src/mailbox.o
                0x08023634                MBX_StartMailboxHandler
 .text.MBX_StopMailboxHandler
                0x08023734      0x13c ./SSC/Src/mailbox.o
                0x08023734                MBX_StopMailboxHandler
 .text.MailboxServiceInd
                0x08023870       0x30 ./SSC/Src/mailbox.o
                0x08023870                MailboxServiceInd
 .text.MBX_MailboxWriteInd
                0x080238a0       0xb8 ./SSC/Src/mailbox.o
                0x080238a0                MBX_MailboxWriteInd
 .text.MBX_MailboxReadInd
                0x08023958       0xd0 ./SSC/Src/mailbox.o
                0x08023958                MBX_MailboxReadInd
 .text.MBX_MailboxRepeatReq
                0x08023a28       0x84 ./SSC/Src/mailbox.o
                0x08023a28                MBX_MailboxRepeatReq
 .text.MBX_MailboxSendReq
                0x08023aac       0xd4 ./SSC/Src/mailbox.o
                0x08023aac                MBX_MailboxSendReq
 .text.MBX_CheckAndCopyMailbox
                0x08023b80      0x148 ./SSC/Src/mailbox.o
                0x08023b80                MBX_CheckAndCopyMailbox
 .text.MBX_CopyToSendMailbox
                0x08023cc8       0xd4 ./SSC/Src/mailbox.o
                0x08023cc8                MBX_CopyToSendMailbox
 .text.MBX_Main
                0x08023d9c       0x78 ./SSC/Src/mailbox.o
                0x08023d9c                MBX_Main
 .text.OBJ_GetObjectHandle
                0x08023e14       0x38 ./SSC/Src/objdef.o
                0x08023e14                OBJ_GetObjectHandle
 .text.OBJ_GetObjectLength
                0x08023e4c      0x118 ./SSC/Src/objdef.o
                0x08023e4c                OBJ_GetObjectLength
 .text.OBJ_CopyNumberToString
                0x08023f64       0x94 ./SSC/Src/objdef.o
                0x08023f64                OBJ_CopyNumberToString
 .text.OBJ_GetNoOfObjects
                0x08023ff8       0x98 ./SSC/Src/objdef.o
                0x08023ff8                OBJ_GetNoOfObjects
 .text.OBJ_GetObjectList
                0x08024090       0xf8 ./SSC/Src/objdef.o
                0x08024090                OBJ_GetObjectList
 .text.OBJ_GetDesc
                0x08024188      0x120 ./SSC/Src/objdef.o
                0x08024188                OBJ_GetDesc
 .text.OBJ_GetEntryDesc
                0x080242a8       0x58 ./SSC/Src/objdef.o
                0x080242a8                OBJ_GetEntryDesc
 .text.OBJ_GetObjDesc
                0x08024300       0x18 ./SSC/Src/objdef.o
                0x08024300                OBJ_GetObjDesc
 .text.OBJ_GetEntryOffset
                0x08024318      0x164 ./SSC/Src/objdef.o
                0x08024318                OBJ_GetEntryOffset
 .text.CheckSyncTypeValue
                0x0802447c      0x1ac ./SSC/Src/objdef.o
                0x0802447c                CheckSyncTypeValue
 .text.OBJ_Read
                0x08024628      0x5b0 ./SSC/Src/objdef.o
                0x08024628                OBJ_Read
 .text.OBJ_Write
                0x08024bd8      0x6d0 ./SSC/Src/objdef.o
                0x08024bd8                OBJ_Write
 .text.SdoDownloadSegmentInd
                0x080252a8      0x284 ./SSC/Src/sdoserv.o
 .text.SdoUploadSegmentInd
                0x0802552c      0x168 ./SSC/Src/sdoserv.o
 .text.SdoRes   0x08025694      0x170 ./SSC/Src/sdoserv.o
                0x08025694                SdoRes
 .text.SDOS_SdoInd
                0x08025804      0x5d0 ./SSC/Src/sdoserv.o
                0x08025804                SDOS_SdoInd
 .text.SDOS_SdoRes
                0x08025dd4      0x124 ./SSC/Src/sdoserv.o
                0x08025dd4                SDOS_SdoRes
 .text.SODS_ClearPendingResponse
                0x08025ef8       0xcc ./SSC/Src/sdoserv.o
                0x08025ef8                SODS_ClearPendingResponse
 .text.SDOS_SdoInfoInd
                0x08025fc4      0x3fc ./SSC/Src/sdoserv.o
                0x08025fc4                SDOS_SdoInfoInd
 .text.XMC_ERU_Enable
                0x080263c0       0x2c ./Libraries/XMCLib/src/xmc4_eru.o
                0x080263c0                XMC_ERU_Enable
 .text.XMC_FLASH_lEnterPageModeCommand
                0x080263ec       0x20 ./Libraries/XMCLib/src/xmc4_flash.o
                0x080263ec                XMC_FLASH_lEnterPageModeCommand
 .text.XMC_FLASH_lLoadPageCommand
                0x0802640c       0x30 ./Libraries/XMCLib/src/xmc4_flash.o
                0x0802640c                XMC_FLASH_lLoadPageCommand
 .text.XMC_FLASH_lWritePageCommand
                0x0802643c       0x44 ./Libraries/XMCLib/src/xmc4_flash.o
                0x0802643c                XMC_FLASH_lWritePageCommand
 .text.XMC_FLASH_lEraseSectorCommand
                0x08026480       0x58 ./Libraries/XMCLib/src/xmc4_flash.o
                0x08026480                XMC_FLASH_lEraseSectorCommand
 .text.XMC_FLASH_lClearStatusCommand
                0x080264d8       0x20 ./Libraries/XMCLib/src/xmc4_flash.o
                0x080264d8                XMC_FLASH_lClearStatusCommand
 .text.XMC_FLASH_ClearStatus
                0x080264f8        0xc ./Libraries/XMCLib/src/xmc4_flash.o
                0x080264f8                XMC_FLASH_ClearStatus
 .text.XMC_FLASH_GetStatus
                0x08026504       0x1c ./Libraries/XMCLib/src/xmc4_flash.o
                0x08026504                XMC_FLASH_GetStatus
 .text.XMC_FLASH_ProgramPage
                0x08026520       0x68 ./Libraries/XMCLib/src/xmc4_flash.o
                0x08026520                XMC_FLASH_ProgramPage
 .text.XMC_FLASH_EraseSector
                0x08026588       0x30 ./Libraries/XMCLib/src/xmc4_flash.o
                0x08026588                XMC_FLASH_EraseSector
 .text.XMC_GPIO_Init
                0x080265b8      0x14c ./Libraries/XMCLib/src/xmc4_gpio.o
                0x080265b8                XMC_GPIO_Init
 .text.XMC_SCU_CLOCK_GetCpuClockFrequency
                0x08026704       0x18 ./Libraries/XMCLib/src/xmc4_scu.o
 .text.XMC_SCU_GetMirrorStatus
                0x0802671c       0x18 ./Libraries/XMCLib/src/xmc4_scu.o
 .text.XMC_SCU_lDelay
                0x08026734       0x44 ./Libraries/XMCLib/src/xmc4_scu.o
 .text.XMC_SCU_INTERUPT_GetEventStatus
                0x08026778       0x18 ./Libraries/XMCLib/src/xmc4_scu.o
                0x08026778                XMC_SCU_INTERUPT_GetEventStatus
 .text.XMC_SCU_INTERRUPT_ClearEventStatus
                0x08026790       0x1c ./Libraries/XMCLib/src/xmc4_scu.o
                0x08026790                XMC_SCU_INTERRUPT_ClearEventStatus
 .text.XMC_SCU_CLOCK_Init
                0x080267ac       0xf8 ./Libraries/XMCLib/src/xmc4_scu.o
                0x080267ac                XMC_SCU_CLOCK_Init
 .text.XMC_SCU_INTERRUPT_EnableNmiRequest
                0x080268a4       0x24 ./Libraries/XMCLib/src/xmc4_scu.o
                0x080268a4                XMC_SCU_INTERRUPT_EnableNmiRequest
 .text.XMC_SCU_RESET_DeassertPeripheralReset
                0x080268c8       0x38 ./Libraries/XMCLib/src/xmc4_scu.o
                0x080268c8                XMC_SCU_RESET_DeassertPeripheralReset
 .text.XMC_SCU_RESET_IsPeripheralResetAsserted
                0x08026900       0x48 ./Libraries/XMCLib/src/xmc4_scu.o
                0x08026900                XMC_SCU_RESET_IsPeripheralResetAsserted
 .text.XMC_SCU_CLOCK_GetPeripheralClockFrequency
                0x08026948       0x20 ./Libraries/XMCLib/src/xmc4_scu.o
                0x08026948                XMC_SCU_CLOCK_GetPeripheralClockFrequency
 .text.XMC_SCU_CLOCK_SetSystemClockSource
                0x08026968       0x28 ./Libraries/XMCLib/src/xmc4_scu.o
                0x08026968                XMC_SCU_CLOCK_SetSystemClockSource
 .text.XMC_SCU_CLOCK_SetUsbClockSource
                0x08026990       0x28 ./Libraries/XMCLib/src/xmc4_scu.o
                0x08026990                XMC_SCU_CLOCK_SetUsbClockSource
 .text.XMC_SCU_CLOCK_SetWdtClockSource
                0x080269b8       0x28 ./Libraries/XMCLib/src/xmc4_scu.o
                0x080269b8                XMC_SCU_CLOCK_SetWdtClockSource
 .text.XMC_SCU_CLOCK_SetSystemPllClockSource
                0x080269e0       0x40 ./Libraries/XMCLib/src/xmc4_scu.o
                0x080269e0                XMC_SCU_CLOCK_SetSystemPllClockSource
 .text.XMC_SCU_HIB_SetRtcClockSource
                0x08026a20       0x3c ./Libraries/XMCLib/src/xmc4_scu.o
                0x08026a20                XMC_SCU_HIB_SetRtcClockSource
 .text.XMC_SCU_HIB_SetStandbyClockSource
                0x08026a5c       0x3c ./Libraries/XMCLib/src/xmc4_scu.o
                0x08026a5c                XMC_SCU_HIB_SetStandbyClockSource
 .text.XMC_SCU_CLOCK_SetSystemClockDivider
                0x08026a98       0x28 ./Libraries/XMCLib/src/xmc4_scu.o
                0x08026a98                XMC_SCU_CLOCK_SetSystemClockDivider
 .text.XMC_SCU_CLOCK_SetCcuClockDivider
                0x08026ac0       0x28 ./Libraries/XMCLib/src/xmc4_scu.o
                0x08026ac0                XMC_SCU_CLOCK_SetCcuClockDivider
 .text.XMC_SCU_CLOCK_SetCpuClockDivider
                0x08026ae8       0x28 ./Libraries/XMCLib/src/xmc4_scu.o
                0x08026ae8                XMC_SCU_CLOCK_SetCpuClockDivider
 .text.XMC_SCU_CLOCK_SetPeripheralClockDivider
                0x08026b10       0x28 ./Libraries/XMCLib/src/xmc4_scu.o
                0x08026b10                XMC_SCU_CLOCK_SetPeripheralClockDivider
 .text.XMC_SCU_CLOCK_SetUsbClockDivider
                0x08026b38       0x28 ./Libraries/XMCLib/src/xmc4_scu.o
                0x08026b38                XMC_SCU_CLOCK_SetUsbClockDivider
 .text.XMC_SCU_CLOCK_SetWdtClockDivider
                0x08026b60       0x28 ./Libraries/XMCLib/src/xmc4_scu.o
                0x08026b60                XMC_SCU_CLOCK_SetWdtClockDivider
 .text.XMC_SCU_CLOCK_SetECATClockDivider
                0x08026b88       0x28 ./Libraries/XMCLib/src/xmc4_scu.o
                0x08026b88                XMC_SCU_CLOCK_SetECATClockDivider
 .text.XMC_SCU_CLOCK_EnableClock
                0x08026bb0       0x20 ./Libraries/XMCLib/src/xmc4_scu.o
                0x08026bb0                XMC_SCU_CLOCK_EnableClock
 .text.XMC_SCU_CLOCK_UngatePeripheralClock
                0x08026bd0       0x38 ./Libraries/XMCLib/src/xmc4_scu.o
                0x08026bd0                XMC_SCU_CLOCK_UngatePeripheralClock
 .text.XMC_SCU_CLOCK_IsPeripheralClockGated
                0x08026c08       0x48 ./Libraries/XMCLib/src/xmc4_scu.o
                0x08026c08                XMC_SCU_CLOCK_IsPeripheralClockGated
 .text.XMC_SCU_CLOCK_EnableUsbPll
                0x08026c50       0x20 ./Libraries/XMCLib/src/xmc4_scu.o
                0x08026c50                XMC_SCU_CLOCK_EnableUsbPll
 .text.XMC_SCU_CLOCK_StartUsbPll
                0x08026c70       0xb4 ./Libraries/XMCLib/src/xmc4_scu.o
                0x08026c70                XMC_SCU_CLOCK_StartUsbPll
 .text.XMC_SCU_CLOCK_SetBackupClockCalibrationMode
                0x08026d24       0x4c ./Libraries/XMCLib/src/xmc4_scu.o
                0x08026d24                XMC_SCU_CLOCK_SetBackupClockCalibrationMode
 .text.XMC_SCU_HIB_EnableHibernateDomain
                0x08026d70       0x58 ./Libraries/XMCLib/src/xmc4_scu.o
                0x08026d70                XMC_SCU_HIB_EnableHibernateDomain
 .text.XMC_SCU_CLOCK_IsLowPowerOscillatorStable
                0x08026dc8       0x24 ./Libraries/XMCLib/src/xmc4_scu.o
                0x08026dc8                XMC_SCU_CLOCK_IsLowPowerOscillatorStable
 .text.XMC_SCU_CLOCK_EnableLowPowerOscillator
                0x08026dec       0x70 ./Libraries/XMCLib/src/xmc4_scu.o
                0x08026dec                XMC_SCU_CLOCK_EnableLowPowerOscillator
 .text.XMC_SCU_CLOCK_EnableHighPerformanceOscillator
                0x08026e5c       0x50 ./Libraries/XMCLib/src/xmc4_scu.o
                0x08026e5c                XMC_SCU_CLOCK_EnableHighPerformanceOscillator
 .text.XMC_SCU_CLOCK_IsHighPerformanceOscillatorStable
                0x08026eac       0x28 ./Libraries/XMCLib/src/xmc4_scu.o
                0x08026eac                XMC_SCU_CLOCK_IsHighPerformanceOscillatorStable
 .text.XMC_SCU_CLOCK_EnableSystemPll
                0x08026ed4       0x20 ./Libraries/XMCLib/src/xmc4_scu.o
                0x08026ed4                XMC_SCU_CLOCK_EnableSystemPll
 .text.XMC_SCU_CLOCK_DisableSystemPll
                0x08026ef4       0x20 ./Libraries/XMCLib/src/xmc4_scu.o
                0x08026ef4                XMC_SCU_CLOCK_DisableSystemPll
 .text.XMC_SCU_CLOCK_StartSystemPll
                0x08026f14      0x19c ./Libraries/XMCLib/src/xmc4_scu.o
                0x08026f14                XMC_SCU_CLOCK_StartSystemPll
 .text.XMC_SCU_CLOCK_StepSystemPllFrequency
                0x080270b0       0x3c ./Libraries/XMCLib/src/xmc4_scu.o
                0x080270b0                XMC_SCU_CLOCK_StepSystemPllFrequency
 .text.XMC_CCU4_StartPrescaler
                0x080270ec       0x1c ./Libraries/XMCLib/src/xmc_ccu4.o
 .text.XMC_CCU4_lDeassertReset
                0x08027108       0x34 ./Libraries/XMCLib/src/xmc_ccu4.o
 .text.XMC_CCU4_lUngateClock
                0x0802713c       0x34 ./Libraries/XMCLib/src/xmc_ccu4.o
 .text.XMC_CCU4_EnableModule
                0x08027170       0x20 ./Libraries/XMCLib/src/xmc_ccu4.o
                0x08027170                XMC_CCU4_EnableModule
 .text.XMC_CCU4_Init
                0x08027190       0x3c ./Libraries/XMCLib/src/xmc_ccu4.o
                0x08027190                XMC_CCU4_Init
 .text.XMC_CCU4_SLICE_CompareInit
                0x080271cc       0x6c ./Libraries/XMCLib/src/xmc_ccu4.o
                0x080271cc                XMC_CCU4_SLICE_CompareInit
 .text.XMC_CCU4_SLICE_SetInterruptNode
                0x08027238       0xc8 ./Libraries/XMCLib/src/xmc_ccu4.o
                0x08027238                XMC_CCU4_SLICE_SetInterruptNode
 .text.XMC_CCU8_StartPrescaler
                0x08027300       0x1c ./Libraries/XMCLib/src/xmc_ccu8.o
 .text.XMC_CCU8_SLICE_StopTimer
                0x0802731c       0x18 ./Libraries/XMCLib/src/xmc_ccu8.o
 .text.XMC_CCU8_lDeassertReset
                0x08027334       0x20 ./Libraries/XMCLib/src/xmc_ccu8.o
 .text.XMC_CCU8_lUngateClock
                0x08027354       0x20 ./Libraries/XMCLib/src/xmc_ccu8.o
 .text.XMC_CCU8_EnableModule
                0x08027374       0x20 ./Libraries/XMCLib/src/xmc_ccu8.o
                0x08027374                XMC_CCU8_EnableModule
 .text.XMC_CCU8_Init
                0x08027394       0x3c ./Libraries/XMCLib/src/xmc_ccu8.o
                0x08027394                XMC_CCU8_Init
 .text.XMC_CCU8_SLICE_CompareInit
                0x080273d0       0x74 ./Libraries/XMCLib/src/xmc_ccu8.o
                0x080273d0                XMC_CCU8_SLICE_CompareInit
 .text.XMC_CCU8_SetMultiChannelShadowTransferMode
                0x08027444       0x38 ./Libraries/XMCLib/src/xmc_ccu8.o
                0x08027444                XMC_CCU8_SetMultiChannelShadowTransferMode
 .text.XMC_CCU8_SLICE_StartConfig
                0x0802747c       0x5c ./Libraries/XMCLib/src/xmc_ccu8.o
                0x0802747c                XMC_CCU8_SLICE_StartConfig
 .text.XMC_CCU8_SLICE_StopConfig
                0x080274d8       0x58 ./Libraries/XMCLib/src/xmc_ccu8.o
                0x080274d8                XMC_CCU8_SLICE_StopConfig
 .text.XMC_CCU8_SLICE_LoadConfig
                0x08027530       0x34 ./Libraries/XMCLib/src/xmc_ccu8.o
                0x08027530                XMC_CCU8_SLICE_LoadConfig
 .text.XMC_CCU8_SLICE_LoadSelector
                0x08027564       0x34 ./Libraries/XMCLib/src/xmc_ccu8.o
                0x08027564                XMC_CCU8_SLICE_LoadSelector
 .text.XMC_CCU8_SLICE_ModulationConfig
                0x08027598       0x90 ./Libraries/XMCLib/src/xmc_ccu8.o
                0x08027598                XMC_CCU8_SLICE_ModulationConfig
 .text.XMC_CCU8_SLICE_CountConfig
                0x08027628       0x34 ./Libraries/XMCLib/src/xmc_ccu8.o
                0x08027628                XMC_CCU8_SLICE_CountConfig
 .text.XMC_CCU8_SLICE_GateConfig
                0x0802765c       0x34 ./Libraries/XMCLib/src/xmc_ccu8.o
                0x0802765c                XMC_CCU8_SLICE_GateConfig
 .text.XMC_CCU8_SLICE_DirectionConfig
                0x08027690       0x34 ./Libraries/XMCLib/src/xmc_ccu8.o
                0x08027690                XMC_CCU8_SLICE_DirectionConfig
 .text.XMC_CCU8_SLICE_StatusBitOverrideConfig
                0x080276c4       0x30 ./Libraries/XMCLib/src/xmc_ccu8.o
                0x080276c4                XMC_CCU8_SLICE_StatusBitOverrideConfig
 .text.XMC_CCU8_SLICE_TrapConfig
                0x080276f4       0x74 ./Libraries/XMCLib/src/xmc_ccu8.o
                0x080276f4                XMC_CCU8_SLICE_TrapConfig
 .text.XMC_CCU8_SLICE_ConfigureStatusBitOverrideEvent
                0x08027768       0xc4 ./Libraries/XMCLib/src/xmc_ccu8.o
                0x08027768                XMC_CCU8_SLICE_ConfigureStatusBitOverrideEvent
 .text.XMC_CCU8_SLICE_ConfigureEvent
                0x0802782c       0xd4 ./Libraries/XMCLib/src/xmc_ccu8.o
                0x0802782c                XMC_CCU8_SLICE_ConfigureEvent
 .text.XMC_CCU8_SLICE_SetTimerPeriodMatch
                0x08027900       0x1c ./Libraries/XMCLib/src/xmc_ccu8.o
                0x08027900                XMC_CCU8_SLICE_SetTimerPeriodMatch
 .text.XMC_CCU8_SLICE_SetTimerCompareMatch
                0x0802791c       0x30 ./Libraries/XMCLib/src/xmc_ccu8.o
                0x0802791c                XMC_CCU8_SLICE_SetTimerCompareMatch
 .text.XMC_CCU8_SLICE_SetInterruptNode
                0x0802794c       0xd0 ./Libraries/XMCLib/src/xmc_ccu8.o
                0x0802794c                XMC_CCU8_SLICE_SetInterruptNode
 .text.XMC_CCU8_SLICE_DeadTimeInit
                0x08027a1c       0x2c ./Libraries/XMCLib/src/xmc_ccu8.o
                0x08027a1c                XMC_CCU8_SLICE_DeadTimeInit
 .text.XMC_ECAT_Enable
                0x08027a48       0x24 ./Libraries/XMCLib/src/xmc_ecat.o
                0x08027a48                XMC_ECAT_Enable
 .text.XMC_ECAT_Init
                0x08027a6c       0x78 ./Libraries/XMCLib/src/xmc_ecat.o
                0x08027a6c                XMC_ECAT_Init
 .text.XMC_ECAT_DisableEvent
                0x08027ae4       0x28 ./Libraries/XMCLib/src/xmc_ecat.o
                0x08027ae4                XMC_ECAT_DisableEvent
 .text.XMC_ECAT_DisableSyncManChannel
                0x08027b0c       0x38 ./Libraries/XMCLib/src/xmc_ecat.o
                0x08027b0c                XMC_ECAT_DisableSyncManChannel
 .text.XMC_ERU_ETL_Init
                0x08027b44       0x4c ./Libraries/XMCLib/src/xmc_eru.o
                0x08027b44                XMC_ERU_ETL_Init
 .text.XMC_ERU_OGU_Init
                0x08027b90       0x28 ./Libraries/XMCLib/src/xmc_eru.o
                0x08027b90                XMC_ERU_OGU_Init
 .text.XMC_FCE_Init
                0x08027bb8       0x2c ./Libraries/XMCLib/src/xmc_fce.o
                0x08027bb8                XMC_FCE_Init
 .text.XMC_FCE_Enable
                0x08027be4       0x28 ./Libraries/XMCLib/src/xmc_fce.o
                0x08027be4                XMC_FCE_Enable
 .text.XMC_FCE_CalculateCRC32
                0x08027c0c       0x60 ./Libraries/XMCLib/src/xmc_fce.o
                0x08027c0c                XMC_FCE_CalculateCRC32
 .text.XMC_GPIO_SetMode
                0x08027c6c       0x80 ./Libraries/XMCLib/src/xmc_gpio.o
                0x08027c6c                XMC_GPIO_SetMode
 .text.XMC_GPIO_SetHardwareControl
                0x08027cec       0x44 ./Libraries/XMCLib/src/xmc_gpio.o
                0x08027cec                XMC_GPIO_SetHardwareControl
 .text.XMC_USIC_CH_GetTransmitBufferStatus
                0x08027d30       0x20 ./Libraries/XMCLib/src/xmc_uart.o
 .text.XMC_UART_CH_ClearStatusFlag
                0x08027d50       0x1c ./Libraries/XMCLib/src/xmc_uart.o
 .text.XMC_UART_CH_InitEx
                0x08027d6c       0xd4 ./Libraries/XMCLib/src/xmc_uart.o
                0x08027d6c                XMC_UART_CH_InitEx
 .text.XMC_UART_CH_Transmit
                0x08027e40       0x4c ./Libraries/XMCLib/src/xmc_uart.o
                0x08027e40                XMC_UART_CH_Transmit
 .text.XMC_UART_CH_GetReceivedData
                0x08027e8c       0x34 ./Libraries/XMCLib/src/xmc_uart.o
                0x08027e8c                XMC_UART_CH_GetReceivedData
 .text.XMC_USIC_CH_Enable
                0x08027ec0       0x74 ./Libraries/XMCLib/src/xmc_usic.o
                0x08027ec0                XMC_USIC_CH_Enable
 .text.XMC_USIC_CH_SetBaudrate
                0x08027f34       0xe4 ./Libraries/XMCLib/src/xmc_usic.o
                0x08027f34                XMC_USIC_CH_SetBaudrate
 .text.XMC_USIC_CH_SetBaudrateEx
                0x08028018      0x100 ./Libraries/XMCLib/src/xmc_usic.o
                0x08028018                XMC_USIC_CH_SetBaudrateEx
 .text.XMC_USIC_CH_TXFIFO_Configure
                0x08028118       0x50 ./Libraries/XMCLib/src/xmc_usic.o
                0x08028118                XMC_USIC_CH_TXFIFO_Configure
 .text.XMC_USIC_CH_RXFIFO_Configure
                0x08028168       0x54 ./Libraries/XMCLib/src/xmc_usic.o
                0x08028168                XMC_USIC_CH_RXFIFO_Configure
 .text.XMC_USIC_CH_RXFIFO_SetSizeTriggerLimit
                0x080281bc       0x30 ./Libraries/XMCLib/src/xmc_usic.o
                0x080281bc                XMC_USIC_CH_RXFIFO_SetSizeTriggerLimit
 .text.XMC_USIC_CH_SetInterruptNodePointer
                0x080281ec       0x38 ./Libraries/XMCLib/src/xmc_usic.o
                0x080281ec                XMC_USIC_CH_SetInterruptNodePointer
 .text.XMC_USIC_CH_TXFIFO_SetInterruptNodePointer
                0x08028224       0x3c ./Libraries/XMCLib/src/xmc_usic.o
                0x08028224                XMC_USIC_CH_TXFIFO_SetInterruptNodePointer
 .text.XMC_USIC_CH_RXFIFO_SetInterruptNodePointer
                0x08028260       0x3c ./Libraries/XMCLib/src/xmc_usic.o
                0x08028260                XMC_USIC_CH_RXFIFO_SetInterruptNodePointer
 .text.XMC_USIC_Enable
                0x0802829c       0x84 ./Libraries/XMCLib/src/xmc_usic.o
                0x0802829c                XMC_USIC_Enable
 .text._sbrk    0x08028320       0x68 ./Libraries/Newlib/syscalls.o
                0x08028320                _sbrk
 .text._init    0x08028388        0xc ./Libraries/Newlib/syscalls.o
                0x08028388                _init
 .text.XMC_USIC_CH_EnableEvent
                0x08028394       0x20 ./Dave/Generated/UART/uart.o
 .text.XMC_USIC_CH_DisableEvent
                0x080283b4       0x24 ./Dave/Generated/UART/uart.o
 .text.XMC_USIC_CH_GetTransmitBufferStatus
                0x080283d8       0x20 ./Dave/Generated/UART/uart.o
 .text.XMC_USIC_CH_TriggerServiceRequest
                0x080283f8       0x20 ./Dave/Generated/UART/uart.o
 .text.XMC_USIC_CH_TXFIFO_EnableEvent
                0x08028418       0x24 ./Dave/Generated/UART/uart.o
 .text.XMC_USIC_CH_TXFIFO_DisableEvent
                0x0802843c       0x28 ./Dave/Generated/UART/uart.o
 .text.XMC_USIC_CH_TXFIFO_Flush
                0x08028464       0x1c ./Dave/Generated/UART/uart.o
 .text.XMC_USIC_CH_TXFIFO_IsFull
                0x08028480       0x28 ./Dave/Generated/UART/uart.o
 .text.XMC_USIC_CH_TXFIFO_IsEmpty
                0x080284a8       0x28 ./Dave/Generated/UART/uart.o
 .text.XMC_USIC_CH_RXFIFO_EnableEvent
                0x080284d0       0x24 ./Dave/Generated/UART/uart.o
 .text.XMC_USIC_CH_RXFIFO_DisableEvent
                0x080284f4       0x28 ./Dave/Generated/UART/uart.o
 .text.XMC_USIC_CH_RXFIFO_Flush
                0x0802851c       0x1c ./Dave/Generated/UART/uart.o
 .text.XMC_USIC_CH_RXFIFO_IsEmpty
                0x08028538       0x28 ./Dave/Generated/UART/uart.o
 .text.UART_Init
                0x08028560       0x24 ./Dave/Generated/UART/uart.o
                0x08028560                UART_Init
 .text.UART_Transmit
                0x08028584       0x38 ./Dave/Generated/UART/uart.o
                0x08028584                UART_Transmit
 .text.UART_Receive
                0x080285bc       0x38 ./Dave/Generated/UART/uart.o
                0x080285bc                UART_Receive
 .text.UART_StartTransmitIRQ
                0x080285f4       0xb8 ./Dave/Generated/UART/uart.o
                0x080285f4                UART_StartTransmitIRQ
 .text.UART_StartReceiveIRQ
                0x080286ac       0xac ./Dave/Generated/UART/uart.o
                0x080286ac                UART_StartReceiveIRQ
 .text.UART_lTransmitHandler
                0x08028758      0x10c ./Dave/Generated/UART/uart.o
                0x08028758                UART_lTransmitHandler
 .text.UART_lReceiveHandler
                0x08028864      0x120 ./Dave/Generated/UART/uart.o
                0x08028864                UART_lReceiveHandler
 .text.UART_lReconfigureRxFIFO
                0x08028984       0x50 ./Dave/Generated/UART/uart.o
 .text.__NVIC_GetPriorityGrouping
                0x080289d4       0x1c ./Dave/Generated/UART/uart_conf.o
 .text.__NVIC_EnableIRQ
                0x080289f0       0x38 ./Dave/Generated/UART/uart_conf.o
 .text.__NVIC_SetPriority
                0x08028a28       0x54 ./Dave/Generated/UART/uart_conf.o
 .text.NVIC_EncodePriority
                0x08028a7c       0x64 ./Dave/Generated/UART/uart_conf.o
 .text.XMC_USIC_CH_SetInputSource
                0x08028ae0       0x3c ./Dave/Generated/UART/uart_conf.o
 .text.XMC_UART_CH_Init
                0x08028b1c       0x1c ./Dave/Generated/UART/uart_conf.o
 .text.XMC_UART_CH_Start
                0x08028b38       0x24 ./Dave/Generated/UART/uart_conf.o
 .text.UART_0_init
                0x08028b5c       0xd4 ./Dave/Generated/UART/uart_conf.o
                0x08028b5c                UART_0_init
 .text.USIC0_3_IRQHandler
                0x08028c30       0x10 ./Dave/Generated/UART/uart_conf.o
                0x08028c30                USIC0_3_IRQHandler
 .text.USIC0_5_IRQHandler
                0x08028c40       0x10 ./Dave/Generated/UART/uart_conf.o
                0x08028c40                USIC0_5_IRQHandler
 .text.XMC_CCU4_EnableClock
                0x08028c50       0x20 ./Dave/Generated/TIMER/timer.o
 .text.XMC_CCU4_SLICE_StartTimer
                0x08028c70       0x18 ./Dave/Generated/TIMER/timer.o
 .text.XMC_CCU4_SLICE_ClearTimer
                0x08028c88       0x18 ./Dave/Generated/TIMER/timer.o
 .text.XMC_CCU4_SLICE_SetTimerPeriodMatch
                0x08028ca0       0x1c ./Dave/Generated/TIMER/timer.o
 .text.XMC_CCU4_SLICE_SetTimerCompareMatch
                0x08028cbc       0x1c ./Dave/Generated/TIMER/timer.o
 .text.XMC_CCU4_EnableShadowTransfer
                0x08028cd8       0x1c ./Dave/Generated/TIMER/timer.o
 .text.XMC_CCU4_SLICE_EnableEvent
                0x08028cf4       0x2c ./Dave/Generated/TIMER/timer.o
 .text.TIMER_Init
                0x08028d20       0x3c ./Dave/Generated/TIMER/timer.o
                0x08028d20                TIMER_Init
 .text.TIMER_Start
                0x08028d5c       0x3c ./Dave/Generated/TIMER/timer.o
                0x08028d5c                TIMER_Start
 .text.TIMER_CCU4_lInit
                0x08028d98       0x98 ./Dave/Generated/TIMER/timer.o
                0x08028d98                TIMER_CCU4_lInit
 .text.TIMER_CCU4_lShadowTransfer
                0x08028e30       0x3c ./Dave/Generated/TIMER/timer.o
                0x08028e30                TIMER_CCU4_lShadowTransfer
 .text.XMC_CCU8_EnableClock
                0x08028e6c       0x20 ./Dave/Generated/PWM_CCU8/pwm_ccu8.o
 .text.XMC_CCU8_SLICE_EnableTrap
                0x08028e8c       0x24 ./Dave/Generated/PWM_CCU8/pwm_ccu8.o
 .text.XMC_CCU8_SLICE_StartTimer
                0x08028eb0       0x18 ./Dave/Generated/PWM_CCU8/pwm_ccu8.o
 .text.XMC_CCU8_SLICE_GetTimerPeriodMatch
                0x08028ec8       0x1c ./Dave/Generated/PWM_CCU8/pwm_ccu8.o
 .text.XMC_CCU8_EnableShadowTransfer
                0x08028ee4       0x1c ./Dave/Generated/PWM_CCU8/pwm_ccu8.o
 .text.XMC_CCU8_SLICE_EnableEvent
                0x08028f00       0x2c ./Dave/Generated/PWM_CCU8/pwm_ccu8.o
 .text.XMC_CCU8_SLICE_SetShadowTransferMode
                0x08028f2c       0x30 ./Dave/Generated/PWM_CCU8/pwm_ccu8.o
 .text.PWM_CCU8_Init
                0x08028f5c      0x170 ./Dave/Generated/PWM_CCU8/pwm_ccu8.o
                0x08028f5c                PWM_CCU8_Init
 .text.PWM_CCU8_lInit_Interrupt
                0x080290cc      0x188 ./Dave/Generated/PWM_CCU8/pwm_ccu8.o
 .text.PWM_CCU8_lInit_GPIO
                0x08029254       0xbc ./Dave/Generated/PWM_CCU8/pwm_ccu8.o
 .text.PWM_CCU8_lConfigure_Events
                0x08029310      0x1e0 ./Dave/Generated/PWM_CCU8/pwm_ccu8.o
 .text.PWM_CCU8_Start
                0x080294f0       0x58 ./Dave/Generated/PWM_CCU8/pwm_ccu8.o
                0x080294f0                PWM_CCU8_Start
 .text.PWM_CCU8_SetDutyCycleSymmetric
                0x08029548       0x98 ./Dave/Generated/PWM_CCU8/pwm_ccu8.o
                0x08029548                PWM_CCU8_SetDutyCycleSymmetric
 .text.__NVIC_GetPriorityGrouping
                0x080295e0       0x1c ./Dave/Generated/INTERRUPT/interrupt.o
 .text.__NVIC_EnableIRQ
                0x080295fc       0x38 ./Dave/Generated/INTERRUPT/interrupt.o
 .text.__NVIC_SetPriority
                0x08029634       0x54 ./Dave/Generated/INTERRUPT/interrupt.o
 .text.NVIC_EncodePriority
                0x08029688       0x64 ./Dave/Generated/INTERRUPT/interrupt.o
 .text.INTERRUPT_Enable
                0x080296ec       0x1c ./Dave/Generated/INTERRUPT/interrupt.o
 .text.INTERRUPT_Init
                0x08029708       0x4c ./Dave/Generated/INTERRUPT/interrupt.o
                0x08029708                INTERRUPT_Init
 .text.XMC_CCU8_StartPrescaler
                0x08029754       0x1c ./Dave/Generated/GLOBAL_CCU8/global_ccu8.o
 .text.GLOBAL_CCU8_Init
                0x08029770       0x40 ./Dave/Generated/GLOBAL_CCU8/global_ccu8.o
                0x08029770                GLOBAL_CCU8_Init
 .text.XMC_CCU4_StartPrescaler
                0x080297b0       0x1c ./Dave/Generated/GLOBAL_CCU4/global_ccu4.o
 .text.GLOBAL_CCU4_Init
                0x080297cc       0x40 ./Dave/Generated/GLOBAL_CCU4/global_ccu4.o
                0x080297cc                GLOBAL_CCU4_Init
 .text.XMC_FLASH_SetMargin
                0x0802980c       0x34 ./Dave/Generated/E_EEPROM_XMC4/e_eeprom_xmc4.o
 .text.XMC_FLASH_EnableDoubleBitErrorTrap
                0x08029840       0x28 ./Dave/Generated/E_EEPROM_XMC4/e_eeprom_xmc4.o
 .text.XMC_FLASH_DisableDoubleBitErrorTrap
                0x08029868       0x28 ./Dave/Generated/E_EEPROM_XMC4/e_eeprom_xmc4.o
 .text.XMC_FCE_InitializeSeedValue
                0x08029890       0x1c ./Dave/Generated/E_EEPROM_XMC4/e_eeprom_xmc4.o
 .text.E_EEPROM_XMC4_Init
                0x080298ac       0xd4 ./Dave/Generated/E_EEPROM_XMC4/e_eeprom_xmc4.o
                0x080298ac                E_EEPROM_XMC4_Init
 .text.E_EEPROM_XMC4_WriteArray
                0x08029980       0x64 ./Dave/Generated/E_EEPROM_XMC4/e_eeprom_xmc4.o
                0x08029980                E_EEPROM_XMC4_WriteArray
 .text.E_EEPROM_XMC4_ReadArray
                0x080299e4       0x4c ./Dave/Generated/E_EEPROM_XMC4/e_eeprom_xmc4.o
                0x080299e4                E_EEPROM_XMC4_ReadArray
 .text.E_EEPROM_XMC4_UpdateFlashContents
                0x08029a30       0xa4 ./Dave/Generated/E_EEPROM_XMC4/e_eeprom_xmc4.o
                0x08029a30                E_EEPROM_XMC4_UpdateFlashContents
 .text.E_EEPROM_XMC4_IsFlashEmpty
                0x08029ad4       0x28 ./Dave/Generated/E_EEPROM_XMC4/e_eeprom_xmc4.o
                0x08029ad4                E_EEPROM_XMC4_IsFlashEmpty
 .text.E_EEPROM_XMC4_lWriteToFlash
                0x08029afc       0x7c ./Dave/Generated/E_EEPROM_XMC4/e_eeprom_xmc4.o
 .text.E_EEPROM_XMC4_lInitReadSectorInfo
                0x08029b78       0xac ./Dave/Generated/E_EEPROM_XMC4/e_eeprom_xmc4.o
 .text.E_EEPROM_XMC4_lInitEraseStateMachine
                0x08029c24       0x80 ./Dave/Generated/E_EEPROM_XMC4/e_eeprom_xmc4.o
 .text.E_EEPROM_XMC4_lCalculateCRC
                0x08029ca4       0x30 ./Dave/Generated/E_EEPROM_XMC4/e_eeprom_xmc4.o
 .text.E_EEPROM_XMC4_lCopyFlashToRam
                0x08029cd4       0x4c ./Dave/Generated/E_EEPROM_XMC4/e_eeprom_xmc4.o
 .text.EVENT_GENERATOR_Init
                0x08029d20       0x48 ./Dave/Generated/EVENT_GENERATOR/event_generator.o
                0x08029d20                EVENT_GENERATOR_Init
 .text.EVENT_DETECTOR_Init
                0x08029d68       0x3c ./Dave/Generated/EVENT_DETECTOR/event_detector.o
                0x08029d68                EVENT_DETECTOR_Init
 .text.ECAT_SSC_Init
                0x08029da4       0xd0 ./Dave/Generated/ECAT_SSC/ecat_ssc.o
                0x08029da4                ECAT_SSC_Init
 .text.__NVIC_GetPriorityGrouping
                0x08029e74       0x1c ./Dave/Generated/ECAT_SSC/xmc_eschw.o
 .text.__NVIC_EnableIRQ
                0x08029e90       0x38 ./Dave/Generated/ECAT_SSC/xmc_eschw.o
 .text.__NVIC_DisableIRQ
                0x08029ec8       0x44 ./Dave/Generated/ECAT_SSC/xmc_eschw.o
 .text.__NVIC_SetPriority
                0x08029f0c       0x54 ./Dave/Generated/ECAT_SSC/xmc_eschw.o
 .text.NVIC_EncodePriority
                0x08029f60       0x64 ./Dave/Generated/ECAT_SSC/xmc_eschw.o
 .text.XMC_ECAT_SetPortControl
                0x08029fc4       0x2c ./Dave/Generated/ECAT_SSC/xmc_eschw.o
 .text.HW_EscRead
                0x08029ff0       0x2c ./Dave/Generated/ECAT_SSC/xmc_eschw.o
 .text.HW_EscWrite
                0x0802a01c       0x2c ./Dave/Generated/ECAT_SSC/xmc_eschw.o
 .text.INTERRUPT_Enable
                0x0802a048       0x1c ./Dave/Generated/ECAT_SSC/xmc_eschw.o
 .text.INTERRUPT_Disable
                0x0802a064       0x1c ./Dave/Generated/ECAT_SSC/xmc_eschw.o
 .text.HW_Init  0x0802a080      0x2d0 ./Dave/Generated/ECAT_SSC/xmc_eschw.o
                0x0802a080                HW_Init
 .text.HW_EepromWrite
                0x0802a350       0x94 ./Dave/Generated/ECAT_SSC/xmc_eschw.o
                0x0802a350                HW_EepromWrite
 .text.HW_EepromReload
                0x0802a3e4       0x8c ./Dave/Generated/ECAT_SSC/xmc_eschw.o
                0x0802a3e4                HW_EepromReload
 .text.ECAT0_0_IRQHandler
                0x0802a470        0xc ./Dave/Generated/ECAT_SSC/xmc_eschw.o
                0x0802a470                ECAT0_0_IRQHandler
 .text.CCU41_1_IRQHandler
                0x0802a47c       0x18 ./Dave/Generated/ECAT_SSC/xmc_eschw.o
                0x0802a47c                CCU41_1_IRQHandler
 .text.ENABLE_ESC_INT
                0x0802a494       0x1c ./Dave/Generated/ECAT_SSC/xmc_eschw.o
                0x0802a494                ENABLE_ESC_INT
 .text.DISABLE_ESC_INT
                0x0802a4b0       0x40 ./Dave/Generated/ECAT_SSC/xmc_eschw.o
                0x0802a4b0                DISABLE_ESC_INT
 .text.__NVIC_SetPriorityGrouping
                0x0802a4f0       0x48 ./Dave/Generated/CPU_CTRL_XMC4/cpu_ctrl_xmc4_conf.o
 .text.SystemCoreSetup
                0x0802a538       0xa0 ./Dave/Generated/CPU_CTRL_XMC4/cpu_ctrl_xmc4_conf.o
                0x0802a538                SystemCoreSetup
 .text.CLOCK_XMC4_Init
                0x0802a5d8       0x20 ./Dave/Generated/CLOCK_XMC4/clock_xmc4.o
                0x0802a5d8                CLOCK_XMC4_Init
 .text.OSCHP_GetFrequency
                0x0802a5f8       0x14 ./Dave/Generated/CLOCK_XMC4/clock_xmc4.o
                0x0802a5f8                OSCHP_GetFrequency
 .text.XMC_SCU_CLOCK_SetECATClockSource
                0x0802a60c       0x28 ./Dave/Generated/CLOCK_XMC4/clock_xmc4_conf.o
 .text.SystemCoreClockSetup
                0x0802a634       0x60 ./Dave/Generated/CLOCK_XMC4/clock_xmc4_conf.o
                0x0802a634                SystemCoreClockSetup
 .text.DAVE_Init
                0x0802a694       0xd8 ./Dave/Generated/DAVE.o
                0x0802a694                DAVE_Init
 .text.__NVIC_EnableIRQ
                0x0802a76c       0x38 ./main.o
 .text.__NVIC_DisableIRQ
                0x0802a7a4       0x44 ./main.o
 .text.INTERRUPT_Enable
                0x0802a7e8       0x1c ./main.o
 .text.INTERRUPT_Disable
                0x0802a804       0x1c ./main.o
 .text.XMC_GPIO_SetOutputLevel
                0x0802a820       0x24 ./main.o
 .text.XMC_GPIO_SetOutputHigh
                0x0802a844       0x20 ./main.o
 .text.XMC_GPIO_GetInput
                0x0802a864       0x28 ./main.o
 .text.XMC_GPIO_EnableDigitalInput
                0x0802a88c       0x2c ./main.o
 .text.Init_ECAT_Adapt_LED
                0x0802a8b8       0xa4 ./main.o
                0x0802a8b8                Init_ECAT_Adapt_LED
 .text.Init_Relax_Button
                0x0802a95c       0x30 ./main.o
                0x0802a95c                Init_Relax_Button
 .text.process_app
                0x0802a98c      0x234 ./main.o
                0x0802a98c                process_app
 .text.main     0x0802abc0       0x28 ./main.o
                0x0802abc0                main
 .text.ERU1_0_IRQHandler
                0x0802abe8        0xc ./main.o
                0x0802abe8                ERU1_0_IRQHandler
 .text.ERU1_3_IRQHandler
                0x0802abf4        0xc ./main.o
                0x0802abf4                ERU1_3_IRQHandler
 .text.ENABLE_ESC_INT_USER
                0x0802ac00       0x1c ./main.o
                0x0802ac00                ENABLE_ESC_INT_USER
 .text.DISABLE_ESC_INT_USER
                0x0802ac1c       0x1c ./main.o
                0x0802ac1c                DISABLE_ESC_INT_USER
 .text.test_isr
                0x0802ac38       0x18 ./main.o
                0x0802ac38                test_isr
 .text.__errno  0x0802ac50        0xc c:/infineon/tools/dave ide/4.5.0.202105191637/eclipse/arm-gcc-49/bin/../lib/gcc/arm-none-eabi/4.9.3/../../../../arm-none-eabi/lib/armv7e-m/softfp\libg_nano.a(lib_a-errno.o)
                0x0802ac50                __errno
 .text.__libc_init_array
                0x0802ac5c       0x4c c:/infineon/tools/dave ide/4.5.0.202105191637/eclipse/arm-gcc-49/bin/../lib/gcc/arm-none-eabi/4.9.3/../../../../arm-none-eabi/lib/armv7e-m/softfp\libg_nano.a(lib_a-init.o)
                0x0802ac5c                __libc_init_array
 .text.malloc   0x0802aca8       0x10 c:/infineon/tools/dave ide/4.5.0.202105191637/eclipse/arm-gcc-49/bin/../lib/gcc/arm-none-eabi/4.9.3/../../../../arm-none-eabi/lib/armv7e-m/softfp\libg_nano.a(lib_a-malloc.o)
                0x0802aca8                malloc
 .text.free     0x0802acb8       0x10 c:/infineon/tools/dave ide/4.5.0.202105191637/eclipse/arm-gcc-49/bin/../lib/gcc/arm-none-eabi/4.9.3/../../../../arm-none-eabi/lib/armv7e-m/softfp\libg_nano.a(lib_a-malloc.o)
                0x0802acb8                free
 .text.memcmp   0x0802acc8       0x20 c:/infineon/tools/dave ide/4.5.0.202105191637/eclipse/arm-gcc-49/bin/../lib/gcc/arm-none-eabi/4.9.3/../../../../arm-none-eabi/lib/armv7e-m/softfp\libg_nano.a(lib_a-memcmp.o)
                0x0802acc8                memcmp
 .text.memcpy   0x0802ace8       0x16 c:/infineon/tools/dave ide/4.5.0.202105191637/eclipse/arm-gcc-49/bin/../lib/gcc/arm-none-eabi/4.9.3/../../../../arm-none-eabi/lib/armv7e-m/softfp\libg_nano.a(lib_a-memcpy.o)
                0x0802ace8                memcpy
 .text.memset   0x0802acfe       0x10 c:/infineon/tools/dave ide/4.5.0.202105191637/eclipse/arm-gcc-49/bin/../lib/gcc/arm-none-eabi/4.9.3/../../../../arm-none-eabi/lib/armv7e-m/softfp\libg_nano.a(lib_a-memset.o)
                0x0802acfe                memset
 *fill*         0x0802ad0e        0x2 
 .text._free_r  0x0802ad10       0x88 c:/infineon/tools/dave ide/4.5.0.202105191637/eclipse/arm-gcc-49/bin/../lib/gcc/arm-none-eabi/4.9.3/../../../../arm-none-eabi/lib/armv7e-m/softfp\libg_nano.a(lib_a-nano-freer.o)
                0x0802ad10                _free_r
 .text._malloc_r
                0x0802ad98       0xac c:/infineon/tools/dave ide/4.5.0.202105191637/eclipse/arm-gcc-49/bin/../lib/gcc/arm-none-eabi/4.9.3/../../../../arm-none-eabi/lib/armv7e-m/softfp\libg_nano.a(lib_a-nano-mallocr.o)
                0x0802ad98                _malloc_r
 .text._sbrk_r  0x0802ae44       0x20 c:/infineon/tools/dave ide/4.5.0.202105191637/eclipse/arm-gcc-49/bin/../lib/gcc/arm-none-eabi/4.9.3/../../../../arm-none-eabi/lib/armv7e-m/softfp\libg_nano.a(lib_a-sbrkr.o)
                0x0802ae44                _sbrk_r
 .text.strlen   0x0802ae64       0x10 c:/infineon/tools/dave ide/4.5.0.202105191637/eclipse/arm-gcc-49/bin/../lib/gcc/arm-none-eabi/4.9.3/../../../../arm-none-eabi/lib/armv7e-m/softfp\libg_nano.a(lib_a-strlen.o)
                0x0802ae64                strlen
 *(.init)
 *(.fini)
 *crtbegin.o(.ctors)
 *crtbegin?.o(.ctors)
 *(EXCLUDE_FILE(*crtend.o *crtend?.o) .ctors)
 *(SORT(.ctors.*))
 *(.ctors)
 *crtbegin.o(.dtors)
 *crtbegin?.o(.dtors)
 *(EXCLUDE_FILE(*crtend.o *crtend?.o) .dtors)
 *(SORT(.dtors.*))
 *(.dtors)
 *(.rodata .rodata.*)
 .rodata.asEntryDesc0x1600
                0x0802ae74       0x50 ./SSC/Src/coeappl.o
                0x0802ae74                asEntryDesc0x1600
 .rodata.aName0x1600
                0x0802aec4       0xc0 ./SSC/Src/coeappl.o
                0x0802aec4                aName0x1600
 .rodata.asEntryDesc0x1A00
                0x0802af84       0x50 ./SSC/Src/coeappl.o
                0x0802af84                asEntryDesc0x1A00
 .rodata.aName0x1A00
                0x0802afd4       0xc0 ./SSC/Src/coeappl.o
                0x0802afd4                aName0x1A00
 .rodata.asEntryDesc0x1C12
                0x0802b094        0xc ./SSC/Src/coeappl.o
                0x0802b094                asEntryDesc0x1C12
 .rodata.aName0x1C12
                0x0802b0a0       0x1c ./SSC/Src/coeappl.o
                0x0802b0a0                aName0x1C12
 .rodata.asEntryDesc0x1C13
                0x0802b0bc        0xc ./SSC/Src/coeappl.o
                0x0802b0bc                asEntryDesc0x1C13
 .rodata.aName0x1C13
                0x0802b0c8       0x1c ./SSC/Src/coeappl.o
                0x0802b0c8                aName0x1C13
 .rodata.asEntryDesc0x6000
                0x0802b0e4       0x50 ./SSC/Src/coeappl.o
                0x0802b0e4                asEntryDesc0x6000
 .rodata.aName0x6000
                0x0802b134       0xa0 ./SSC/Src/coeappl.o
                0x0802b134                aName0x6000
 .rodata.asEntryDesc0x7000
                0x0802b1d4       0x50 ./SSC/Src/coeappl.o
                0x0802b1d4                asEntryDesc0x7000
 .rodata.aName0x7000
                0x0802b224       0xac ./SSC/Src/coeappl.o
                0x0802b224                aName0x7000
 .rodata.asEntryDesc0xF000
                0x0802b2d0       0x14 ./SSC/Src/coeappl.o
                0x0802b2d0                asEntryDesc0xF000
 .rodata.aName0xF000
                0x0802b2e4       0x44 ./SSC/Src/coeappl.o
                0x0802b2e4                aName0xF000
 .rodata.sEntryDesc0x1000
                0x0802b328        0x8 ./SSC/Src/coeappl.o
                0x0802b328                sEntryDesc0x1000
 .rodata.aName0x1000
                0x0802b330        0xc ./SSC/Src/coeappl.o
                0x0802b330                aName0x1000
 .rodata.sEntryDesc0x1001
                0x0802b33c        0x8 ./SSC/Src/coeappl.o
                0x0802b33c                sEntryDesc0x1001
 .rodata.aName0x1001
                0x0802b344       0x10 ./SSC/Src/coeappl.o
                0x0802b344                aName0x1001
 .rodata.sEntryDesc0x1008
                0x0802b354        0x8 ./SSC/Src/coeappl.o
                0x0802b354                sEntryDesc0x1008
 .rodata.aName0x1008
                0x0802b35c        0xc ./SSC/Src/coeappl.o
                0x0802b35c                aName0x1008
 .rodata.sEntryDesc0x1009
                0x0802b368        0x8 ./SSC/Src/coeappl.o
                0x0802b368                sEntryDesc0x1009
 .rodata.aName0x1009
                0x0802b370       0x14 ./SSC/Src/coeappl.o
                0x0802b370                aName0x1009
 .rodata.sEntryDesc0x100A
                0x0802b384        0x8 ./SSC/Src/coeappl.o
                0x0802b384                sEntryDesc0x100A
 .rodata.aName0x100A
                0x0802b38c       0x14 ./SSC/Src/coeappl.o
                0x0802b38c                aName0x100A
 .rodata.asEntryDesc0x1018
                0x0802b3a0       0x20 ./SSC/Src/coeappl.o
                0x0802b3a0                asEntryDesc0x1018
 .rodata.aName0x1018
                0x0802b3c0       0x3c ./SSC/Src/coeappl.o
                0x0802b3c0                aName0x1018
 .rodata.asEntryDesc0x10F1
                0x0802b3fc       0x14 ./SSC/Src/coeappl.o
                0x0802b3fc                asEntryDesc0x10F1
 .rodata.aName0x10F1
                0x0802b410       0x40 ./SSC/Src/coeappl.o
                0x0802b410                aName0x10F1
 .rodata.sEntryDesc0x10F8
                0x0802b450        0x8 ./SSC/Src/coeappl.o
                0x0802b450                sEntryDesc0x10F8
 .rodata.aName0x10F8
                0x0802b458       0x14 ./SSC/Src/coeappl.o
                0x0802b458                aName0x10F8
 .rodata.asEntryDesc0x1C00
                0x0802b46c        0xc ./SSC/Src/coeappl.o
                0x0802b46c                asEntryDesc0x1C00
 .rodata.aName0x1C00
                0x0802b478       0x14 ./SSC/Src/coeappl.o
                0x0802b478                aName0x1C00
 .rodata.asEntryDesc0x1C3x
                0x0802b48c       0xc8 ./SSC/Src/coeappl.o
                0x0802b48c                asEntryDesc0x1C3x
 .rodata.aName0x1C32
                0x0802b554      0x100 ./SSC/Src/coeappl.o
                0x0802b554                aName0x1C32
 .rodata.aName0x1C33
                0x0802b654      0x100 ./SSC/Src/coeappl.o
                0x0802b654                aName0x1C33
 .rodata.cBitMask
                0x0802b754       0x20 ./SSC/Src/objdef.o
                0x0802b754                cBitMask
 .rodata.cAbortCode
                0x0802b774       0x78 ./SSC/Src/sdoserv.o
                0x0802b774                cAbortCode
 .rodata.UART_0_channel_config
                0x0802b7ec        0xc ./Dave/Generated/UART/uart_conf.o
                0x0802b7ec                UART_0_channel_config
 .rodata.UART_0_tx_pin_config
                0x0802b7f8        0xc ./Dave/Generated/UART/uart_conf.o
                0x0802b7f8                UART_0_tx_pin_config
 .rodata.UART_0_tx_pin
                0x0802b804        0xc ./Dave/Generated/UART/uart_conf.o
                0x0802b804                UART_0_tx_pin
 .rodata.UART_0_config
                0x0802b810       0x30 ./Dave/Generated/UART/uart_conf.o
                0x0802b810                UART_0_config
 .rodata.UART_0_rx_pin_config
                0x0802b840        0xc ./Dave/Generated/UART/uart_conf.o
                0x0802b840                UART_0_rx_pin_config
 .rodata.PWM_CCU8_0_timer_handle
                0x0802b84c       0x10 ./Dave/Generated/PWM_CCU8/pwm_ccu8_conf.o
                0x0802b84c                PWM_CCU8_0_timer_handle
 .rodata.PWM_CCU8_0_event0_config
                0x0802b85c        0x4 ./Dave/Generated/PWM_CCU8/pwm_ccu8_conf.o
                0x0802b85c                PWM_CCU8_0_event0_config
 .rodata.PWM_CCU8_0_event1_config
                0x0802b860        0x4 ./Dave/Generated/PWM_CCU8/pwm_ccu8_conf.o
                0x0802b860                PWM_CCU8_0_event1_config
 .rodata.PWM_CCU8_0_event2_config
                0x0802b864        0x4 ./Dave/Generated/PWM_CCU8/pwm_ccu8_conf.o
                0x0802b864                PWM_CCU8_0_event2_config
 .rodata.PWM_CCU8_0_dt_config
                0x0802b868        0xc ./Dave/Generated/PWM_CCU8/pwm_ccu8_conf.o
                0x0802b868                PWM_CCU8_0_dt_config
 .rodata.PWM_CCU8_0_ch1_out1_config
                0x0802b874        0xc ./Dave/Generated/PWM_CCU8/pwm_ccu8_conf.o
                0x0802b874                PWM_CCU8_0_ch1_out1_config
 .rodata.PWM_CCU8_0_config_handle
                0x0802b880       0x90 ./Dave/Generated/PWM_CCU8/pwm_ccu8_conf.o
                0x0802b880                PWM_CCU8_0_config_handle
 .rodata.INT_SYNC0
                0x0802b910        0x4 ./Dave/Generated/INTERRUPT/interrupt_conf.o
                0x0802b910                INT_SYNC0
 .rodata.INT_SYNC1
                0x0802b914        0x4 ./Dave/Generated/INTERRUPT/interrupt_conf.o
                0x0802b914                INT_SYNC1
 .rodata.INTERRUPT_0
                0x0802b918        0x4 ./Dave/Generated/INTERRUPT/interrupt_conf.o
                0x0802b918                INTERRUPT_0
 .rodata.e_eeprom_xmc4_fce
                0x0802b91c        0xc ./Dave/Generated/E_EEPROM_XMC4/e_eeprom_xmc4.o
 .rodata.EG_SYNC0_OGU_Config
                0x0802b928        0x4 ./Dave/Generated/EVENT_GENERATOR/event_generator_conf.o
                0x0802b928                EG_SYNC0_OGU_Config
 .rodata.EG_SYNC1_OGU_Config
                0x0802b92c        0x4 ./Dave/Generated/EVENT_GENERATOR/event_generator_conf.o
                0x0802b92c                EG_SYNC1_OGU_Config
 .rodata.ED_SYNC0_ETL_Config
                0x0802b930        0x8 ./Dave/Generated/EVENT_DETECTOR/event_detector_conf.o
                0x0802b930                ED_SYNC0_ETL_Config
 .rodata.ED_SYNC1_ETL_Config
                0x0802b938        0x8 ./Dave/Generated/EVENT_DETECTOR/event_detector_conf.o
                0x0802b938                ED_SYNC1_ETL_Config
 .rodata.ECAT_SSC_0
                0x0802b940        0xc ./Dave/Generated/ECAT_SSC/ecat_ssc_conf.o
                0x0802b940                ECAT_SSC_0
 .rodata        0x0802b94c       0x14 ./Dave/Generated/CLOCK_XMC4/clock_xmc4_conf.o
 .rodata.str1.1
                0x0802b960        0x2 c:/infineon/tools/dave ide/4.5.0.202105191637/eclipse/arm-gcc-49/bin/../lib/gcc/arm-none-eabi/4.9.3/../../../../arm-none-eabi/lib/armv7e-m/softfp\libg_nano.a(lib_a-impure.o)
 *(.gnu.linkonce.r*)
 *(vtable)
                0x0802b964                . = ALIGN (0x4)
 *fill*         0x0802b962        0x2 

.glue_7         0x0802b964        0x0 load address 0x0c02b964
 .glue_7        0x00000000        0x0 linker stubs

.glue_7t        0x0802b964        0x0 load address 0x0c02b964
 .glue_7t       0x00000000        0x0 linker stubs

.vfp11_veneer   0x0802b964        0x0 load address 0x0c02b964
 .vfp11_veneer  0x00000000        0x0 linker stubs

.v4_bx          0x0802b964        0x0 load address 0x0c02b964
 .v4_bx         0x00000000        0x0 linker stubs

.iplt           0x0802b964        0x0 load address 0x0c02b964
 .iplt          0x00000000        0x0 ./Startup/startup_XMC4300.o

.rel.dyn        0x0802b964        0x0 load address 0x0c02b964
 .rel.iplt      0x00000000        0x0 ./Startup/startup_XMC4300.o

.eh_frame_hdr
 *(.eh_frame_hdr)

.eh_frame
 *(.eh_frame)

.ARM.extab
 *(.ARM.extab* .gnu.linkonce.armextab.*)
                0x0802b964                . = ALIGN (0x4)
                0x0802b964                __exidx_start = .

.ARM.exidx
 *(.ARM.exidx* .gnu.linkonce.armexidx.*)
                0x0802b964                __exidx_end = .
                0x0802b964                . = ALIGN (0x4)

Stack           0x1fff0000      0x800
                0x1fff0000                __stack_start = .
                0x1fff0800                . = (. + stack_size)
 *fill*         0x1fff0000      0x800 
                0x1fff0800                __stack_end = .
                0x1fff0800                __initial_sp = .

.ram_code       0x1fff0800        0x0 load address 0x0c02b964
                0x1fff0800                . = ALIGN (0x4)
                0x1fff0800                __ram_code_start = .
 *(.ram_code)
                0x1fff0800                . = ALIGN (0x4)
                0x1fff0800                __ram_code_end = .
                0x0c02b964                __ram_code_load = LOADADDR (.ram_code)
                0x00000000                __ram_code_size = (__ram_code_end - __ram_code_start)

.data           0x1fff0800      0xd44 load address 0x0c02b964
                0x1fff0800                . = ALIGN (0x4)
                0x1fff0800                __data_start = .
 *(.data)
 *(.data*)
 .data.OUT_GENERICProcessDataMapping0x1600
                0x1fff0800       0x34 ./SSC/Src/XMC_ESC.o
                0x1fff0800                OUT_GENERICProcessDataMapping0x1600
 .data.IN_GENERICProcessDataMapping0x1A00
                0x1fff0834       0x34 ./SSC/Src/XMC_ESC.o
                0x1fff0834                IN_GENERICProcessDataMapping0x1A00
 .data.sRxPDOassign
                0x1fff0868        0x4 ./SSC/Src/XMC_ESC.o
                0x1fff0868                sRxPDOassign
 .data.sTxPDOassign
                0x1fff086c        0x4 ./SSC/Src/XMC_ESC.o
                0x1fff086c                sTxPDOassign
 .data.IN_GENERIC0x6000
                0x1fff0870        0xc ./SSC/Src/XMC_ESC.o
                0x1fff0870                IN_GENERIC0x6000
 .data.OUT_GENERIC0x7000
                0x1fff087c        0xc ./SSC/Src/XMC_ESC.o
                0x1fff087c                OUT_GENERIC0x7000
 .data.ModularDeviceProfile0xF000
                0x1fff0888        0x8 ./SSC/Src/XMC_ESC.o
                0x1fff0888                ModularDeviceProfile0xF000
 .data.ApplicationObjDic
                0x1fff0890      0x140 ./SSC/Src/coeappl.o
                0x1fff0890                ApplicationObjDic
 .data.u32Devicetype
                0x1fff09d0        0x4 ./SSC/Src/coeappl.o
                0x1fff09d0                u32Devicetype
 .data.acDevicename
                0x1fff09d4        0x8 ./SSC/Src/coeappl.o
                0x1fff09d4                acDevicename
 .data.acHardwareversion
                0x1fff09dc        0x4 ./SSC/Src/coeappl.o
                0x1fff09dc                acHardwareversion
 .data.acSoftwareversion
                0x1fff09e0        0x8 ./SSC/Src/coeappl.o
                0x1fff09e0                acSoftwareversion
 .data.sIdentity
                0x1fff09e8       0x14 ./SSC/Src/coeappl.o
                0x1fff09e8                sIdentity
 .data.sSyncmanagertype
                0x1fff09fc        0x8 ./SSC/Src/coeappl.o
                0x1fff09fc                sSyncmanagertype
 .data.GenObjDic
                0x1fff0a04      0x1e0 ./SSC/Src/coeappl.o
                0x1fff0a04                GenObjDic
 .data.aEepromData
                0x1fff0be4      0x800 ./SSC/Src/ecatappl.o
                0x1fff0be4                aEepromData
 .data.sErrorSettings
                0x1fff13e4        0xc ./SSC/Src/objdef.o
                0x1fff13e4                sErrorSettings
 .data.aSubindexDesc
                0x1fff13f0       0x10 ./SSC/Src/objdef.o
                0x1fff13f0                aSubindexDesc
 .data.UART_0   0x1fff1400        0xc ./Dave/Generated/UART/uart_conf.o
                0x1fff1400                UART_0
 .data.TIMER_0_config
                0x1fff140c        0x8 ./Dave/Generated/TIMER/timer_conf.o
                0x1fff140c                TIMER_0_config
 .data.TIMER_0  0x1fff1414       0x28 ./Dave/Generated/TIMER/timer_conf.o
                0x1fff1414                TIMER_0
 .data.PWM_CCU8_0
                0x1fff143c       0x34 ./Dave/Generated/PWM_CCU8/pwm_ccu8_conf.o
                0x1fff143c                PWM_CCU8_0
 .data.GLOBAL_CCU8_0
                0x1fff1470       0x10 ./Dave/Generated/GLOBAL_CCU8/global_ccu8_conf.o
                0x1fff1470                GLOBAL_CCU8_0
 .data.GLOBAL_CCU4_0
                0x1fff1480       0x10 ./Dave/Generated/GLOBAL_CCU4/global_ccu4_conf.o
                0x1fff1480                GLOBAL_CCU4_0
 .data.e_eeprom_xmc4_sector_info
                0x1fff1490       0x10 ./Dave/Generated/E_EEPROM_XMC4/e_eeprom_xmc4.o
 .data.EG_SYNC0
                0x1fff14a0       0x10 ./Dave/Generated/EVENT_GENERATOR/event_generator_conf.o
                0x1fff14a0                EG_SYNC0
 .data.EG_SYNC1
                0x1fff14b0       0x10 ./Dave/Generated/EVENT_GENERATOR/event_generator_conf.o
                0x1fff14b0                EG_SYNC1
 .data.ED_SYNC0
                0x1fff14c0       0x10 ./Dave/Generated/EVENT_DETECTOR/event_detector_conf.o
                0x1fff14c0                ED_SYNC0
 .data.ED_SYNC1
                0x1fff14d0       0x10 ./Dave/Generated/EVENT_DETECTOR/event_detector_conf.o
                0x1fff14d0                ED_SYNC1
 .data.impure_data
                0x1fff14e0       0x60 c:/infineon/tools/dave ide/4.5.0.202105191637/eclipse/arm-gcc-49/bin/../lib/gcc/arm-none-eabi/4.9.3/../../../../arm-none-eabi/lib/armv7e-m/softfp\libg_nano.a(lib_a-impure.o)
 .data._impure_ptr
                0x1fff1540        0x4 c:/infineon/tools/dave ide/4.5.0.202105191637/eclipse/arm-gcc-49/bin/../lib/gcc/arm-none-eabi/4.9.3/../../../../arm-none-eabi/lib/armv7e-m/softfp\libg_nano.a(lib_a-impure.o)
                0x1fff1540                _impure_ptr
 *(*.data)
 *(.gnu.linkonce.d*)
                0x1fff1544                . = ALIGN (0x4)
                0x1fff1544                PROVIDE (__preinit_array_start, .)
 *(.preinit_array)
                0x1fff1544                PROVIDE (__preinit_array_end, .)
                0x1fff1544                . = ALIGN (0x4)
                0x1fff1544                PROVIDE (__init_array_start, .)
 *(SORT(.init_array.*))
 *(.init_array)
                0x1fff1544                PROVIDE (__init_array_end, .)
                0x1fff1544                . = ALIGN (0x4)
                0x1fff1544                PROVIDE (__fini_array_start, .)
 *(SORT(.fini_array.*))
 *(.fini_array)
                0x1fff1544                PROVIDE (__fini_array_end, .)
                0x1fff1544                . = ALIGN (0x4)
                0x1fff1544                __data_end = .
                0x0c02b964                __data_load = LOADADDR (.data)
                0x00000d44                __data_size = (__data_end - __data_start)
                0x0000c6a8                __text_size = (((__exidx_end - sText) + __data_size) + __ram_code_size)
                0x0802c6a8                eText = (sText + __text_size)

.igot.plt       0x1fff1544        0x0 load address 0x0c02c6a8
 .igot.plt      0x00000000        0x0 ./Startup/startup_XMC4300.o

.bss            0x1fff1548     0x127c load address 0x0c02c6a8
                0x1fff1548                . = ALIGN (0x4)
                0x1fff1548                __bss_start = .
 *(.bss)
 *(.bss*)
 .bss.u64Timestamp
                0x1fff1548        0x8 ./SSC/Src/coeappl.o
                0x1fff1548                u64Timestamp
 .bss.u16ErrorRegister
                0x1fff1550        0x2 ./SSC/Src/coeappl.o
                0x1fff1550                u16ErrorRegister
 *fill*         0x1fff1552        0x2 
 .bss.ObjDicList
                0x1fff1554        0x4 ./SSC/Src/coeappl.o
                0x1fff1554                ObjDicList
 .bss.bInitFinished
                0x1fff1558        0x1 ./SSC/Src/ecatappl.o
                0x1fff1558                bInitFinished
 .bss.SMActivate
                0x1fff1559        0x1 ./SSC/Src/ecatslv.o
                0x1fff1559                SMActivate
 .bss.EepromLoaded
                0x1fff155a        0x1 ./SSC/Src/ecatslv.o
                0x1fff155a                EepromLoaded
 .bss.bSdoInWork
                0x1fff155b        0x1 ./SSC/Src/sdoserv.o
                0x1fff155b                bSdoInWork
 .bss.heap_ptr.4331
                0x1fff155c        0x4 ./Libraries/Newlib/syscalls.o
 .bss.UART_0_runtime
                0x1fff1560       0x1c ./Dave/Generated/UART/uart_conf.o
                0x1fff1560                UART_0_runtime
 .bss.e_eeprom_xmc4_data_buffer
                0x1fff157c     0x1000 ./Dave/Generated/E_EEPROM_XMC4/e_eeprom_xmc4.o
 .bss.E_EEPROM_XMC4_0
                0x1fff257c        0x4 ./Dave/Generated/E_EEPROM_XMC4/e_eeprom_xmc4_conf.o
                0x1fff257c                E_EEPROM_XMC4_0
 .bss.ticks     0x1fff2580        0x4 ./Dave/Generated/ECAT_SSC/xmc_eschw.o
 .bss.CLOCK_XMC4_0
                0x1fff2584        0x4 ./Dave/Generated/CLOCK_XMC4/clock_xmc4_conf.o
                0x1fff2584                CLOCK_XMC4_0
 .bss.global_rx_flag
                0x1fff2588        0x1 ./main.o
                0x1fff2588                global_rx_flag
 *fill*         0x1fff2589        0x3 
 .bss.__malloc_sbrk_start
                0x1fff258c        0x4 c:/infineon/tools/dave ide/4.5.0.202105191637/eclipse/arm-gcc-49/bin/../lib/gcc/arm-none-eabi/4.9.3/../../../../arm-none-eabi/lib/armv7e-m/softfp\libg_nano.a(lib_a-nano-mallocr.o)
                0x1fff258c                __malloc_sbrk_start
 .bss.__malloc_free_list
                0x1fff2590        0x4 c:/infineon/tools/dave ide/4.5.0.202105191637/eclipse/arm-gcc-49/bin/../lib/gcc/arm-none-eabi/4.9.3/../../../../arm-none-eabi/lib/armv7e-m/softfp\libg_nano.a(lib_a-nano-mallocr.o)
                0x1fff2590                __malloc_free_list
 *(COMMON)
 COMMON         0x1fff2594        0x8 ./SSC/Src/coeappl.o
                0x1fff2594                u32LastDc32Value
                0x1fff2598                u32CheckForDcOverrunCnt
 COMMON         0x1fff259c       0x5a ./SSC/Src/ecatappl.o
                0x1fff259c                pAPPL_EEPROM_Store
                0x1fff25a0                bMinCycleTimeMeasurementStarted
                0x1fff25a4                u32CycleTimeStartValue
                0x1fff25a8                pAPPL_EEPROM_Read
                0x1fff25ac                pAPPL_EEPROM_Write
                0x1fff25b0                bRunApplication
                0x1fff25b4                u32SystemTimeReadFailure
                0x1fff25b8                bEcatWaitForInputUpdate
                0x1fff25bc                u32MinCycleTimeValue
                0x1fff25c0                aPdOutputData
                0x1fff25cc                u16EepromStoreTimeoutCounter
                0x1fff25ce                EepromReadSize
                0x1fff25d0                pAPPL_MainLoop
                0x1fff25d4                bEtherCATErrorLed
                0x1fff25d8                u32MinCycleTimeStartValue
                0x1fff25dc                aPdInputData
                0x1fff25e8                pEEPROM
                0x1fff25ec                bEtherCATRunLed
                0x1fff25f0                pAPPL_EEPROM_Reload
                0x1fff25f4                u16EepromStoreTimeoutValue
 *fill*         0x1fff25f6        0x2 
 COMMON         0x1fff25f8        0x4 ./SSC/Src/ecatcoe.o
                0x1fff25f8                pCoeSendStored
 COMMON         0x1fff25fc       0x4c ./SSC/Src/ecatslv.o
                0x1fff25fc                b3BufferMode
                0x1fff25fe                nEcatStateTrans
                0x1fff2600                bApplEsmPending
                0x1fff2601                nAlStatus
                0x1fff2602                nPdOutputSize
                0x1fff2604                u16LocalErrorCode
                0x1fff2606                Sync0WdCounter
                0x1fff2608                bLocalErrorFlag
                0x1fff260a                LatchInputSync0Counter
                0x1fff260c                i16WaitForPllRunningCnt
                0x1fff260e                nEscAddrOutputData
                0x1fff2610                Sync0WdValue
                0x1fff2612                u8EcatRunLed
                0x1fff2614                i16WaitForPllRunningTimeout
                0x1fff2616                Sync1WdValue
                0x1fff2618                u8dummy
                0x1fff261a                u16ALEventMask
                0x1fff261c                bDcRunning
                0x1fff2620                SyncManInfo
                0x1fff2628                b32BitDc
                0x1fff262a                LatchInputSync0Value
                0x1fff262c                bEcatWaitForAlControlRes
                0x1fff262e                nPdInputSize
                0x1fff2630                u16SmSync0Value
                0x1fff2632                nMaxEscAddress
                0x1fff2634                bEcatFirstOutputsReceived
                0x1fff2635                bSmSyncSequenceValid
                0x1fff2636                EsmTimeoutCounter
                0x1fff2638                bDcSyncActive
                0x1fff2639                bEcatOutputUpdateRunning
                0x1fff263a                Sync1WdCounter
                0x1fff263c                EcatWdValue
                0x1fff263e                bEcatInputUpdateRunning
                0x1fff263f                bEscIntEnabled
                0x1fff2640                bWdTrigger
                0x1fff2642                u16SmSync0Counter
                0x1fff2644                nMaxSyncMan
                0x1fff2645                u8EcatErrorLed
                0x1fff2646                nEscAddrInputData
 COMMON         0x1fff2648       0x94 ./SSC/Src/mailbox.o
                0x1fff2648                u8MbxReadCounter
                0x1fff264c                sMbxSendQueue
                0x1fff2680                sMbxReceiveQueue
                0x1fff26b4                bNoMbxMemoryAvailable
                0x1fff26b5                bSendMbxIsFull
                0x1fff26b6                bMbxRunning
                0x1fff26b8                u16EscAddrReceiveMbx
                0x1fff26bc                psStoreMbx
                0x1fff26c0                u16SendMbxSize
                0x1fff26c4                psReadMbx
                0x1fff26c8                bReceiveMbxIsLocked
                0x1fff26ca                u16EscAddrSendMbx
                0x1fff26cc                psWriteMbx
                0x1fff26d0                u8MbxWriteCounter
                0x1fff26d1                u8MailboxSendReqStored
                0x1fff26d2                u16ReceiveMbxSize
                0x1fff26d4                bMbxRepeatToggle
                0x1fff26d8                psRepeatMbx
 COMMON         0x1fff26dc       0x8e ./SSC/Src/objdef.o
                0x1fff26dc                sSyncManInPar
                0x1fff2720                sSyncManOutPar
                0x1fff2764                bSyncSetByUser
                0x1fff2768                sCycleDiag
 *fill*         0x1fff276a        0x2 
 COMMON         0x1fff276c       0x4d ./SSC/Src/sdoserv.o
                0x1fff276c                nSdoInfoIndex
                0x1fff2770                pStoreData
                0x1fff2774                nSdoSegBytesToHandle
                0x1fff2778                bSdoSegAccess
                0x1fff2779                bSdoSegFollows
                0x1fff277c                nSdoSegCompleteSize
                0x1fff2780                pSdoPendFunc
                0x1fff2784                u8PendingSdo
                0x1fff2785                bStoreCompleteAccess
                0x1fff2786                bSdoSegLastToggle
                0x1fff2787                nSdoSegService
                0x1fff2788                pSdoInfoObjEntry
                0x1fff278c                nSdoInfoFragmentsLeft
                0x1fff2790                pSdoResStored
                0x1fff2794                u32StoreDataSize
                0x1fff2798                pSdoSegData
                0x1fff279c                nSdoSegIndex
                0x1fff27a0                aSdoInfoHeader
                0x1fff27b0                pSdoSegObjEntry
                0x1fff27b4                nSdoSegSubindex
                0x1fff27b6                u16StoreIndex
                0x1fff27b8                u8StoreSubindex
 *fill*         0x1fff27b9        0x3 
 COMMON         0x1fff27bc        0x2 ./main.o
                0x1fff27bc                global_scratch_buffer
 *fill*         0x1fff27be        0x2 
 COMMON         0x1fff27c0        0x4 c:/infineon/tools/dave ide/4.5.0.202105191637/eclipse/arm-gcc-49/bin/../lib/gcc/arm-none-eabi/4.9.3/../../../../arm-none-eabi/lib/armv7e-m/softfp\libg_nano.a(lib_a-reent.o)
                0x1fff27c0                errno
 *(.gnu.linkonce.b*)
                0x1fff27c4                . = ALIGN (0x4)
                0x1fff27c4                __bss_end = .
                0x0000127c                __bss_size = (__bss_end - __bss_start)
                0x0000d83c                __shift_loc = (__bss_end >= ORIGIN (DSRAM_1_system))?0x0:(ORIGIN (DSRAM_1_system) - __bss_end)

USB_RAM         0x20000000        0x0
                0x20000000                . = ALIGN (0x4)
                0x20000000                USB_RAM_start = .
 *(USB_RAM)
                0x20000000                . = ALIGN (0x4)
                0x20000000                USB_RAM_end = .
                0x00000000                USB_RAM_size = (USB_RAM_end - USB_RAM_start)

ETH_RAM         0x20000000        0x0
                0x20000000                . = ALIGN (0x4)
                0x20000000                ETH_RAM_start = .
 *(ETH_RAM)
                0x20000000                . = ALIGN (0x4)
                0x20000000                ETH_RAM_end = .
                0x20000000                . = ALIGN (0x8)
                0x20000000                Heap_Bank1_Start = .
                0x00000000                ETH_RAM_size = (ETH_RAM_end - ETH_RAM_start)

.no_init        0x2000ffc0       0x14
                0x2000ffc0                Heap_Bank1_End = .
 *(.no_init)
 .no_init       0x2000ffc0       0x14 ./Startup/system_XMC4300.o
                0x2000ffc0                SystemCoreClock
                0x2000ffc4                g_chipid
                0x0000ffc0                Heap_Bank1_Size = (Heap_Bank1_End - Heap_Bank1_Start)
                0x00000001                ASSERT ((Heap_Bank1_Start <= Heap_Bank1_End), region SRAM_combined overflowed no_init section)

/DISCARD/
 *(.comment)

.stab
 *(.stab)

.stabstr
 *(.stabstr)

.debug
 *(.debug)

.line
 *(.line)

.debug_srcinfo
 *(.debug_srcinfo)

.debug_sfnames
 *(.debug_sfnames)

.debug_aranges  0x00000000     0x1750
 *(.debug_aranges)
 .debug_aranges
                0x00000000       0x20 ./Startup/startup_XMC4300.o
 .debug_aranges
                0x00000020       0x48 ./Startup/system_XMC4300.o
 .debug_aranges
                0x00000068       0x70 ./SSC/Src/XMC_ESC.o
 .debug_aranges
                0x000000d8       0x78 ./SSC/Src/coeappl.o
 .debug_aranges
                0x00000150       0xb0 ./SSC/Src/ecatappl.o
 .debug_aranges
                0x00000200       0x30 ./SSC/Src/ecatcoe.o
 .debug_aranges
                0x00000230       0xd0 ./SSC/Src/ecatslv.o
 .debug_aranges
                0x00000300       0xa0 ./SSC/Src/mailbox.o
 .debug_aranges
                0x000003a0       0x78 ./SSC/Src/objdef.o
 .debug_aranges
                0x00000418       0x50 ./SSC/Src/sdoserv.o
 .debug_aranges
                0x00000468       0x28 ./Libraries/XMCLib/src/xmc4_eru.o
 .debug_aranges
                0x00000490       0xe8 ./Libraries/XMCLib/src/xmc4_flash.o
 .debug_aranges
                0x00000578       0x28 ./Libraries/XMCLib/src/xmc4_gpio.o
 .debug_aranges
                0x000005a0      0x3e8 ./Libraries/XMCLib/src/xmc4_scu.o
 .debug_aranges
                0x00000988      0x138 ./Libraries/XMCLib/src/xmc_ccu4.o
 .debug_aranges
                0x00000ac0      0x190 ./Libraries/XMCLib/src/xmc_ccu8.o
 .debug_aranges
                0x00000c50       0x78 ./Libraries/XMCLib/src/xmc_ecat.o
 .debug_aranges
                0x00000cc8       0x88 ./Libraries/XMCLib/src/xmc_eru.o
 .debug_aranges
                0x00000d50       0x70 ./Libraries/XMCLib/src/xmc_fce.o
 .debug_aranges
                0x00000dc0       0x28 ./Libraries/XMCLib/src/xmc_gpio.o
 .debug_aranges
                0x00000de8       0x78 ./Libraries/XMCLib/src/xmc_uart.o
 .debug_aranges
                0x00000e60       0xb8 ./Libraries/XMCLib/src/xmc_usic.o
 .debug_aranges
                0x00000f18       0x28 ./Libraries/Newlib/syscalls.o
 .debug_aranges
                0x00000f40       0xf8 ./Dave/Generated/UART/uart.o
 .debug_aranges
                0x00001038       0x68 ./Dave/Generated/UART/uart_conf.o
 .debug_aranges
                0x000010a0       0xd8 ./Dave/Generated/TIMER/timer.o
 .debug_aranges
                0x00001178       0x18 ./Dave/Generated/TIMER/timer_conf.o
 .debug_aranges
                0x00001190      0x120 ./Dave/Generated/PWM_CCU8/pwm_ccu8.o
 .debug_aranges
                0x000012b0       0x18 ./Dave/Generated/PWM_CCU8/pwm_ccu8_conf.o
 .debug_aranges
                0x000012c8       0x50 ./Dave/Generated/INTERRUPT/interrupt.o
 .debug_aranges
                0x00001318       0x18 ./Dave/Generated/INTERRUPT/interrupt_conf.o
 .debug_aranges
                0x00001330       0x30 ./Dave/Generated/GLOBAL_CCU8/global_ccu8.o
 .debug_aranges
                0x00001360       0x18 ./Dave/Generated/GLOBAL_CCU8/global_ccu8_conf.o
 .debug_aranges
                0x00001378       0x30 ./Dave/Generated/GLOBAL_CCU4/global_ccu4.o
 .debug_aranges
                0x000013a8       0x18 ./Dave/Generated/GLOBAL_CCU4/global_ccu4_conf.o
 .debug_aranges
                0x000013c0       0xa0 ./Dave/Generated/E_EEPROM_XMC4/e_eeprom_xmc4.o
 .debug_aranges
                0x00001460       0x18 ./Dave/Generated/E_EEPROM_XMC4/e_eeprom_xmc4_conf.o
 .debug_aranges
                0x00001478       0x28 ./Dave/Generated/EVENT_GENERATOR/event_generator.o
 .debug_aranges
                0x000014a0       0x18 ./Dave/Generated/EVENT_GENERATOR/event_generator_conf.o
 .debug_aranges
                0x000014b8       0x28 ./Dave/Generated/EVENT_DETECTOR/event_detector.o
 .debug_aranges