15:48:30 **** Build of configuration Debug for project xmc4300_proj ****
"\"C:\\Infineon\\Tools\\DAVE IDE\\4.5.0.202105191637\\eclipse\\ARM-GCC-49\\bin\\make\"" --output-sync -j16 all 
'Building file: ../Startup/startup_XMC4300.S'
'Invoking: ARM-GCC Assembler'
"C:/Infineon/Tools/DAVE IDE/4.5.0.202105191637/eclipse/ARM-GCC-49/bin/arm-none-eabi-gcc" -MMD -MT "Startup/startup_XMC4300.o" -x assembler-with-cpp -DXMC4300_F100x256 -I"C:/Users/nikolica/Desktop/repos/ptc-firmware/ethercat/xmc4300_proj/xmc4300_proj/Libraries/XMCLib/inc" -I"C:/Users/nikolica/Desktop/repos/ptc-firmware/ethercat/xmc4300_proj/xmc4300_proj" -I"C:/Users/nikolica/Desktop/repos/ptc-firmware/ethercat/xmc4300_proj/xmc4300_proj/Dave/Generated" -Wall -Wa,-adhlns="Startup/startup_XMC4300.o.lst" -mfloat-abi=softfp -c -fmessage-length=0 -MMD -MP -MF"Startup/startup_XMC4300.d" -MT"Startup/startup_XMC4300.d Startup/startup_XMC4300.o" -mcpu=cortex-m4 -mfpu=fpv4-sp-d16 -mthumb -g -gdwarf-2 -o "Startup/startup_XMC4300.o" "../Startup/startup_XMC4300.S" 
'Finished building: ../Startup/startup_XMC4300.S'

'Building file: ../Startup/system_XMC4300.c'
'Invoking: ARM-GCC C Compiler'
"C:/Infineon/Tools/DAVE IDE/4.5.0.202105191637/eclipse/ARM-GCC-49/bin/arm-none-eabi-gcc" -MMD -MT "Startup/system_XMC4300.o" -DXMC4300_F100x256 -I"C:/Users/nikolica/Desktop/repos/ptc-firmware/ethercat/xmc4300_proj/xmc4300_proj/Libraries/XMCLib/inc" -I"C:/Users/nikolica/Desktop/repos/ptc-firmware/ethercat/xmc4300_proj/xmc4300_proj/Libraries/CMSIS/Include" -I"C:/Users/nikolica/Desktop/repos/ptc-firmware/ethercat/xmc4300_proj/xmc4300_proj/Libraries/CMSIS/Infineon/XMC4300_series/Include" -I"C:/Users/nikolica/Desktop/repos/ptc-firmware/ethercat/xmc4300_proj/xmc4300_proj" -I"C:/Users/nikolica/Desktop/repos/ptc-firmware/ethercat/xmc4300_proj/xmc4300_proj/Dave/Generated" -I"C:/Users/nikolica/Desktop/repos/ptc-firmware/ethercat/xmc4300_proj/xmc4300_proj/Libraries" -O0 -ffunction-sections -fdata-sections -Wall -std=gnu99 -mfloat-abi=softfp -Wa,-adhlns="Startup/system_XMC4300.o.lst" -pipe -c -fmessage-length=0 -MMD -MP -MF"Startup/system_XMC4300.d" -MT"Startup/system_XMC4300.d Startup/system_XMC4300.o" -mcpu=cortex-m4 -mfpu=fpv4-sp-d16 -mthumb -g -gdwarf-2 -o "Startup/system_XMC4300.o" "../Startup/system_XMC4300.c" 
'Finished building: ../Startup/system_XMC4300.c'

'Building file: ../Libraries/XMCLib/src/xmc4_eru.c'
'Invoking: ARM-GCC C Compiler'
"C:/Infineon/Tools/DAVE IDE/4.5.0.202105191637/eclipse/ARM-GCC-49/bin/arm-none-eabi-gcc" -MMD -MT "Libraries/XMCLib/src/xmc4_eru.o" -DXMC4300_F100x256 -I"C:/Users/nikolica/Desktop/repos/ptc-firmware/ethercat/xmc4300_proj/xmc4300_proj/Libraries/XMCLib/inc" -I"C:/Users/nikolica/Desktop/repos/ptc-firmware/ethercat/xmc4300_proj/xmc4300_proj/Libraries/CMSIS/Include" -I"C:/Users/nikolica/Desktop/repos/ptc-firmware/ethercat/xmc4300_proj/xmc4300_proj/Libraries/CMSIS/Infineon/XMC4300_series/Include" -I"C:/Users/nikolica/Desktop/repos/ptc-firmware/ethercat/xmc4300_proj/xmc4300_proj" -I"C:/Users/nikolica/Desktop/repos/ptc-firmware/ethercat/xmc4300_proj/xmc4300_proj/Dave/Generated" -I"C:/Users/nikolica/Desktop/repos/ptc-firmware/ethercat/xmc4300_proj/xmc4300_proj/Libraries" -O0 -ffunction-sections -fdata-sections -Wall -std=gnu99 -mfloat-abi=softfp -Wa,-adhlns="Libraries/XMCLib/src/xmc4_eru.o.lst" -pipe -c -fmessage-length=0 -MMD -MP -MF"Libraries/XMCLib/src/xmc4_eru.d" -MT"Libraries/XMCLib/src/xmc4_eru.d Libraries/XMCLib/src/xmc4_eru.o" -mcpu=cortex-m4 -mfpu=fpv4-sp-d16 -mthumb -g -gdwarf-2 -o "Libraries/XMCLib/src/xmc4_eru.o" "../Libraries/XMCLib/src/xmc4_eru.c" 
'Finished building: ../Libraries/XMCLib/src/xmc4_eru.c'

'Building file: ../Libraries/XMCLib/src/xmc4_flash.c'
'Invoking: ARM-GCC C Compiler'
"C:/Infineon/Tools/DAVE IDE/4.5.0.202105191637/eclipse/ARM-GCC-49/bin/arm-none-eabi-gcc" -MMD -MT "Libraries/XMCLib/src/xmc4_flash.o" -DXMC4300_F100x256 -I"C:/Users/nikolica/Desktop/repos/ptc-firmware/ethercat/xmc4300_proj/xmc4300_proj/Libraries/XMCLib/inc" -I"C:/Users/nikolica/Desktop/repos/ptc-firmware/ethercat/xmc4300_proj/xmc4300_proj/Libraries/CMSIS/Include" -I"C:/Users/nikolica/Desktop/repos/ptc-firmware/ethercat/xmc4300_proj/xmc4300_proj/Libraries/CMSIS/Infineon/XMC4300_series/Include" -I"C:/Users/nikolica/Desktop/repos/ptc-firmware/ethercat/xmc4300_proj/xmc4300_proj" -I"C:/Users/nikolica/Desktop/repos/ptc-firmware/ethercat/xmc4300_proj/xmc4300_proj/Dave/Generated" -I"C:/Users/nikolica/Desktop/repos/ptc-firmware/ethercat/xmc4300_proj/xmc4300_proj/Libraries" -O0 -ffunction-sections -fdata-sections -Wall -std=gnu99 -mfloat-abi=softfp -Wa,-adhlns="Libraries/XMCLib/src/xmc4_flash.o.lst" -pipe -c -fmessage-length=0 -MMD -MP -MF"Libraries/XMCLib/src/xmc4_flash.d" -MT"Libraries/XMCLib/src/xmc4_flash.d Libraries/XMCLib/src/xmc4_flash.o" -mcpu=cortex-m4 -mfpu=fpv4-sp-d16 -mthumb -g -gdwarf-2 -o "Libraries/XMCLib/src/xmc4_flash.o" "../Libraries/XMCLib/src/xmc4_flash.c" 
'Finished building: ../Libraries/XMCLib/src/xmc4_flash.c'

'Building file: ../Libraries/XMCLib/src/xmc4_gpio.c'
'Invoking: ARM-GCC C Compiler'
"C:/Infineon/Tools/DAVE IDE/4.5.0.202105191637/eclipse/ARM-GCC-49/bin/arm-none-eabi-gcc" -MMD -MT "Libraries/XMCLib/src/xmc4_gpio.o" -DXMC4300_F100x256 -I"C:/Users/nikolica/Desktop/repos/ptc-firmware/ethercat/xmc4300_proj/xmc4300_proj/Libraries/XMCLib/inc" -I"C:/Users/nikolica/Desktop/repos/ptc-firmware/ethercat/xmc4300_proj/xmc4300_proj/Libraries/CMSIS/Include" -I"C:/Users/nikolica/Desktop/repos/ptc-firmware/ethercat/xmc4300_proj/xmc4300_proj/Libraries/CMSIS/Infineon/XMC4300_series/Include" -I"C:/Users/nikolica/Desktop/repos/ptc-firmware/ethercat/xmc4300_proj/xmc4300_proj" -I"C:/Users/nikolica/Desktop/repos/ptc-firmware/ethercat/xmc4300_proj/xmc4300_proj/Dave/Generated" -I"C:/Users/nikolica/Desktop/repos/ptc-firmware/ethercat/xmc4300_proj/xmc4300_proj/Libraries" -O0 -ffunction-sections -fdata-sections -Wall -std=gnu99 -mfloat-abi=softfp -Wa,-adhlns="Libraries/XMCLib/src/xmc4_gpio.o.lst" -pipe -c -fmessage-length=0 -MMD -MP -MF"Libraries/XMCLib/src/xmc4_gpio.d" -MT"Libraries/XMCLib/src/xmc4_gpio.d Libraries/XMCLib/src/xmc4_gpio.o" -mcpu=cortex-m4 -mfpu=fpv4-sp-d16 -mthumb -g -gdwarf-2 -o "Libraries/XMCLib/src/xmc4_gpio.o" "../Libraries/XMCLib/src/xmc4_gpio.c" 
'Finished building: ../Libraries/XMCLib/src/xmc4_gpio.c'

'Building file: ../Libraries/XMCLib/src/xmc4_rtc.c'
'Invoking: ARM-GCC C Compiler'
"C:/Infineon/Tools/DAVE IDE/4.5.0.202105191637/eclipse/ARM-GCC-49/bin/arm-none-eabi-gcc" -MMD -MT "Libraries/XMCLib/src/xmc4_rtc.o" -DXMC4300_F100x256 -I"C:/Users/nikolica/Desktop/repos/ptc-firmware/ethercat/xmc4300_proj/xmc4300_proj/Libraries/XMCLib/inc" -I"C:/Users/nikolica/Desktop/repos/ptc-firmware/ethercat/xmc4300_proj/xmc4300_proj/Libraries/CMSIS/Include" -I"C:/Users/nikolica/Desktop/repos/ptc-firmware/ethercat/xmc4300_proj/xmc4300_proj/Libraries/CMSIS/Infineon/XMC4300_series/Include" -I"C:/Users/nikolica/Desktop/repos/ptc-firmware/ethercat/xmc4300_proj/xmc4300_proj" -I"C:/Users/nikolica/Desktop/repos/ptc-firmware/ethercat/xmc4300_proj/xmc4300_proj/Dave/Generated" -I"C:/Users/nikolica/Desktop/repos/ptc-firmware/ethercat/xmc4300_proj/xmc4300_proj/Libraries" -O0 -ffunction-sections -fdata-sections -Wall -std=gnu99 -mfloat-abi=softfp -Wa,-adhlns="Libraries/XMCLib/src/xmc4_rtc.o.lst" -pipe -c -fmessage-length=0 -MMD -MP -MF"Libraries/XMCLib/src/xmc4_rtc.d" -MT"Libraries/XMCLib/src/xmc4_rtc.d Libraries/XMCLib/src/xmc4_rtc.o" -mcpu=cortex-m4 -mfpu=fpv4-sp-d16 -mthumb -g -gdwarf-2 -o "Libraries/XMCLib/src/xmc4_rtc.o" "../Libraries/XMCLib/src/xmc4_rtc.c" 
'Finished building: ../Libraries/XMCLib/src/xmc4_rtc.c'

'Building file: ../Libraries/XMCLib/src/xmc_can.c'
'Invoking: ARM-GCC C Compiler'
"C:/Infineon/Tools/DAVE IDE/4.5.0.202105191637/eclipse/ARM-GCC-49/bin/arm-none-eabi-gcc" -MMD -MT "Libraries/XMCLib/src/xmc_can.o" -DXMC4300_F100x256 -I"C:/Users/nikolica/Desktop/repos/ptc-firmware/ethercat/xmc4300_proj/xmc4300_proj/Libraries/XMCLib/inc" -I"C:/Users/nikolica/Desktop/repos/ptc-firmware/ethercat/xmc4300_proj/xmc4300_proj/Libraries/CMSIS/Include" -I"C:/Users/nikolica/Desktop/repos/ptc-firmware/ethercat/xmc4300_proj/xmc4300_proj/Libraries/CMSIS/Infineon/XMC4300_series/Include" -I"C:/Users/nikolica/Desktop/repos/ptc-firmware/ethercat/xmc4300_proj/xmc4300_proj" -I"C:/Users/nikolica/Desktop/repos/ptc-firmware/ethercat/xmc4300_proj/xmc4300_proj/Dave/Generated" -I"C:/Users/nikolica/Desktop/repos/ptc-firmware/ethercat/xmc4300_proj/xmc4300_proj/Libraries" -O0 -ffunction-sections -fdata-sections -Wall -std=gnu99 -mfloat-abi=softfp -Wa,-adhlns="Libraries/XMCLib/src/xmc_can.o.lst" -pipe -c -fmessage-length=0 -MMD -MP -MF"Libraries/XMCLib/src/xmc_can.d" -MT"Libraries/XMCLib/src/xmc_can.d Libraries/XMCLib/src/xmc_can.o" -mcpu=cortex-m4 -mfpu=fpv4-sp-d16 -mthumb -g -gdwarf-2 -o "Libraries/XMCLib/src/xmc_can.o" "../Libraries/XMCLib/src/xmc_can.c" 
'Finished building: ../Libraries/XMCLib/src/xmc_can.c'

'Building file: ../Libraries/XMCLib/src/xmc4_scu.c'
'Invoking: ARM-GCC C Compiler'
"C:/Infineon/Tools/DAVE IDE/4.5.0.202105191637/eclipse/ARM-GCC-49/bin/arm-none-eabi-gcc" -MMD -MT "Libraries/XMCLib/src/xmc4_scu.o" -DXMC4300_F100x256 -I"C:/Users/nikolica/Desktop/repos/ptc-firmware/ethercat/xmc4300_proj/xmc4300_proj/Libraries/XMCLib/inc" -I"C:/Users/nikolica/Desktop/repos/ptc-firmware/ethercat/xmc4300_proj/xmc4300_proj/Libraries/CMSIS/Include" -I"C:/Users/nikolica/Desktop/repos/ptc-firmware/ethercat/xmc4300_proj/xmc4300_proj/Libraries/CMSIS/Infineon/XMC4300_series/Include" -I"C:/Users/nikolica/Desktop/repos/ptc-firmware/ethercat/xmc4300_proj/xmc4300_proj" -I"C:/Users/nikolica/Desktop/repos/ptc-firmware/ethercat/xmc4300_proj/xmc4300_proj/Dave/Generated" -I"C:/Users/nikolica/Desktop/repos/ptc-firmware/ethercat/xmc4300_proj/xmc4300_proj/Libraries" -O0 -ffunction-sections -fdata-sections -Wall -std=gnu99 -mfloat-abi=softfp -Wa,-adhlns="Libraries/XMCLib/src/xmc4_scu.o.lst" -pipe -c -fmessage-length=0 -MMD -MP -MF"Libraries/XMCLib/src/xmc4_scu.d" -MT"Libraries/XMCLib/src/xmc4_scu.d Libraries/XMCLib/src/xmc4_scu.o" -mcpu=cortex-m4 -mfpu=fpv4-sp-d16 -mthumb -g -gdwarf-2 -o "Libraries/XMCLib/src/xmc4_scu.o" "../Libraries/XMCLib/src/xmc4_scu.c" 
'Finished building: ../Libraries/XMCLib/src/xmc4_scu.c'

'Building file: ../Libraries/XMCLib/src/xmc_ccu4.c'
'Invoking: ARM-GCC C Compiler'
"C:/Infineon/Tools/DAVE IDE/4.5.0.202105191637/eclipse/ARM-GCC-49/bin/arm-none-eabi-gcc" -MMD -MT "Libraries/XMCLib/src/xmc_ccu4.o" -DXMC4300_F100x256 -I"C:/Users/nikolica/Desktop/repos/ptc-firmware/ethercat/xmc4300_proj/xmc4300_proj/Libraries/XMCLib/inc" -I"C:/Users/nikolica/Desktop/repos/ptc-firmware/ethercat/xmc4300_proj/xmc4300_proj/Libraries/CMSIS/Include" -I"C:/Users/nikolica/Desktop/repos/ptc-firmware/ethercat/xmc4300_proj/xmc4300_proj/Libraries/CMSIS/Infineon/XMC4300_series/Include" -I"C:/Users/nikolica/Desktop/repos/ptc-firmware/ethercat/xmc4300_proj/xmc4300_proj" -I"C:/Users/nikolica/Desktop/repos/ptc-firmware/ethercat/xmc4300_proj/xmc4300_proj/Dave/Generated" -I"C:/Users/nikolica/Desktop/repos/ptc-firmware/ethercat/xmc4300_proj/xmc4300_proj/Libraries" -O0 -ffunction-sections -fdata-sections -Wall -std=gnu99 -mfloat-abi=softfp -Wa,-adhlns="Libraries/XMCLib/src/xmc_ccu4.o.lst" -pipe -c -fmessage-length=0 -MMD -MP -MF"Libraries/XMCLib/src/xmc_ccu4.d" -MT"Libraries/XMCLib/src/xmc_ccu4.d Libraries/XMCLib/src/xmc_ccu4.o" -mcpu=cortex-m4 -mfpu=fpv4-sp-d16 -mthumb -g -gdwarf-2 -o "Libraries/XMCLib/src/xmc_ccu4.o" "../Libraries/XMCLib/src/xmc_ccu4.c" 
'Finished building: ../Libraries/XMCLib/src/xmc_ccu4.c'

'Building file: ../Libraries/XMCLib/src/xmc_common.c'
'Invoking: ARM-GCC C Compiler'
"C:/Infineon/Tools/DAVE IDE/4.5.0.202105191637/eclipse/ARM-GCC-49/bin/arm-none-eabi-gcc" -MMD -MT "Libraries/XMCLib/src/xmc_common.o" -DXMC4300_F100x256 -I"C:/Users/nikolica/Desktop/repos/ptc-firmware/ethercat/xmc4300_proj/xmc4300_proj/Libraries/XMCLib/inc" -I"C:/Users/nikolica/Desktop/repos/ptc-firmware/ethercat/xmc4300_proj/xmc4300_proj/Libraries/CMSIS/Include" -I"C:/Users/nikolica/Desktop/repos/ptc-firmware/ethercat/xmc4300_proj/xmc4300_proj/Libraries/CMSIS/Infineon/XMC4300_series/Include" -I"C:/Users/nikolica/Desktop/repos/ptc-firmware/ethercat/xmc4300_proj/xmc4300_proj" -I"C:/Users/nikolica/Desktop/repos/ptc-firmware/ethercat/xmc4300_proj/xmc4300_proj/Dave/Generated" -I"C:/Users/nikolica/Desktop/repos/ptc-firmware/ethercat/xmc4300_proj/xmc4300_proj/Libraries" -O0 -ffunction-sections -fdata-sections -Wall -std=gnu99 -mfloat-abi=softfp -Wa,-adhlns="Libraries/XMCLib/src/xmc_common.o.lst" -pipe -c -fmessage-length=0 -MMD -MP -MF"Libraries/XMCLib/src/xmc_common.d" -MT"Libraries/XMCLib/src/xmc_common.d Libraries/XMCLib/src/xmc_common.o" -mcpu=cortex-m4 -mfpu=fpv4-sp-d16 -mthumb -g -gdwarf-2 -o "Libraries/XMCLib/src/xmc_common.o" "../Libraries/XMCLib/src/xmc_common.c" 
'Finished building: ../Libraries/XMCLib/src/xmc_common.c'

'Building file: ../Libraries/XMCLib/src/xmc_ccu8.c'
'Invoking: ARM-GCC C Compiler'
"C:/Infineon/Tools/DAVE IDE/4.5.0.202105191637/eclipse/ARM-GCC-49/bin/arm-none-eabi-gcc" -MMD -MT "Libraries/XMCLib/src/xmc_ccu8.o" -DXMC4300_F100x256 -I"C:/Users/nikolica/Desktop/repos/ptc-firmware/ethercat/xmc4300_proj/xmc4300_proj/Libraries/XMCLib/inc" -I"C:/Users/nikolica/Desktop/repos/ptc-firmware/ethercat/xmc4300_proj/xmc4300_proj/Libraries/CMSIS/Include" -I"C:/Users/nikolica/Desktop/repos/ptc-firmware/ethercat/xmc4300_proj/xmc4300_proj/Libraries/CMSIS/Infineon/XMC4300_series/Include" -I"C:/Users/nikolica/Desktop/repos/ptc-firmware/ethercat/xmc4300_proj/xmc4300_proj" -I"C:/Users/nikolica/Desktop/repos/ptc-firmware/ethercat/xmc4300_proj/xmc4300_proj/Dave/Generated" -I"C:/Users/nikolica/Desktop/repos/ptc-firmware/ethercat/xmc4300_proj/xmc4300_proj/Libraries" -O0 -ffunction-sections -fdata-sections -Wall -std=gnu99 -mfloat-abi=softfp -Wa,-adhlns="Libraries/XMCLib/src/xmc_ccu8.o.lst" -pipe -c -fmessage-length=0 -MMD -MP -MF"Libraries/XMCLib/src/xmc_ccu8.d" -MT"Libraries/XMCLib/src/xmc_ccu8.d Libraries/XMCLib/src/xmc_ccu8.o" -mcpu=cortex-m4 -mfpu=fpv4-sp-d16 -mthumb -g -gdwarf-2 -o "Libraries/XMCLib/src/xmc_ccu8.o" "../Libraries/XMCLib/src/xmc_ccu8.c" 
'Finished building: ../Libraries/XMCLib/src/xmc_ccu8.c'

'Building file: ../Libraries/XMCLib/src/xmc_dac.c'
'Invoking: ARM-GCC C Compiler'
"C:/Infineon/Tools/DAVE IDE/4.5.0.202105191637/eclipse/ARM-GCC-49/bin/arm-none-eabi-gcc" -MMD -MT "Libraries/XMCLib/src/xmc_dac.o" -DXMC4300_F100x256 -I"C:/Users/nikolica/Desktop/repos/ptc-firmware/ethercat/xmc4300_proj/xmc4300_proj/Libraries/XMCLib/inc" -I"C:/Users/nikolica/Desktop/repos/ptc-firmware/ethercat/xmc4300_proj/xmc4300_proj/Libraries/CMSIS/Include" -I"C:/Users/nikolica/Desktop/repos/ptc-firmware/ethercat/xmc4300_proj/xmc4300_proj/Libraries/CMSIS/Infineon/XMC4300_series/Include" -I"C:/Users/nikolica/Desktop/repos/ptc-firmware/ethercat/xmc4300_proj/xmc4300_proj" -I"C:/Users/nikolica/Desktop/repos/ptc-firmware/ethercat/xmc4300_proj/xmc4300_proj/Dave/Generated" -I"C:/Users/nikolica/Desktop/repos/ptc-firmware/ethercat/xmc4300_proj/xmc4300_proj/Libraries" -O0 -ffunction-sections -fdata-sections -Wall -std=gnu99 -mfloat-abi=softfp -Wa,-adhlns="Libraries/XMCLib/src/xmc_dac.o.lst" -pipe -c -fmessage-length=0 -MMD -MP -MF"Libraries/XMCLib/src/xmc_dac.d" -MT"Libraries/XMCLib/src/xmc_dac.d Libraries/XMCLib/src/xmc_dac.o" -mcpu=cortex-m4 -mfpu=fpv4-sp-d16 -mthumb -g -gdwarf-2 -o "Libraries/XMCLib/src/xmc_dac.o" "../Libraries/XMCLib/src/xmc_dac.c" 
'Finished building: ../Libraries/XMCLib/src/xmc_dac.c'

'Building file: ../Libraries/XMCLib/src/xmc_dma.c'
'Invoking: ARM-GCC C Compiler'
"C:/Infineon/Tools/DAVE IDE/4.5.0.202105191637/eclipse/ARM-GCC-49/bin/arm-none-eabi-gcc" -MMD -MT "Libraries/XMCLib/src/xmc_dma.o" -DXMC4300_F100x256 -I"C:/Users/nikolica/Desktop/repos/ptc-firmware/ethercat/xmc4300_proj/xmc4300_proj/Libraries/XMCLib/inc" -I"C:/Users/nikolica/Desktop/repos/ptc-firmware/ethercat/xmc4300_proj/xmc4300_proj/Libraries/CMSIS/Include" -I"C:/Users/nikolica/Desktop/repos/ptc-firmware/ethercat/xmc4300_proj/xmc4300_proj/Libraries/CMSIS/Infineon/XMC4300_series/Include" -I"C:/Users/nikolica/Desktop/repos/ptc-firmware/ethercat/xmc4300_proj/xmc4300_proj" -I"C:/Users/nikolica/Desktop/repos/ptc-firmware/ethercat/xmc4300_proj/xmc4300_proj/Dave/Generated" -I"C:/Users/nikolica/Desktop/repos/ptc-firmware/ethercat/xmc4300_proj/xmc4300_proj/Libraries" -O0 -ffunction-sections -fdata-sections -Wall -std=gnu99 -mfloat-abi=softfp -Wa,-adhlns="Libraries/XMCLib/src/xmc_dma.o.lst" -pipe -c -fmessage-length=0 -MMD -MP -MF"Libraries/XMCLib/src/xmc_dma.d" -MT"Libraries/XMCLib/src/xmc_dma.d Libraries/XMCLib/src/xmc_dma.o" -mcpu=cortex-m4 -mfpu=fpv4-sp-d16 -mthumb -g -gdwarf-2 -o "Libraries/XMCLib/src/xmc_dma.o" "../Libraries/XMCLib/src/xmc_dma.c" 
'Finished building: ../Libraries/XMCLib/src/xmc_dma.c'

'Building file: ../Libraries/XMCLib/src/xmc_dsd.c'
'Invoking: ARM-GCC C Compiler'
"C:/Infineon/Tools/DAVE IDE/4.5.0.202105191637/eclipse/ARM-GCC-49/bin/arm-none-eabi-gcc" -MMD -MT "Libraries/XMCLib/src/xmc_dsd.o" -DXMC4300_F100x256 -I"C:/Users/nikolica/Desktop/repos/ptc-firmware/ethercat/xmc4300_proj/xmc4300_proj/Libraries/XMCLib/inc" -I"C:/Users/nikolica/Desktop/repos/ptc-firmware/ethercat/xmc4300_proj/xmc4300_proj/Libraries/CMSIS/Include" -I"C:/Users/nikolica/Desktop/repos/ptc-firmware/ethercat/xmc4300_proj/xmc4300_proj/Libraries/CMSIS/Infineon/XMC4300_series/Include" -I"C:/Users/nikolica/Desktop/repos/ptc-firmware/ethercat/xmc4300_proj/xmc4300_proj" -I"C:/Users/nikolica/Desktop/repos/ptc-firmware/ethercat/xmc4300_proj/xmc4300_proj/Dave/Generated" -I"C:/Users/nikolica/Desktop/repos/ptc-firmware/ethercat/xmc4300_proj/xmc4300_proj/Libraries" -O0 -ffunction-sections -fdata-sections -Wall -std=gnu99 -mfloat-abi=softfp -Wa,-adhlns="Libraries/XMCLib/src/xmc_dsd.o.lst" -pipe -c -fmessage-length=0 -MMD -MP -MF"Libraries/XMCLib/src/xmc_dsd.d" -MT"Libraries/XMCLib/src/xmc_dsd.d Libraries/XMCLib/src/xmc_dsd.o" -mcpu=cortex-m4 -mfpu=fpv4-sp-d16 -mthumb -g -gdwarf-2 -o "Libraries/XMCLib/src/xmc_dsd.o" "../Libraries/XMCLib/src/xmc_dsd.c" 
'Finished building: ../Libraries/XMCLib/src/xmc_dsd.c'

'Building file: ../Libraries/XMCLib/src/xmc_ebu.c'
'Invoking: ARM-GCC C Compiler'
"C:/Infineon/Tools/DAVE IDE/4.5.0.202105191637/eclipse/ARM-GCC-49/bin/arm-none-eabi-gcc" -MMD -MT "Libraries/XMCLib/src/xmc_ebu.o" -DXMC4300_F100x256 -I"C:/Users/nikolica/Desktop/repos/ptc-firmware/ethercat/xmc4300_proj/xmc4300_proj/Libraries/XMCLib/inc" -I"C:/Users/nikolica/Desktop/repos/ptc-firmware/ethercat/xmc4300_proj/xmc4300_proj/Libraries/CMSIS/Include" -I"C:/Users/nikolica/Desktop/repos/ptc-firmware/ethercat/xmc4300_proj/xmc4300_proj/Libraries/CMSIS/Infineon/XMC4300_series/Include" -I"C:/Users/nikolica/Desktop/repos/ptc-firmware/ethercat/xmc4300_proj/xmc4300_proj" -I"C:/Users/nikolica/Desktop/repos/ptc-firmware/ethercat/xmc4300_proj/xmc4300_proj/Dave/Generated" -I"C:/Users/nikolica/Desktop/repos/ptc-firmware/ethercat/xmc4300_proj/xmc4300_proj/Libraries" -O0 -ffunction-sections -fdata-sections -Wall -std=gnu99 -mfloat-abi=softfp -Wa,-adhlns="Libraries/XMCLib/src/xmc_ebu.o.lst" -pipe -c -fmessage-length=0 -MMD -MP -MF"Libraries/XMCLib/src/xmc_ebu.d" -MT"Libraries/XMCLib/src/xmc_ebu.d Libraries/XMCLib/src/xmc_ebu.o" -mcpu=cortex-m4 -mfpu=fpv4-sp-d16 -mthumb -g -gdwarf-2 -o "Libraries/XMCLib/src/xmc_ebu.o" "../Libraries/XMCLib/src/xmc_ebu.c" 
'Finished building: ../Libraries/XMCLib/src/xmc_ebu.c'

'Building file: ../Libraries/XMCLib/src/xmc_ecat.c'
'Invoking: ARM-GCC C Compiler'
"C:/Infineon/Tools/DAVE IDE/4.5.0.202105191637/eclipse/ARM-GCC-49/bin/arm-none-eabi-gcc" -MMD -MT "Libraries/XMCLib/src/xmc_ecat.o" -DXMC4300_F100x256 -I"C:/Users/nikolica/Desktop/repos/ptc-firmware/ethercat/xmc4300_proj/xmc4300_proj/Libraries/XMCLib/inc" -I"C:/Users/nikolica/Desktop/repos/ptc-firmware/ethercat/xmc4300_proj/xmc4300_proj/Libraries/CMSIS/Include" -I"C:/Users/nikolica/Desktop/repos/ptc-firmware/ethercat/xmc4300_proj/xmc4300_proj/Libraries/CMSIS/Infineon/XMC4300_series/Include" -I"C:/Users/nikolica/Desktop/repos/ptc-firmware/ethercat/xmc4300_proj/xmc4300_proj" -I"C:/Users/nikolica/Desktop/repos/ptc-firmware/ethercat/xmc4300_proj/xmc4300_proj/Dave/Generated" -I"C:/Users/nikolica/Desktop/repos/ptc-firmware/ethercat/xmc4300_proj/xmc4300_proj/Libraries" -O0 -ffunction-sections -fdata-sections -Wall -std=gnu99 -mfloat-abi=softfp -Wa,-adhlns="Libraries/XMCLib/src/xmc_ecat.o.lst" -pipe -c -fmessage-length=0 -MMD -MP -MF"Libraries/XMCLib/src/xmc_ecat.d" -MT"Libraries/XMCLib/src/xmc_ecat.d Libraries/XMCLib/src/xmc_ecat.o" -mcpu=cortex-m4 -mfpu=fpv4-sp-d16 -mthumb -g -gdwarf-2 -o "Libraries/XMCLib/src/xmc_ecat.o" "../Libraries/XMCLib/src/xmc_ecat.c" 
'Finished building: ../Libraries/XMCLib/src/xmc_ecat.c'

'Building file: ../Libraries/XMCLib/src/xmc_eru.c'
'Invoking: ARM-GCC C Compiler'
"C:/Infineon/Tools/DAVE IDE/4.5.0.202105191637/eclipse/ARM-GCC-49/bin/arm-none-eabi-gcc" -MMD -MT "Libraries/XMCLib/src/xmc_eru.o" -DXMC4300_F100x256 -I"C:/Users/nikolica/Desktop/repos/ptc-firmware/ethercat/xmc4300_proj/xmc4300_proj/Libraries/XMCLib/inc" -I"C:/Users/nikolica/Desktop/repos/ptc-firmware/ethercat/xmc4300_proj/xmc4300_proj/Libraries/CMSIS/Include" -I"C:/Users/nikolica/Desktop/repos/ptc-firmware/ethercat/xmc4300_proj/xmc4300_proj/Libraries/CMSIS/Infineon/XMC4300_series/Include" -I"C:/Users/nikolica/Desktop/repos/ptc-firmware/ethercat/xmc4300_proj/xmc4300_proj" -I"C:/Users/nikolica/Desktop/repos/ptc-firmware/ethercat/xmc4300_proj/xmc4300_proj/Dave/Generated" -I"C:/Users/nikolica/Desktop/repos/ptc-firmware/ethercat/xmc4300_proj/xmc4300_proj/Libraries" -O0 -ffunction-sections -fdata-sections -Wall -std=gnu99 -mfloat-abi=softfp -Wa,-adhlns="Libraries/XMCLib/src/xmc_eru.o.lst" -pipe -c -fmessage-length=0 -MMD -MP -MF"Libraries/XMCLib/src/xmc_eru.d" -MT"Libraries/XMCLib/src/xmc_eru.d Libraries/XMCLib/src/xmc_eru.o" -mcpu=cortex-m4 -mfpu=fpv4-sp-d16 -mthumb -g -gdwarf-2 -o "Libraries/XMCLib/src/xmc_eru.o" "../Libraries/XMCLib/src/xmc_eru.c" 
'Finished building: ../Libraries/XMCLib/src/xmc_eru.c'

'Building file: ../Libraries/XMCLib/src/xmc_eth_phy_dp83848.c'
'Invoking: ARM-GCC C Compiler'
"C:/Infineon/Tools/DAVE IDE/4.5.0.202105191637/eclipse/ARM-GCC-49/bin/arm-none-eabi-gcc" -MMD -MT "Libraries/XMCLib/src/xmc_eth_phy_dp83848.o" -DXMC4300_F100x256 -I"C:/Users/nikolica/Desktop/repos/ptc-firmware/ethercat/xmc4300_proj/xmc4300_proj/Libraries/XMCLib/inc" -I"C:/Users/nikolica/Desktop/repos/ptc-firmware/ethercat/xmc4300_proj/xmc4300_proj/Libraries/CMSIS/Include" -I"C:/Users/nikolica/Desktop/repos/ptc-firmware/ethercat/xmc4300_proj/xmc4300_proj/Libraries/CMSIS/Infineon/XMC4300_series/Include" -I"C:/Users/nikolica/Desktop/repos/ptc-firmware/ethercat/xmc4300_proj/xmc4300_proj" -I"C:/Users/nikolica/Desktop/repos/ptc-firmware/ethercat/xmc4300_proj/xmc4300_proj/Dave/Generated" -I"C:/Users/nikolica/Desktop/repos/ptc-firmware/ethercat/xmc4300_proj/xmc4300_proj/Libraries" -O0 -ffunction-sections -fdata-sections -Wall -std=gnu99 -mfloat-abi=softfp -Wa,-adhlns="Libraries/XMCLib/src/xmc_eth_phy_dp83848.o.lst" -pipe -c -fmessage-length=0 -MMD -MP -MF"Libraries/XMCLib/src/xmc_eth_phy_dp83848.d" -MT"Libraries/XMCLib/src/xmc_eth_phy_dp83848.d Libraries/XMCLib/src/xmc_eth_phy_dp83848.o" -mcpu=cortex-m4 -mfpu=fpv4-sp-d16 -mthumb -g -gdwarf-2 -o "Libraries/XMCLib/src/xmc_eth_phy_dp83848.o" "../Libraries/XMCLib/src/xmc_eth_phy_dp83848.c" 
'Finished building: ../Libraries/XMCLib/src/xmc_eth_phy_dp83848.c'

'Building file: ../Libraries/XMCLib/src/xmc_eth_mac.c'
'Invoking: ARM-GCC C Compiler'
"C:/Infineon/Tools/DAVE IDE/4.5.0.202105191637/eclipse/ARM-GCC-49/bin/arm-none-eabi-gcc" -MMD -MT "Libraries/XMCLib/src/xmc_eth_mac.o" -DXMC4300_F100x256 -I"C:/Users/nikolica/Desktop/repos/ptc-firmware/ethercat/xmc4300_proj/xmc4300_proj/Libraries/XMCLib/inc" -I"C:/Users/nikolica/Desktop/repos/ptc-firmware/ethercat/xmc4300_proj/xmc4300_proj/Libraries/CMSIS/Include" -I"C:/Users/nikolica/Desktop/repos/ptc-firmware/ethercat/xmc4300_proj/xmc4300_proj/Libraries/CMSIS/Infineon/XMC4300_series/Include" -I"C:/Users/nikolica/Desktop/repos/ptc-firmware/ethercat/xmc4300_proj/xmc4300_proj" -I"C:/Users/nikolica/Desktop/repos/ptc-firmware/ethercat/xmc4300_proj/xmc4300_proj/Dave/Generated" -I"C:/Users/nikolica/Desktop/repos/ptc-firmware/ethercat/xmc4300_proj/xmc4300_proj/Libraries" -O0 -ffunction-sections -fdata-sections -Wall -std=gnu99 -mfloat-abi=softfp -Wa,-adhlns="Libraries/XMCLib/src/xmc_eth_mac.o.lst" -pipe -c -fmessage-length=0 -MMD -MP -MF"Libraries/XMCLib/src/xmc_eth_mac.d" -MT"Libraries/XMCLib/src/xmc_eth_mac.d Libraries/XMCLib/src/xmc_eth_mac.o" -mcpu=cortex-m4 -mfpu=fpv4-sp-d16 -mthumb -g -gdwarf-2 -o "Libraries/XMCLib/src/xmc_eth_mac.o" "../Libraries/XMCLib/src/xmc_eth_mac.c" 
'Finished building: ../Libraries/XMCLib/src/xmc_eth_mac.c'

'Building file: ../Libraries/XMCLib/src/xmc_eth_phy_ksz8031rnl.c'
'Invoking: ARM-GCC C Compiler'
"C:/Infineon/Tools/DAVE IDE/4.5.0.202105191637/eclipse/ARM-GCC-49/bin/arm-none-eabi-gcc" -MMD -MT "Libraries/XMCLib/src/xmc_eth_phy_ksz8031rnl.o" -DXMC4300_F100x256 -I"C:/Users/nikolica/Desktop/repos/ptc-firmware/ethercat/xmc4300_proj/xmc4300_proj/Libraries/XMCLib/inc" -I"C:/Users/nikolica/Desktop/repos/ptc-firmware/ethercat/xmc4300_proj/xmc4300_proj/Libraries/CMSIS/Include" -I"C:/Users/nikolica/Desktop/repos/ptc-firmware/ethercat/xmc4300_proj/xmc4300_proj/Libraries/CMSIS/Infineon/XMC4300_series/Include" -I"C:/Users/nikolica/Desktop/repos/ptc-firmware/ethercat/xmc4300_proj/xmc4300_proj" -I"C:/Users/nikolica/Desktop/repos/ptc-firmware/ethercat/xmc4300_proj/xmc4300_proj/Dave/Generated" -I"C:/Users/nikolica/Desktop/repos/ptc-firmware/ethercat/xmc4300_proj/xmc4300_proj/Libraries" -O0 -ffunction-sections -fdata-sections -Wall -std=gnu99 -mfloat-abi=softfp -Wa,-adhlns="Libraries/XMCLib/src/xmc_eth_phy_ksz8031rnl.o.lst" -pipe -c -fmessage-length=0 -MMD -MP -MF"Libraries/XMCLib/src/xmc_eth_phy_ksz8031rnl.d" -MT"Libraries/XMCLib/src/xmc_eth_phy_ksz8031rnl.d Libraries/XMCLib/src/xmc_eth_phy_ksz8031rnl.o" -mcpu=cortex-m4 -mfpu=fpv4-sp-d16 -mthumb -g -gdwarf-2 -o "Libraries/XMCLib/src/xmc_eth_phy_ksz8031rnl.o" "../Libraries/XMCLib/src/xmc_eth_phy_ksz8031rnl.c" 
'Finished building: ../Libraries/XMCLib/src/xmc_eth_phy_ksz8031rnl.c'

'Building file: ../Libraries/XMCLib/src/xmc_eth_phy_ksz8081rnb.c'
'Invoking: ARM-GCC C Compiler'
"C:/Infineon/Tools/DAVE IDE/4.5.0.202105191637/eclipse/ARM-GCC-49/bin/arm-none-eabi-gcc" -MMD -MT "Libraries/XMCLib/src/xmc_eth_phy_ksz8081rnb.o" -DXMC4300_F100x256 -I"C:/Users/nikolica/Desktop/repos/ptc-firmware/ethercat/xmc4300_proj/xmc4300_proj/Libraries/XMCLib/inc" -I"C:/Users/nikolica/Desktop/repos/ptc-firmware/ethercat/xmc4300_proj/xmc4300_proj/Libraries/CMSIS/Include" -I"C:/Users/nikolica/Desktop/repos/ptc-firmware/ethercat/xmc4300_proj/xmc4300_proj/Libraries/CMSIS/Infineon/XMC4300_series/Include" -I"C:/Users/nikolica/Desktop/repos/ptc-firmware/ethercat/xmc4300_proj/xmc4300_proj" -I"C:/Users/nikolica/Desktop/repos/ptc-firmware/ethercat/xmc4300_proj/xmc4300_proj/Dave/Generated" -I"C:/Users/nikolica/Desktop/repos/ptc-firmware/ethercat/xmc4300_proj/xmc4300_proj/Libraries" -O0 -ffunction-sections -fdata-sections -Wall -std=gnu99 -mfloat-abi=softfp -Wa,-adhlns="Libraries/XMCLib/src/xmc_eth_phy_ksz8081rnb.o.lst" -pipe -c -fmessage-length=0 -MMD -MP -MF"Libraries/XMCLib/src/xmc_eth_phy_ksz8081rnb.d" -MT"Libraries/XMCLib/src/xmc_eth_phy_ksz8081rnb.d Libraries/XMCLib/src/xmc_eth_phy_ksz8081rnb.o" -mcpu=cortex-m4 -mfpu=fpv4-sp-d16 -mthumb -g -gdwarf-2 -o "Libraries/XMCLib/src/xmc_eth_phy_ksz8081rnb.o" "../Libraries/XMCLib/src/xmc_eth_phy_ksz8081rnb.c" 
'Finished building: ../Libraries/XMCLib/src/xmc_eth_phy_ksz8081rnb.c'

'Building file: ../Libraries/XMCLib/src/xmc_fce.c'
'Invoking: ARM-GCC C Compiler'
"C:/Infineon/Tools/DAVE IDE/4.5.0.202105191637/eclipse/ARM-GCC-49/bin/arm-none-eabi-gcc" -MMD -MT "Libraries/XMCLib/src/xmc_fce.o" -DXMC4300_F100x256 -I"C:/Users/nikolica/Desktop/repos/ptc-firmware/ethercat/xmc4300_proj/xmc4300_proj/Libraries/XMCLib/inc" -I"C:/Users/nikolica/Desktop/repos/ptc-firmware/ethercat/xmc4300_proj/xmc4300_proj/Libraries/CMSIS/Include" -I"C:/Users/nikolica/Desktop/repos/ptc-firmware/ethercat/xmc4300_proj/xmc4300_proj/Libraries/CMSIS/Infineon/XMC4300_series/Include" -I"C:/Users/nikolica/Desktop/repos/ptc-firmware/ethercat/xmc4300_proj/xmc4300_proj" -I"C:/Users/nikolica/Desktop/repos/ptc-firmware/ethercat/xmc4300_proj/xmc4300_proj/Dave/Generated" -I"C:/Users/nikolica/Desktop/repos/ptc-firmware/ethercat/xmc4300_proj/xmc4300_proj/Libraries" -O0 -ffunction-sections -fdata-sections -Wall -std=gnu99 -mfloat-abi=softfp -Wa,-adhlns="Libraries/XMCLib/src/xmc_fce.o.lst" -pipe -c -fmessage-length=0 -MMD -MP -MF"Libraries/XMCLib/src/xmc_fce.d" -MT"Libraries/XMCLib/src/xmc_fce.d Libraries/XMCLib/src/xmc_fce.o" -mcpu=cortex-m4 -mfpu=fpv4-sp-d16 -mthumb -g -gdwarf-2 -o "Libraries/XMCLib/src/xmc_fce.o" "../Libraries/XMCLib/src/xmc_fce.c" 
'Finished building: ../Libraries/XMCLib/src/xmc_fce.c'

'Building file: ../Libraries/XMCLib/src/xmc_gpio.c'
'Invoking: ARM-GCC C Compiler'
"C:/Infineon/Tools/DAVE IDE/4.5.0.202105191637/eclipse/ARM-GCC-49/bin/arm-none-eabi-gcc" -MMD -MT "Libraries/XMCLib/src/xmc_gpio.o" -DXMC4300_F100x256 -I"C:/Users/nikolica/Desktop/repos/ptc-firmware/ethercat/xmc4300_proj/xmc4300_proj/Libraries/XMCLib/inc" -I"C:/Users/nikolica/Desktop/repos/ptc-firmware/ethercat/xmc4300_proj/xmc4300_proj/Libraries/CMSIS/Include" -I"C:/Users/nikolica/Desktop/repos/ptc-firmware/ethercat/xmc4300_proj/xmc4300_proj/Libraries/CMSIS/Infineon/XMC4300_series/Include" -I"C:/Users/nikolica/Desktop/repos/ptc-firmware/ethercat/xmc4300_proj/xmc4300_proj" -I"C:/Users/nikolica/Desktop/repos/ptc-firmware/ethercat/xmc4300_proj/xmc4300_proj/Dave/Generated" -I"C:/Users/nikolica/Desktop/repos/ptc-firmware/ethercat/xmc4300_proj/xmc4300_proj/Libraries" -O0 -ffunction-sections -fdata-sections -Wall -std=gnu99 -mfloat-abi=softfp -Wa,-adhlns="Libraries/XMCLib/src/xmc_gpio.o.lst" -pipe -c -fmessage-length=0 -MMD -MP -MF"Libraries/XMCLib/src/xmc_gpio.d" -MT"Libraries/XMCLib/src/xmc_gpio.d Libraries/XMCLib/src/xmc_gpio.o" -mcpu=cortex-m4 -mfpu=fpv4-sp-d16 -mthumb -g -gdwarf-2 -o "Libraries/XMCLib/src/xmc_gpio.o" "../Libraries/XMCLib/src/xmc_gpio.c" 
'Finished building: ../Libraries/XMCLib/src/xmc_gpio.c'

'Building file: ../Libraries/XMCLib/src/xmc_hrpwm.c'
'Invoking: ARM-GCC C Compiler'
"C:/Infineon/Tools/DAVE IDE/4.5.0.202105191637/eclipse/ARM-GCC-49/bin/arm-none-eabi-gcc" -MMD -MT "Libraries/XMCLib/src/xmc_hrpwm.o" -DXMC4300_F100x256 -I"C:/Users/nikolica/Desktop/repos/ptc-firmware/ethercat/xmc4300_proj/xmc4300_proj/Libraries/XMCLib/inc" -I"C:/Users/nikolica/Desktop/repos/ptc-firmware/ethercat/xmc4300_proj/xmc4300_proj/Libraries/CMSIS/Include" -I"C:/Users/nikolica/Desktop/repos/ptc-firmware/ethercat/xmc4300_proj/xmc4300_proj/Libraries/CMSIS/Infineon/XMC4300_series/Include" -I"C:/Users/nikolica/Desktop/repos/ptc-firmware/ethercat/xmc4300_proj/xmc4300_proj" -I"C:/Users/nikolica/Desktop/repos/ptc-firmware/ethercat/xmc4300_proj/xmc4300_proj/Dave/Generated" -I"C:/Users/nikolica/Desktop/repos/ptc-firmware/ethercat/xmc4300_proj/xmc4300_proj/Libraries" -O0 -ffunction-sections -fdata-sections -Wall -std=gnu99 -mfloat-abi=softfp -Wa,-adhlns="Libraries/XMCLib/src/xmc_hrpwm.o.lst" -pipe -c -fmessage-length=0 -MMD -MP -MF"Libraries/XMCLib/src/xmc_hrpwm.d" -MT"Libraries/XMCLib/src/xmc_hrpwm.d Libraries/XMCLib/src/xmc_hrpwm.o" -mcpu=cortex-m4 -mfpu=fpv4-sp-d16 -mthumb -g -gdwarf-2 -o "Libraries/XMCLib/src/xmc_hrpwm.o" "../Libraries/XMCLib/src/xmc_hrpwm.c" 
'Finished building: ../Libraries/XMCLib/src/xmc_hrpwm.c'

'Building file: ../Libraries/XMCLib/src/xmc_i2c.c'
'Invoking: ARM-GCC C Compiler'
"C:/Infineon/Tools/DAVE IDE/4.5.0.202105191637/eclipse/ARM-GCC-49/bin/arm-none-eabi-gcc" -MMD -MT "Libraries/XMCLib/src/xmc_i2c.o" -DXMC4300_F100x256 -I"C:/Users/nikolica/Desktop/repos/ptc-firmware/ethercat/xmc4300_proj/xmc4300_proj/Libraries/XMCLib/inc" -I"C:/Users/nikolica/Desktop/repos/ptc-firmware/ethercat/xmc4300_proj/xmc4300_proj/Libraries/CMSIS/Include" -I"C:/Users/nikolica/Desktop/repos/ptc-firmware/ethercat/xmc4300_proj/xmc4300_proj/Libraries/CMSIS/Infineon/XMC4300_series/Include" -I"C:/Users/nikolica/Desktop/repos/ptc-firmware/ethercat/xmc4300_proj/xmc4300_proj" -I"C:/Users/nikolica/Desktop/repos/ptc-firmware/ethercat/xmc4300_proj/xmc4300_proj/Dave/Generated" -I"C:/Users/nikolica/Desktop/repos/ptc-firmware/ethercat/xmc4300_proj/xmc4300_proj/Libraries" -O0 -ffunction-sections -fdata-sections -Wall -std=gnu99 -mfloat-abi=softfp -Wa,-adhlns="Libraries/XMCLib/src/xmc_i2c.o.lst" -pipe -c -fmessage-length=0 -MMD -MP -MF"Libraries/XMCLib/src/xmc_i2c.d" -MT"Libraries/XMCLib/src/xmc_i2c.d Libraries/XMCLib/src/xmc_i2c.o" -mcpu=cortex-m4 -mfpu=fpv4-sp-d16 -mthumb -g -gdwarf-2 -o "Libraries/XMCLib/src/xmc_i2c.o" "../Libraries/XMCLib/src/xmc_i2c.c" 
'Finished building: ../Libraries/XMCLib/src/xmc_i2c.c'

'Building file: ../Libraries/XMCLib/src/xmc_i2s.c'
'Invoking: ARM-GCC C Compiler'
"C:/Infineon/Tools/DAVE IDE/4.5.0.202105191637/eclipse/ARM-GCC-49/bin/arm-none-eabi-gcc" -MMD -MT "Libraries/XMCLib/src/xmc_i2s.o" -DXMC4300_F100x256 -I"C:/Users/nikolica/Desktop/repos/ptc-firmware/ethercat/xmc4300_proj/xmc4300_proj/Libraries/XMCLib/inc" -I"C:/Users/nikolica/Desktop/repos/ptc-firmware/ethercat/xmc4300_proj/xmc4300_proj/Libraries/CMSIS/Include" -I"C:/Users/nikolica/Desktop/repos/ptc-firmware/ethercat/xmc4300_proj/xmc4300_proj/Libraries/CMSIS/Infineon/XMC4300_series/Include" -I"C:/Users/nikolica/Desktop/repos/ptc-firmware/ethercat/xmc4300_proj/xmc4300_proj" -I"C:/Users/nikolica/Desktop/repos/ptc-firmware/ethercat/xmc4300_proj/xmc4300_proj/Dave/Generated" -I"C:/Users/nikolica/Desktop/repos/ptc-firmware/ethercat/xmc4300_proj/xmc4300_proj/Libraries" -O0 -ffunction-sections -fdata-sections -Wall -std=gnu99 -mfloat-abi=softfp -Wa,-adhlns="Libraries/XMCLib/src/xmc_i2s.o.lst" -pipe -c -fmessage-length=0 -MMD -MP -MF"Libraries/XMCLib/src/xmc_i2s.d" -MT"Libraries/XMCLib/src/xmc_i2s.d Libraries/XMCLib/src/xmc_i2s.o" -mcpu=cortex-m4 -mfpu=fpv4-sp-d16 -mthumb -g -gdwarf-2 -o "Libraries/XMCLib/src/xmc_i2s.o" "../Libraries/XMCLib/src/xmc_i2s.c" 
'Finished building: ../Libraries/XMCLib/src/xmc_i2s.c'

'Building file: ../Libraries/XMCLib/src/xmc_ledts.c'
'Invoking: ARM-GCC C Compiler'
"C:/Infineon/Tools/DAVE IDE/4.5.0.202105191637/eclipse/ARM-GCC-49/bin/arm-none-eabi-gcc" -MMD -MT "Libraries/XMCLib/src/xmc_ledts.o" -DXMC4300_F100x256 -I"C:/Users/nikolica/Desktop/repos/ptc-firmware/ethercat/xmc4300_proj/xmc4300_proj/Libraries/XMCLib/inc" -I"C:/Users/nikolica/Desktop/repos/ptc-firmware/ethercat/xmc4300_proj/xmc4300_proj/Libraries/CMSIS/Include" -I"C:/Users/nikolica/Desktop/repos/ptc-firmware/ethercat/xmc4300_proj/xmc4300_proj/Libraries/CMSIS/Infineon/XMC4300_series/Include" -I"C:/Users/nikolica/Desktop/repos/ptc-firmware/ethercat/xmc4300_proj/xmc4300_proj" -I"C:/Users/nikolica/Desktop/repos/ptc-firmware/ethercat/xmc4300_proj/xmc4300_proj/Dave/Generated" -I"C:/Users/nikolica/Desktop/repos/ptc-firmware/ethercat/xmc4300_proj/xmc4300_proj/Libraries" -O0 -ffunction-sections -fdata-sections -Wall -std=gnu99 -mfloat-abi=softfp -Wa,-adhlns="Libraries/XMCLib/src/xmc_ledts.o.lst" -pipe -c -fmessage-length=0 -MMD -MP -MF"Libraries/XMCLib/src/xmc_ledts.d" -MT"Libraries/XMCLib/src/xmc_ledts.d Libraries/XMCLib/src/xmc_ledts.o" -mcpu=cortex-m4 -mfpu=fpv4-sp-d16 -mthumb -g -gdwarf-2 -o "Libraries/XMCLib/src/xmc_ledts.o" "../Libraries/XMCLib/src/xmc_ledts.c" 
'Finished building: ../Libraries/XMCLib/src/xmc_ledts.c'

'Building file: ../Libraries/XMCLib/src/xmc_posif.c'
'Invoking: ARM-GCC C Compiler'
"C:/Infineon/Tools/DAVE IDE/4.5.0.202105191637/eclipse/ARM-GCC-49/bin/arm-none-eabi-gcc" -MMD -MT "Libraries/XMCLib/src/xmc_posif.o" -DXMC4300_F100x256 -I"C:/Users/nikolica/Desktop/repos/ptc-firmware/ethercat/xmc4300_proj/xmc4300_proj/Libraries/XMCLib/inc" -I"C:/Users/nikolica/Desktop/repos/ptc-firmware/ethercat/xmc4300_proj/xmc4300_proj/Libraries/CMSIS/Include" -I"C:/Users/nikolica/Desktop/repos/ptc-firmware/ethercat/xmc4300_proj/xmc4300_proj/Libraries/CMSIS/Infineon/XMC4300_series/Include" -I"C:/Users/nikolica/Desktop/repos/ptc-firmware/ethercat/xmc4300_proj/xmc4300_proj" -I"C:/Users/nikolica/Desktop/repos/ptc-firmware/ethercat/xmc4300_proj/xmc4300_proj/Dave/Generated" -I"C:/Users/nikolica/Desktop/repos/ptc-firmware/ethercat/xmc4300_proj/xmc4300_proj/Libraries" -O0 -ffunction-sections -fdata-sections -Wall -std=gnu99 -mfloat-abi=softfp -Wa,-adhlns="Libraries/XMCLib/src/xmc_posif.o.lst" -pipe -c -fmessage-length=0 -MMD -MP -MF"Libraries/XMCLib/src/xmc_posif.d" -MT"Libraries/XMCLib/src/xmc_posif.d Libraries/XMCLib/src/xmc_posif.o" -mcpu=cortex-m4 -mfpu=fpv4-sp-d16 -mthumb -g -gdwarf-2 -o "Libraries/XMCLib/src/xmc_posif.o" "../Libraries/XMCLib/src/xmc_posif.c" 
'Finished building: ../Libraries/XMCLib/src/xmc_posif.c'

'Building file: ../Libraries/XMCLib/src/xmc_rtc.c'
'Invoking: ARM-GCC C Compiler'
"C:/Infineon/Tools/DAVE IDE/4.5.0.202105191637/eclipse/ARM-GCC-49/bin/arm-none-eabi-gcc" -MMD -MT "Libraries/XMCLib/src/xmc_rtc.o" -DXMC4300_F100x256 -I"C:/Users/nikolica/Desktop/repos/ptc-firmware/ethercat/xmc4300_proj/xmc4300_proj/Libraries/XMCLib/inc" -I"C:/Users/nikolica/Desktop/repos/ptc-firmware/ethercat/xmc4300_proj/xmc4300_proj/Libraries/CMSIS/Include" -I"C:/Users/nikolica/Desktop/repos/ptc-firmware/ethercat/xmc4300_proj/xmc4300_proj/Libraries/CMSIS/Infineon/XMC4300_series/Include" -I"C:/Users/nikolica/Desktop/repos/ptc-firmware/ethercat/xmc4300_proj/xmc4300_proj" -I"C:/Users/nikolica/Desktop/repos/ptc-firmware/ethercat/xmc4300_proj/xmc4300_proj/Dave/Generated" -I"C:/Users/nikolica/Desktop/repos/ptc-firmware/ethercat/xmc4300_proj/xmc4300_proj/Libraries" -O0 -ffunction-sections -fdata-sections -Wall -std=gnu99 -mfloat-abi=softfp -Wa,-adhlns="Libraries/XMCLib/src/xmc_rtc.o.lst" -pipe -c -fmessage-length=0 -MMD -MP -MF"Libraries/XMCLib/src/xmc_rtc.d" -MT"Libraries/XMCLib/src/xmc_rtc.d Libraries/XMCLib/src/xmc_rtc.o" -mcpu=cortex-m4 -mfpu=fpv4-sp-d16 -mthumb -g -gdwarf-2 -o "Libraries/XMCLib/src/xmc_rtc.o" "../Libraries/XMCLib/src/xmc_rtc.c" 
'Finished building: ../Libraries/XMCLib/src/xmc_rtc.c'

'Building file: ../Libraries/XMCLib/src/xmc_sdmmc.c'
'Invoking: ARM-GCC C Compiler'
"C:/Infineon/Tools/DAVE IDE/4.5.0.202105191637/eclipse/ARM-GCC-49/bin/arm-none-eabi-gcc" -MMD -MT "Libraries/XMCLib/src/xmc_sdmmc.o" -DXMC4300_F100x256 -I"C:/Users/nikolica/Desktop/repos/ptc-firmware/ethercat/xmc4300_proj/xmc4300_proj/Libraries/XMCLib/inc" -I"C:/Users/nikolica/Desktop/repos/ptc-firmware/ethercat/xmc4300_proj/xmc4300_proj/Libraries/CMSIS/Include" -I"C:/Users/nikolica/Desktop/repos/ptc-firmware/ethercat/xmc4300_proj/xmc4300_proj/Libraries/CMSIS/Infineon/XMC4300_series/Include" -I"C:/Users/nikolica/Desktop/repos/ptc-firmware/ethercat/xmc4300_proj/xmc4300_proj" -I"C:/Users/nikolica/Desktop/repos/ptc-firmware/ethercat/xmc4300_proj/xmc4300_proj/Dave/Generated" -I"C:/Users/nikolica/Desktop/repos/ptc-firmware/ethercat/xmc4300_proj/xmc4300_proj/Libraries" -O0 -ffunction-sections -fdata-sections -Wall -std=gnu99 -mfloat-abi=softfp -Wa,-adhlns="Libraries/XMCLib/src/xmc_sdmmc.o.lst" -pipe -c -fmessage-length=0 -MMD -MP -MF"Libraries/XMCLib/src/xmc_sdmmc.d" -MT"Libraries/XMCLib/src/xmc_sdmmc.d Libraries/XMCLib/src/xmc_sdmmc.o" -mcpu=cortex-m4 -mfpu=fpv4-sp-d16 -mthumb -g -gdwarf-2 -o "Libraries/XMCLib/src/xmc_sdmmc.o" "../Libraries/XMCLib/src/xmc_sdmmc.c" 
'Finished building: ../Libraries/XMCLib/src/xmc_sdmmc.c'

'Building file: ../Libraries/XMCLib/src/xmc_spi.c'
'Invoking: ARM-GCC C Compiler'
"C:/Infineon/Tools/DAVE IDE/4.5.0.202105191637/eclipse/ARM-GCC-49/bin/arm-none-eabi-gcc" -MMD -MT "Libraries/XMCLib/src/xmc_spi.o" -DXMC4300_F100x256 -I"C:/Users/nikolica/Desktop/repos/ptc-firmware/ethercat/xmc4300_proj/xmc4300_proj/Libraries/XMCLib/inc" -I"C:/Users/nikolica/Desktop/repos/ptc-firmware/ethercat/xmc4300_proj/xmc4300_proj/Libraries/CMSIS/Include" -I"C:/Users/nikolica/Desktop/repos/ptc-firmware/ethercat/xmc4300_proj/xmc4300_proj/Libraries/CMSIS/Infineon/XMC4300_series/Include" -I"C:/Users/nikolica/Desktop/repos/ptc-firmware/ethercat/xmc4300_proj/xmc4300_proj" -I"C:/Users/nikolica/Desktop/repos/ptc-firmware/ethercat/xmc4300_proj/xmc4300_proj/Dave/Generated" -I"C:/Users/nikolica/Desktop/repos/ptc-firmware/ethercat/xmc4300_proj/xmc4300_proj/Libraries" -O0 -ffunction-sections -fdata-sections -Wall -std=gnu99 -mfloat-abi=softfp -Wa,-adhlns="Libraries/XMCLib/src/xmc_spi.o.lst" -pipe -c -fmessage-length=0 -MMD -MP -MF"Libraries/XMCLib/src/xmc_spi.d" -MT"Libraries/XMCLib/src/xmc_spi.d Libraries/XMCLib/src/xmc_spi.o" -mcpu=cortex-m4 -mfpu=fpv4-sp-d16 -mthumb -g -gdwarf-2 -o "Libraries/XMCLib/src/xmc_spi.o" "../Libraries/XMCLib/src/xmc_spi.c" 
'Finished building: ../Libraries/XMCLib/src/xmc_spi.c'

'Building file: ../Libraries/XMCLib/src/xmc_uart.c'
'Invoking: ARM-GCC C Compiler'
"C:/Infineon/Tools/DAVE IDE/4.5.0.202105191637/eclipse/ARM-GCC-49/bin/arm-none-eabi-gcc" -MMD -MT "Libraries/XMCLib/src/xmc_uart.o" -DXMC4300_F100x256 -I"C:/Users/nikolica/Desktop/repos/ptc-firmware/ethercat/xmc4300_proj/xmc4300_proj/Libraries/XMCLib/inc" -I"C:/Users/nikolica/Desktop/repos/ptc-firmware/ethercat/xmc4300_proj/xmc4300_proj/Libraries/CMSIS/Include" -I"C:/Users/nikolica/Desktop/repos/ptc-firmware/ethercat/xmc4300_proj/xmc4300_proj/Libraries/CMSIS/Infineon/XMC4300_series/Include" -I"C:/Users/nikolica/Desktop/repos/ptc-firmware/ethercat/xmc4300_proj/xmc4300_proj" -I"C:/Users/nikolica/Desktop/repos/ptc-firmware/ethercat/xmc4300_proj/xmc4300_proj/Dave/Generated" -I"C:/Users/nikolica/Desktop/repos/ptc-firmware/ethercat/xmc4300_proj/xmc4300_proj/Libraries" -O0 -ffunction-sections -fdata-sections -Wall -std=gnu99 -mfloat-abi=softfp -Wa,-adhlns="Libraries/XMCLib/src/xmc_uart.o.lst" -pipe -c -fmessage-length=0 -MMD -MP -MF"Libraries/XMCLib/src/xmc_uart.d" -MT"Libraries/XMCLib/src/xmc_uart.d Libraries/XMCLib/src/xmc_uart.o" -mcpu=cortex-m4 -mfpu=fpv4-sp-d16 -mthumb -g -gdwarf-2 -o "Libraries/XMCLib/src/xmc_uart.o" "../Libraries/XMCLib/src/xmc_uart.c" 
'Finished building: ../Libraries/XMCLib/src/xmc_uart.c'

'Building file: ../Libraries/XMCLib/src/xmc_usbh.c'
'Invoking: ARM-GCC C Compiler'
"C:/Infineon/Tools/DAVE IDE/4.5.0.202105191637/eclipse/ARM-GCC-49/bin/arm-none-eabi-gcc" -MMD -MT "Libraries/XMCLib/src/xmc_usbh.o" -DXMC4300_F100x256 -I"C:/Users/nikolica/Desktop/repos/ptc-firmware/ethercat/xmc4300_proj/xmc4300_proj/Libraries/XMCLib/inc" -I"C:/Users/nikolica/Desktop/repos/ptc-firmware/ethercat/xmc4300_proj/xmc4300_proj/Libraries/CMSIS/Include" -I"C:/Users/nikolica/Desktop/repos/ptc-firmware/ethercat/xmc4300_proj/xmc4300_proj/Libraries/CMSIS/Infineon/XMC4300_series/Include" -I"C:/Users/nikolica/Desktop/repos/ptc-firmware/ethercat/xmc4300_proj/xmc4300_proj" -I"C:/Users/nikolica/Desktop/repos/ptc-firmware/ethercat/xmc4300_proj/xmc4300_proj/Dave/Generated" -I"C:/Users/nikolica/Desktop/repos/ptc-firmware/ethercat/xmc4300_proj/xmc4300_proj/Libraries" -O0 -ffunction-sections -fdata-sections -Wall -std=gnu99 -mfloat-abi=softfp -Wa,-adhlns="Libraries/XMCLib/src/xmc_usbh.o.lst" -pipe -c -fmessage-length=0 -MMD -MP -MF"Libraries/XMCLib/src/xmc_usbh.d" -MT"Libraries/XMCLib/src/xmc_usbh.d Libraries/XMCLib/src/xmc_usbh.o" -mcpu=cortex-m4 -mfpu=fpv4-sp-d16 -mthumb -g -gdwarf-2 -o "Libraries/XMCLib/src/xmc_usbh.o" "../Libraries/XMCLib/src/xmc_usbh.c" 
'Finished building: ../Libraries/XMCLib/src/xmc_usbh.c'

'Building file: ../Libraries/XMCLib/src/xmc_usbd.c'
'Invoking: ARM-GCC C Compiler'
"C:/Infineon/Tools/DAVE IDE/4.5.0.202105191637/eclipse/ARM-GCC-49/bin/arm-none-eabi-gcc" -MMD -MT "Libraries/XMCLib/src/xmc_usbd.o" -DXMC4300_F100x256 -I"C:/Users/nikolica/Desktop/repos/ptc-firmware/ethercat/xmc4300_proj/xmc4300_proj/Libraries/XMCLib/inc" -I"C:/Users/nikolica/Desktop/repos/ptc-firmware/ethercat/xmc4300_proj/xmc4300_proj/Libraries/CMSIS/Include" -I"C:/Users/nikolica/Desktop/repos/ptc-firmware/ethercat/xmc4300_proj/xmc4300_proj/Libraries/CMSIS/Infineon/XMC4300_series/Include" -I"C:/Users/nikolica/Desktop/repos/ptc-firmware/ethercat/xmc4300_proj/xmc4300_proj" -I"C:/Users/nikolica/Desktop/repos/ptc-firmware/ethercat/xmc4300_proj/xmc4300_proj/Dave/Generated" -I"C:/Users/nikolica/Desktop/repos/ptc-firmware/ethercat/xmc4300_proj/xmc4300_proj/Libraries" -O0 -ffunction-sections -fdata-sections -Wall -std=gnu99 -mfloat-abi=softfp -Wa,-adhlns="Libraries/XMCLib/src/xmc_usbd.o.lst" -pipe -c -fmessage-length=0 -MMD -MP -MF"Libraries/XMCLib/src/xmc_usbd.d" -MT"Libraries/XMCLib/src/xmc_usbd.d Libraries/XMCLib/src/xmc_usbd.o" -mcpu=cortex-m4 -mfpu=fpv4-sp-d16 -mthumb -g -gdwarf-2 -o "Libraries/XMCLib/src/xmc_usbd.o" "../Libraries/XMCLib/src/xmc_usbd.c" 
'Finished building: ../Libraries/XMCLib/src/xmc_usbd.c'

'Building file: ../Libraries/XMCLib/src/xmc_usic.c'
'Invoking: ARM-GCC C Compiler'
"C:/Infineon/Tools/DAVE IDE/4.5.0.202105191637/eclipse/ARM-GCC-49/bin/arm-none-eabi-gcc" -MMD -MT "Libraries/XMCLib/src/xmc_usic.o" -DXMC4300_F100x256 -I"C:/Users/nikolica/Desktop/repos/ptc-firmware/ethercat/xmc4300_proj/xmc4300_proj/Libraries/XMCLib/inc" -I"C:/Users/nikolica/Desktop/repos/ptc-firmware/ethercat/xmc4300_proj/xmc4300_proj/Libraries/CMSIS/Include" -I"C:/Users/nikolica/Desktop/repos/ptc-firmware/ethercat/xmc4300_proj/xmc4300_proj/Libraries/CMSIS/Infineon/XMC4300_series/Include" -I"C:/Users/nikolica/Desktop/repos/ptc-firmware/ethercat/xmc4300_proj/xmc4300_proj" -I"C:/Users/nikolica/Desktop/repos/ptc-firmware/ethercat/xmc4300_proj/xmc4300_proj/Dave/Generated" -I"C:/Users/nikolica/Desktop/repos/ptc-firmware/ethercat/xmc4300_proj/xmc4300_proj/Libraries" -O0 -ffunction-sections -fdata-sections -Wall -std=gnu99 -mfloat-abi=softfp -Wa,-adhlns="Libraries/XMCLib/src/xmc_usic.o.lst" -pipe -c -fmessage-length=0 -MMD -MP -MF"Libraries/XMCLib/src/xmc_usic.d" -MT"Libraries/XMCLib/src/xmc_usic.d Libraries/XMCLib/src/xmc_usic.o" -mcpu=cortex-m4 -mfpu=fpv4-sp-d16 -mthumb -g -gdwarf-2 -o "Libraries/XMCLib/src/xmc_usic.o" "../Libraries/XMCLib/src/xmc_usic.c" 
'Finished building: ../Libraries/XMCLib/src/xmc_usic.c'

'Building file: ../Libraries/XMCLib/src/xmc_wdt.c'
'Invoking: ARM-GCC C Compiler'
"C:/Infineon/Tools/DAVE IDE/4.5.0.202105191637/eclipse/ARM-GCC-49/bin/arm-none-eabi-gcc" -MMD -MT "Libraries/XMCLib/src/xmc_wdt.o" -DXMC4300_F100x256 -I"C:/Users/nikolica/Desktop/repos/ptc-firmware/ethercat/xmc4300_proj/xmc4300_proj/Libraries/XMCLib/inc" -I"C:/Users/nikolica/Desktop/repos/ptc-firmware/ethercat/xmc4300_proj/xmc4300_proj/Libraries/CMSIS/Include" -I"C:/Users/nikolica/Desktop/repos/ptc-firmware/ethercat/xmc4300_proj/xmc4300_proj/Libraries/CMSIS/Infineon/XMC4300_series/Include" -I"C:/Users/nikolica/Desktop/repos/ptc-firmware/ethercat/xmc4300_proj/xmc4300_proj" -I"C:/Users/nikolica/Desktop/repos/ptc-firmware/ethercat/xmc4300_proj/xmc4300_proj/Dave/Generated" -I"C:/Users/nikolica/Desktop/repos/ptc-firmware/ethercat/xmc4300_proj/xmc4300_proj/Libraries" -O0 -ffunction-sections -fdata-sections -Wall -std=gnu99 -mfloat-abi=softfp -Wa,-adhlns="Libraries/XMCLib/src/xmc_wdt.o.lst" -pipe -c -fmessage-length=0 -MMD -MP -MF"Libraries/XMCLib/src/xmc_wdt.d" -MT"Libraries/XMCLib/src/xmc_wdt.d Libraries/XMCLib/src/xmc_wdt.o" -mcpu=cortex-m4 -mfpu=fpv4-sp-d16 -mthumb -g -gdwarf-2 -o "Libraries/XMCLib/src/xmc_wdt.o" "../Libraries/XMCLib/src/xmc_wdt.c" 
'Finished building: ../Libraries/XMCLib/src/xmc_wdt.c'

'Building file: ../Libraries/Newlib/syscalls.c'
'Invoking: ARM-GCC C Compiler'
"C:/Infineon/Tools/DAVE IDE/4.5.0.202105191637/eclipse/ARM-GCC-49/bin/arm-none-eabi-gcc" -MMD -MT "Libraries/Newlib/syscalls.o" -DXMC4300_F100x256 -I"C:/Users/nikolica/Desktop/repos/ptc-firmware/ethercat/xmc4300_proj/xmc4300_proj/Libraries/XMCLib/inc" -I"C:/Users/nikolica/Desktop/repos/ptc-firmware/ethercat/xmc4300_proj/xmc4300_proj/Libraries/CMSIS/Include" -I"C:/Users/nikolica/Desktop/repos/ptc-firmware/ethercat/xmc4300_proj/xmc4300_proj/Libraries/CMSIS/Infineon/XMC4300_series/Include" -I"C:/Users/nikolica/Desktop/repos/ptc-firmware/ethercat/xmc4300_proj/xmc4300_proj" -I"C:/Users/nikolica/Desktop/repos/ptc-firmware/ethercat/xmc4300_proj/xmc4300_proj/Dave/Generated" -I"C:/Users/nikolica/Desktop/repos/ptc-firmware/ethercat/xmc4300_proj/xmc4300_proj/Libraries" -O0 -ffunction-sections -fdata-sections -Wall -std=gnu99 -mfloat-abi=softfp -Wa,-adhlns="Libraries/Newlib/syscalls.o.lst" -pipe -c -fmessage-length=0 -MMD -MP -MF"Libraries/Newlib/syscalls.d" -MT"Libraries/Newlib/syscalls.d Libraries/Newlib/syscalls.o" -mcpu=cortex-m4 -mfpu=fpv4-sp-d16 -mthumb -g -gdwarf-2 -o "Libraries/Newlib/syscalls.o" "../Libraries/Newlib/syscalls.c" 
'Finished building: ../Libraries/Newlib/syscalls.c'

'Building file: ../Libraries/XMCLib/src/xmc_vadc.c'
'Invoking: ARM-GCC C Compiler'
"C:/Infineon/Tools/DAVE IDE/4.5.0.202105191637/eclipse/ARM-GCC-49/bin/arm-none-eabi-gcc" -MMD -MT "Libraries/XMCLib/src/xmc_vadc.o" -DXMC4300_F100x256 -I"C:/Users/nikolica/Desktop/repos/ptc-firmware/ethercat/xmc4300_proj/xmc4300_proj/Libraries/XMCLib/inc" -I"C:/Users/nikolica/Desktop/repos/ptc-firmware/ethercat/xmc4300_proj/xmc4300_proj/Libraries/CMSIS/Include" -I"C:/Users/nikolica/Desktop/repos/ptc-firmware/ethercat/xmc4300_proj/xmc4300_proj/Libraries/CMSIS/Infineon/XMC4300_series/Include" -I"C:/Users/nikolica/Desktop/repos/ptc-firmware/ethercat/xmc4300_proj/xmc4300_proj" -I"C:/Users/nikolica/Desktop/repos/ptc-firmware/ethercat/xmc4300_proj/xmc4300_proj/Dave/Generated" -I"C:/Users/nikolica/Desktop/repos/ptc-firmware/ethercat/xmc4300_proj/xmc4300_proj/Libraries" -O0 -ffunction-sections -fdata-sections -Wall -std=gnu99 -mfloat-abi=softfp -Wa,-adhlns="Libraries/XMCLib/src/xmc_vadc.o.lst" -pipe -c -fmessage-length=0 -MMD -MP -MF"Libraries/XMCLib/src/xmc_vadc.d" -MT"Libraries/XMCLib/src/xmc_vadc.d Libraries/XMCLib/src/xmc_vadc.o" -mcpu=cortex-m4 -mfpu=fpv4-sp-d16 -mthumb -g -gdwarf-2 -o "Libraries/XMCLib/src/xmc_vadc.o" "../Libraries/XMCLib/src/xmc_vadc.c" 
'Finished building: ../Libraries/XMCLib/src/xmc_vadc.c'

'Building file: ../Dave/Generated/DAVE.c'
'Invoking: ARM-GCC C Compiler'
"C:/Infineon/Tools/DAVE IDE/4.5.0.202105191637/eclipse/ARM-GCC-49/bin/arm-none-eabi-gcc" -MMD -MT "Dave/Generated/DAVE.o" -DXMC4300_F100x256 -I"C:/Users/nikolica/Desktop/repos/ptc-firmware/ethercat/xmc4300_proj/xmc4300_proj/Libraries/XMCLib/inc" -I"C:/Users/nikolica/Desktop/repos/ptc-firmware/ethercat/xmc4300_proj/xmc4300_proj/Libraries/CMSIS/Include" -I"C:/Users/nikolica/Desktop/repos/ptc-firmware/ethercat/xmc4300_proj/xmc4300_proj/Libraries/CMSIS/Infineon/XMC4300_series/Include" -I"C:/Users/nikolica/Desktop/repos/ptc-firmware/ethercat/xmc4300_proj/xmc4300_proj" -I"C:/Users/nikolica/Desktop/repos/ptc-firmware/ethercat/xmc4300_proj/xmc4300_proj/Dave/Generated" -I"C:/Users/nikolica/Desktop/repos/ptc-firmware/ethercat/xmc4300_proj/xmc4300_proj/Libraries" -O0 -ffunction-sections -fdata-sections -Wall -std=gnu99 -mfloat-abi=softfp -Wa,-adhlns="Dave/Generated/DAVE.o.lst" -pipe -c -fmessage-length=0 -MMD -MP -MF"Dave/Generated/DAVE.d" -MT"Dave/Generated/DAVE.d Dave/Generated/DAVE.o" -mcpu=cortex-m4 -mfpu=fpv4-sp-d16 -mthumb -g -gdwarf-2 -o "Dave/Generated/DAVE.o" "../Dave/Generated/DAVE.c" 
'Finished building: ../Dave/Generated/DAVE.c'

'Building file: ../main.c'
'Invoking: ARM-GCC C Compiler'
"C:/Infineon/Tools/DAVE IDE/4.5.0.202105191637/eclipse/ARM-GCC-49/bin/arm-none-eabi-gcc" -MMD -MT "main.o" -DXMC4300_F100x256 -I"C:/Users/nikolica/Desktop/repos/ptc-firmware/ethercat/xmc4300_proj/xmc4300_proj/Libraries/XMCLib/inc" -I"C:/Users/nikolica/Desktop/repos/ptc-firmware/ethercat/xmc4300_proj/xmc4300_proj/Libraries/CMSIS/Include" -I"C:/Users/nikolica/Desktop/repos/ptc-firmware/ethercat/xmc4300_proj/xmc4300_proj/Libraries/CMSIS/Infineon/XMC4300_series/Include" -I"C:/Users/nikolica/Desktop/repos/ptc-firmware/ethercat/xmc4300_proj/xmc4300_proj" -I"C:/Users/nikolica/Desktop/repos/ptc-firmware/ethercat/xmc4300_proj/xmc4300_proj/Dave/Generated" -I"C:/Users/nikolica/Desktop/repos/ptc-firmware/ethercat/xmc4300_proj/xmc4300_proj/Libraries" -O0 -ffunction-sections -fdata-sections -Wall -std=gnu99 -mfloat-abi=softfp -Wa,-adhlns="main.o.lst" -pipe -c -fmessage-length=0 -MMD -MP -MF"main.d" -MT"main.d main.o" -mcpu=cortex-m4 -mfpu=fpv4-sp-d16 -mthumb -g -gdwarf-2 -o "main.o" "../main.c" 
'Finished building: ../main.c'

'Building target: xmc4300_proj.elf'
'Invoking: ARM-GCC C Linker'
"C:/Infineon/Tools/DAVE IDE/4.5.0.202105191637/eclipse/ARM-GCC-49/bin/arm-none-eabi-gcc" -T"../linker_script.ld" -nostartfiles -Xlinker --gc-sections -specs=nano.specs -specs=nosys.specs -Wl,-Map,"xmc4300_proj.map" -mfloat-abi=softfp -mfpu=fpv4-sp-d16 -mcpu=cortex-m4 -mthumb -g -gdwarf-2 -o "xmc4300_proj.elf" "@objects.rsp"  -lm
'Finished building target: xmc4300_proj.elf'

'Invoking: ARM-GCC Create Flash Image'
"C:/Infineon/Tools/DAVE IDE/4.5.0.202105191637/eclipse/ARM-GCC-49/bin/arm-none-eabi-objcopy" -O ihex "xmc4300_proj.elf" "xmc4300_proj.hex"
'Finished building: xmc4300_proj.hex'

'Invoking: ARM-GCC Create Listing'
"C:/Infineon/Tools/DAVE IDE/4.5.0.202105191637/eclipse/ARM-GCC-49/bin/arm-none-eabi-objdump" -h -S "xmc4300_proj.elf" > "xmc4300_proj.lst"
'Finished building: xmc4300_proj.lst'

'Invoking: ARM-GCC Print Size'
"C:/Infineon/Tools/DAVE IDE/4.5.0.202105191637/eclipse/ARM-GCC-49/bin/arm-none-eabi-size" --format=berkeley "xmc4300_proj.elf"
   text	   data	    bss	    dec	    hex	filename
   2108	      0	   2068	   4176	   1050	xmc4300_proj.elf
'Finished building: xmc4300_proj.siz'

15:52:28 **** Build of configuration Debug for project xmc4300_proj ****
"\"C:\\Infineon\\Tools\\DAVE IDE\\4.5.0.202105191637\\eclipse\\ARM-GCC-49\\bin\\make\"" --output-sync -j16 all 
'Building file: ../main.c'
In file included from ../main.c:53:0:
'Invoking: ARM-GCC C Compiler'
../SSC/Src/XMC_ESCObjects.h:88:1: error: unknown type name 'UINT16'
"C:/Infineon/Tools/DAVE IDE/4.5.0.202105191637/eclipse/ARM-GCC-49/bin/arm-none-eabi-gcc" -MMD -MT "main.o" -DXMC4300_F100x256 -I"C:/Users/nikolica/Desktop/repos/ptc-firmware/ethercat/xmc4300_proj/xmc4300_proj/Libraries/XMCLib/inc" -I"C:/Users/nikolica/Desktop/repos/ptc-firmware/ethercat/xmc4300_proj/xmc4300_proj/Libraries/CMSIS/Include" -I"C:/Users/nikolica/Desktop/repos/ptc-firmware/ethercat/xmc4300_proj/xmc4300_proj/Libraries/CMSIS/Infineon/XMC4300_series/Include" -I"C:/Users/nikolica/Desktop/repos/ptc-firmware/ethercat/xmc4300_proj/xmc4300_proj" -I"C:/Users/nikolica/Desktop/repos/ptc-firmware/ethercat/xmc4300_proj/xmc4300_proj/Dave/Generated" -I"C:/Users/nikolica/Desktop/repos/ptc-firmware/ethercat/xmc4300_proj/xmc4300_proj/Libraries" -O0 -ffunction-sections -fdata-sections -Wall -std=gnu99 -mfloat-abi=softfp -Wa,-adhlns="main.o.lst" -pipe -c -fmessage-length=0 -MMD -MP -MF"main.d" -MT"main.d main.o" -mcpu=cortex-m4 -mfpu=fpv4-sp-d16 -mthumb -g -gdwarf-2 -o "main.o" "../main.c" 
 UINT16 u16SubIndex0;
subdir.mk:18: recipe for target 'main.o' failed
 ^
../SSC/Src/XMC_ESCObjects.h:89:1: error: unknown type name 'UINT32'
 UINT32 SI1; /* Subindex1 - Reference to 0x7000.1 */
 ^
../SSC/Src/XMC_ESCObjects.h:90:1: error: unknown type name 'UINT32'
 UINT32 SI2; /* Subindex2 - Reference to 0x7000.2 */
 ^
../SSC/Src/XMC_ESCObjects.h:91:1: error: unknown type name 'UINT32'
 UINT32 SI3; /* Subindex3 - Reference to 0x7000.3 */
 ^
../SSC/Src/XMC_ESCObjects.h:92:1: error: unknown type name 'UINT32'
 UINT32 SI4; /* Subindex4 - Reference to 0x7000.4 */
 ^
../SSC/Src/XMC_ESCObjects.h:93:1: error: unknown type name 'UINT32'
 UINT32 SI5; /* Subindex5 - Reference to 0x7000.5 */
 ^
../SSC/Src/XMC_ESCObjects.h:94:1: error: unknown type name 'UINT32'
 UINT32 SI6; /* Subindex6 - Reference to 0x7000.6 */
 ^
../SSC/Src/XMC_ESCObjects.h:95:1: error: unknown type name 'UINT32'
 UINT32 SI7; /* Subindex7 - Reference to 0x7000.7 */
 ^
../SSC/Src/XMC_ESCObjects.h:96:1: error: unknown type name 'UINT32'
 UINT32 SI8; /* Subindex8 - Reference to 0x7000.8 */
 ^
../SSC/Src/XMC_ESCObjects.h:97:1: error: unknown type name 'UINT32'
 UINT32 SI9; /* Subindex9 - Reference to 0x7000.9 */
 ^
../SSC/Src/XMC_ESCObjects.h:98:1: error: unknown type name 'UINT32'
 UINT32 SI10; /* Subindex10 - Reference to 0x7000.10 */
 ^
../SSC/Src/XMC_ESCObjects.h:99:1: error: unknown type name 'UINT32'
 UINT32 SI11; /* Subindex11 - Reference to 0x7000.11 */
 ^
../SSC/Src/XMC_ESCObjects.h:100:1: error: unknown type name 'UINT32'
 UINT32 SI12; /* Subindex12 - Reference to 0x7000.12 */
 ^
../SSC/Src/XMC_ESCObjects.h:102:1: error: expected '=', ',', ';', 'asm' or '__attribute__' before 'TOBJ1600'
 TOBJ1600;
 ^
../SSC/Src/XMC_ESCObjects.h:108:7: error: unknown type name 'TOBJ1600'
 PROTO TOBJ1600 OUT_GENERICProcessDataMapping0x1600
       ^
../SSC/Src/XMC_ESCObjects.h:180:16: error: redefinition of 'struct OBJ_STRUCT_PACKED_START'
 typedef struct OBJ_STRUCT_PACKED_START {
                ^
../SSC/Src/XMC_ESCObjects.h:87:16: note: originally defined here
 typedef struct OBJ_STRUCT_PACKED_START {
                ^
../SSC/Src/XMC_ESCObjects.h:181:1: error: unknown type name 'UINT16'
 UINT16 u16SubIndex0;
 ^
../SSC/Src/XMC_ESCObjects.h:182:1: error: unknown type name 'UINT32'
 UINT32 SI1; /* Subindex1 - Reference to 0x6000.1 */
 ^
../SSC/Src/XMC_ESCObjects.h:183:1: error: unknown type name 'UINT32'
 UINT32 SI2; /* Subindex2 - Reference to 0x6000.2 */
 ^
../SSC/Src/XMC_ESCObjects.h:184:1: error: unknown type name 'UINT32'
 UINT32 SI3; /* Subindex3 - Reference to 0x6000.3 */
 ^
../SSC/Src/XMC_ESCObjects.h:185:1: error: unknown type name 'UINT32'
 UINT32 SI4; /* Subindex4 - Reference to 0x6000.4 */
 ^
../SSC/Src/XMC_ESCObjects.h:186:1: error: unknown type name 'UINT32'
 UINT32 SI5; /* Subindex5 - Reference to 0x6000.5 */
 ^
../SSC/Src/XMC_ESCObjects.h:187:1: error: unknown type name 'UINT32'
 UINT32 SI6; /* Subindex6 - Reference to 0x6000.6 */
 ^
../SSC/Src/XMC_ESCObjects.h:188:1: error: unknown type name 'UINT32'
 UINT32 SI7; /* Subindex7 - Reference to 0x6000.7 */
 ^
../SSC/Src/XMC_ESCObjects.h:189:1: error: unknown type name 'UINT32'
 UINT32 SI8; /* Subindex8 - Reference to 0x6000.8 */
 ^
../SSC/Src/XMC_ESCObjects.h:190:1: error: unknown type name 'UINT32'
 UINT32 SI9; /* Subindex9 - Reference to 0x6000.9 */
 ^
../SSC/Src/XMC_ESCObjects.h:191:1: error: unknown type name 'UINT32'
 UINT32 SI10; /* Subindex10 - Reference to 0x6000.10 */
 ^
../SSC/Src/XMC_ESCObjects.h:192:1: error: unknown type name 'UINT32'
 UINT32 SI11; /* Subindex11 - Reference to 0x6000.11 */
 ^
../SSC/Src/XMC_ESCObjects.h:193:1: error: unknown type name 'UINT32'
 UINT32 SI12; /* Subindex12 - Reference to 0x6000.12 */
 ^
../SSC/Src/XMC_ESCObjects.h:195:1: error: expected '=', ',', ';', 'asm' or '__attribute__' before 'TOBJ1A00'
 TOBJ1A00;
 ^
../SSC/Src/XMC_ESCObjects.h:201:7: error: unknown type name 'TOBJ1A00'
 PROTO TOBJ1A00 IN_GENERICProcessDataMapping0x1A00
       ^
../SSC/Src/XMC_ESCObjects.h:240:16: error: redefinition of 'struct OBJ_STRUCT_PACKED_START'
 typedef struct OBJ_STRUCT_PACKED_START {
                ^
../SSC/Src/XMC_ESCObjects.h:180:16: note: originally defined here
 typedef struct OBJ_STRUCT_PACKED_START {
                ^
../SSC/Src/XMC_ESCObjects.h:241:1: error: unknown type name 'UINT16'
 UINT16   u16SubIndex0;  /**< \brief Subindex 0 */
 ^
../SSC/Src/XMC_ESCObjects.h:242:1: error: unknown type name 'UINT16'
 UINT16 aEntries[1];  /**< \brief Subindex 1 - 1 */
 ^
../SSC/Src/XMC_ESCObjects.h:244:1: error: expected '=', ',', ';', 'asm' or '__attribute__' before 'TOBJ1C12'
 TOBJ1C12;
 ^
../SSC/Src/XMC_ESCObjects.h:250:7: error: unknown type name 'TOBJ1C12'
 PROTO TOBJ1C12 sRxPDOassign
       ^
../SSC/Src/XMC_ESCObjects.h:289:16: error: redefinition of 'struct OBJ_STRUCT_PACKED_START'
 typedef struct OBJ_STRUCT_PACKED_START {
                ^
../SSC/Src/XMC_ESCObjects.h:240:16: note: originally defined here
 typedef struct OBJ_STRUCT_PACKED_START {
                ^
../SSC/Src/XMC_ESCObjects.h:290:1: error: unknown type name 'UINT16'
 UINT16   u16SubIndex0;  /**< \brief Subindex 0 */
 ^
../SSC/Src/XMC_ESCObjects.h:291:1: error: unknown type name 'UINT16'
 UINT16 aEntries[1];  /**< \brief Subindex 1 - 1 */
 ^
../SSC/Src/XMC_ESCObjects.h:293:1: error: expected '=', ',', ';', 'asm' or '__attribute__' before 'TOBJ1C13'
 TOBJ1C13;
 ^
../SSC/Src/XMC_ESCObjects.h:299:7: error: unknown type name 'TOBJ1C13'
 PROTO TOBJ1C13 sTxPDOassign
       ^
../SSC/Src/XMC_ESCObjects.h:371:16: error: redefinition of 'struct OBJ_STRUCT_PACKED_START'
 typedef struct OBJ_STRUCT_PACKED_START {
                ^
../SSC/Src/XMC_ESCObjects.h:289:16: note: originally defined here
 typedef struct OBJ_STRUCT_PACKED_START {
                ^
../SSC/Src/XMC_ESCObjects.h:372:1: error: unknown type name 'UINT16'
 UINT16 u16SubIndex0;
 ^
../SSC/Src/XMC_ESCObjects.h:373:1: error: unknown type name 'UINT16'
 UINT16 IN_GEN_INT1; /* Subindex1 - IN_GEN_INT1 */
 ^
../SSC/Src/XMC_ESCObjects.h:374:1: error: unknown type name 'UINT16'
 UINT16 IN_GEN_INT2; /* Subindex2 - IN_GEN_INT2 */
 ^
../SSC/Src/XMC_ESCObjects.h:375:1: error: unknown type name 'UINT16'
 UINT16 IN_GEN_INT3; /* Subindex3 - IN_GEN_INT3 */
 ^
../SSC/Src/XMC_ESCObjects.h:376:1: error: unknown type name 'UINT16'
 UINT16 IN_GEN_INT4; /* Subindex4 - IN_GEN_INT4 */
 ^
../SSC/Src/XMC_ESCObjects.h:377:1: error: expected specifier-qualifier-list before 'BOOLEAN'
 BOOLEAN(IN_GEN_Bit1); /* Subindex5 - IN_GEN_Bit1 */
 ^
../SSC/Src/XMC_ESCObjects.h:386:1: error: expected '=', ',', ';', 'asm' or '__attribute__' before 'TOBJ6000'
 TOBJ6000;
 ^
../SSC/Src/XMC_ESCObjects.h:392:7: error: unknown type name 'TOBJ6000'
 PROTO TOBJ6000 IN_GENERIC0x6000
       ^
../SSC/Src/XMC_ESCObjects.h:464:16: error: redefinition of 'struct OBJ_STRUCT_PACKED_START'
 typedef struct OBJ_STRUCT_PACKED_START {
                ^
../SSC/Src/XMC_ESCObjects.h:371:16: note: originally defined here
 typedef struct OBJ_STRUCT_PACKED_START {
                ^
../SSC/Src/XMC_ESCObjects.h:465:1: error: unknown type name 'UINT16'
 UINT16 u16SubIndex0;
 ^
../SSC/Src/XMC_ESCObjects.h:466:1: error: unknown type name 'UINT16'
 UINT16 OUT_GEN_INT1; /* Subindex1 - OUT_GEN_INT1 */
 ^
../SSC/Src/XMC_ESCObjects.h:467:1: error: unknown type name 'UINT16'
 UINT16 OUT_GEN_INT2; /* Subindex2 - OUT_GEN_INT2 */
 ^
../SSC/Src/XMC_ESCObjects.h:468:1: error: unknown type name 'UINT16'
 UINT16 OUT_GEN_INT3; /* Subindex3 - OUT_GEN_INT3 */
 ^
../SSC/Src/XMC_ESCObjects.h:469:1: error: unknown type name 'UINT16'
 UINT16 OUT_GEN_INT4; /* Subindex4 - OUT_GEN_INT4 */
 ^
../SSC/Src/XMC_ESCObjects.h:470:1: error: expected specifier-qualifier-list before 'BOOLEAN'
 BOOLEAN(OUT_GEN_Bit1); /* Subindex5 - OUT_GEN_Bit1 */
 ^
../SSC/Src/XMC_ESCObjects.h:479:1: error: expected '=', ',', ';', 'asm' or '__attribute__' before 'TOBJ7000'
 TOBJ7000;
 ^
../SSC/Src/XMC_ESCObjects.h:485:7: error: unknown type name 'TOBJ7000'
 PROTO TOBJ7000 OUT_GENERIC0x7000
       ^
../SSC/Src/XMC_ESCObjects.h:527:16: error: redefinition of 'struct OBJ_STRUCT_PACKED_START'
 typedef struct OBJ_STRUCT_PACKED_START {
                ^
../SSC/Src/XMC_ESCObjects.h:464:16: note: originally defined here
 typedef struct OBJ_STRUCT_PACKED_START {
                ^
../SSC/Src/XMC_ESCObjects.h:528:1: error: unknown type name 'UINT16'
 UINT16 u16SubIndex0;
 ^
../SSC/Src/XMC_ESCObjects.h:529:1: error: unknown type name 'UINT16'
 UINT16 IndexDistance; /* Subindex1 - Index distance  */
 ^
../SSC/Src/XMC_ESCObjects.h:530:1: error: unknown type name 'UINT16'
 UINT16 MaximumNumberOfModules; /* Subindex2 - Maximum number of modules  */
 ^
../SSC/Src/XMC_ESCObjects.h:532:1: error: expected '=', ',', ';', 'asm' or '__attribute__' before 'TOBJF000'
 TOBJF000;
 ^
../SSC/Src/XMC_ESCObjects.h:538:7: error: unknown type name 'TOBJF000'
 PROTO TOBJF000 ModularDeviceProfile0xF000
       ^
../main.c: In function 'Init_ECAT_Adapt_LED':
../main.c:69:3: warning: implicit declaration of function 'XMC_GPIO_SetMode' [-Wimplicit-function-declaration]
   XMC_GPIO_SetMode(P_LED1, XMC_GPIO_MODE_OUTPUT_PUSH_PULL);
   ^
../main.c:55:16: error: 'P1_14' undeclared (first use in this function)
 #define P_LED1 P1_14
                ^
../main.c:69:20: note: in expansion of macro 'P_LED1'
   XMC_GPIO_SetMode(P_LED1, XMC_GPIO_MODE_OUTPUT_PUSH_PULL);
                    ^
../main.c:55:16: note: each undeclared identifier is reported only once for each function it appears in
 #define P_LED1 P1_14
                ^
../main.c:69:20: note: in expansion of macro 'P_LED1'
   XMC_GPIO_SetMode(P_LED1, XMC_GPIO_MODE_OUTPUT_PUSH_PULL);
                    ^
../main.c:69:28: error: 'XMC_GPIO_MODE_OUTPUT_PUSH_PULL' undeclared (first use in this function)
   XMC_GPIO_SetMode(P_LED1, XMC_GPIO_MODE_OUTPUT_PUSH_PULL);
                            ^
../main.c:70:3: warning: implicit declaration of function 'XMC_GPIO_SetOutputHigh' [-Wimplicit-function-declaration]
   XMC_GPIO_SetOutputHigh(P_LED1);
   ^
../main.c:56:16: error: 'P0_14' undeclared (first use in this function)
 #define P_LED2 P0_14
                ^
../main.c:71:20: note: in expansion of macro 'P_LED2'
   XMC_GPIO_SetMode(P_LED2, XMC_GPIO_MODE_OUTPUT_PUSH_PULL);
                    ^
../main.c:57:16: error: 'P3_14' undeclared (first use in this function)
 #define P_LED3 P3_14
                ^
../main.c:73:20: note: in expansion of macro 'P_LED3'
   XMC_GPIO_SetMode(P_LED3, XMC_GPIO_MODE_OUTPUT_PUSH_PULL);
                    ^
../main.c:58:16: error: 'P0_15' undeclared (first use in this function)
 #define P_LED4 P0_15
                ^
../main.c:75:20: note: in expansion of macro 'P_LED4'
   XMC_GPIO_SetMode(P_LED4, XMC_GPIO_MODE_OUTPUT_PUSH_PULL);
                    ^
../main.c:59:16: error: 'P1_2' undeclared (first use in this function)
 #define P_LED5 P1_2
                ^
../main.c:77:20: note: in expansion of macro 'P_LED5'
   XMC_GPIO_SetMode(P_LED5, XMC_GPIO_MODE_OUTPUT_PUSH_PULL);
                    ^
../main.c:60:16: error: 'P3_13' undeclared (first use in this function)
 #define P_LED6 P3_13
                ^
../main.c:79:20: note: in expansion of macro 'P_LED6'
   XMC_GPIO_SetMode(P_LED6, XMC_GPIO_MODE_OUTPUT_PUSH_PULL);
                    ^
../main.c:61:16: error: 'P5_3' undeclared (first use in this function)
 #define P_LED7 P5_3
                ^
../main.c:81:20: note: in expansion of macro 'P_LED7'
   XMC_GPIO_SetMode(P_LED7, XMC_GPIO_MODE_OUTPUT_PUSH_PULL);
                    ^
../main.c:62:16: error: 'P3_11' undeclared (first use in this function)
 #define P_LED8 P3_11
                ^
../main.c:83:20: note: in expansion of macro 'P_LED8'
   XMC_GPIO_SetMode(P_LED8, XMC_GPIO_MODE_OUTPUT_PUSH_PULL);
                    ^
../main.c: In function 'Init_Relax_Button':
../main.c:91:20: error: 'P15_13' undeclared (first use in this function)
   XMC_GPIO_SetMode(P15_13, XMC_GPIO_MODE_INPUT_TRISTATE);
                    ^
../main.c:91:28: error: 'XMC_GPIO_MODE_INPUT_TRISTATE' undeclared (first use in this function)
   XMC_GPIO_SetMode(P15_13, XMC_GPIO_MODE_INPUT_TRISTATE);
                            ^
../main.c:93:3: warning: implicit declaration of function 'XMC_GPIO_EnableDigitalInput' [-Wimplicit-function-declaration]
   XMC_GPIO_EnableDigitalInput(P15_13);
   ^
../main.c:97:20: error: 'P15_12' undeclared (first use in this function)
   XMC_GPIO_SetMode(P15_12, XMC_GPIO_MODE_INPUT_TRISTATE);
                    ^
../main.c: At top level:
../main.c:102:18: error: unknown type name 'TOBJ7000'
 void process_app(TOBJ7000 *OUT_GENERIC, TOBJ6000 *IN_GENERIC)
                  ^
../main.c:102:41: error: unknown type name 'TOBJ6000'
 void process_app(TOBJ7000 *OUT_GENERIC, TOBJ6000 *IN_GENERIC)
                                         ^
../main.c: In function 'main':
../main.c:154:5: warning: implicit declaration of function 'MainLoop' [-Wimplicit-function-declaration]
     MainLoop();
     ^
../main.c:136:12: warning: unused variable 'timer' [-Wunused-variable]
   uint32_t timer=0;
            ^
../main.c: In function 'SYNC0IRQHandler':
../main.c:167:2: warning: implicit declaration of function 'Sync0_Isr' [-Wimplicit-function-declaration]
  Sync0_Isr();
  ^
../main.c: In function 'SYNC1IRQHandler':
../main.c:179:2: warning: implicit declaration of function 'Sync1_Isr' [-Wimplicit-function-declaration]
  Sync1_Isr();
  ^
../main.c: In function 'ENABLE_ESC_INT_USER':
../main.c:191:2: warning: implicit declaration of function 'INTERRUPT_Enable' [-Wimplicit-function-declaration]
  INTERRUPT_Enable(&INT_SYNC0);
  ^
../main.c:191:20: error: 'INT_SYNC0' undeclared (first use in this function)
  INTERRUPT_Enable(&INT_SYNC0);
                    ^
../main.c:192:20: error: 'INT_SYNC1' undeclared (first use in this function)
  INTERRUPT_Enable(&INT_SYNC1);
                    ^
../main.c: In function 'DISABLE_ESC_INT_USER':
../main.c:204:2: warning: implicit declaration of function 'INTERRUPT_Disable' [-Wimplicit-function-declaration]
  INTERRUPT_Disable(&INT_SYNC0);
  ^
../main.c:204:21: error: 'INT_SYNC0' undeclared (first use in this function)
  INTERRUPT_Disable(&INT_SYNC0);
                     ^
../main.c:205:21: error: 'INT_SYNC1' undeclared (first use in this function)
  INTERRUPT_Disable(&INT_SYNC1);
                     ^
make: *** [main.o] Error 1
15:57:30 **** Clean-only build of configuration Debug for project xmc4300_proj ****
"\"C:\\Infineon\\Tools\\DAVE IDE\\4.5.0.202105191637\\eclipse\\ARM-GCC-49\\bin\\make\"" --output-sync -j16 clean 
rm -rf  ./Startup/startup_XMC4300.o ./Startup/system_XMC4300.o  ./SSC/Src/XMC_ESC.o ./SSC/Src/coeappl.o ./SSC/Src/ecatappl.o ./SSC/Src/ecatcoe.o ./SSC/Src/ecatslv.o ./SSC/Src/mailbox.o ./SSC/Src/objdef.o ./SSC/Src/sdoserv.o  ./Libraries/XMCLib/src/xmc4_eru.o ./Libraries/XMCLib/src/xmc4_flash.o ./Libraries/XMCLib/src/xmc4_gpio.o ./Libraries/XMCLib/src/xmc4_rtc.o ./Libraries/XMCLib/src/xmc4_scu.o ./Libraries/XMCLib/src/xmc_can.o ./Libraries/XMCLib/src/xmc_ccu4.o ./Libraries/XMCLib/src/xmc_ccu8.o ./Libraries/XMCLib/src/xmc_common.o ./Libraries/XMCLib/src/xmc_dac.o ./Libraries/XMCLib/src/xmc_dma.o ./Libraries/XMCLib/src/xmc_dsd.o ./Libraries/XMCLib/src/xmc_ebu.o ./Libraries/XMCLib/src/xmc_ecat.o ./Libraries/XMCLib/src/xmc_eru.o ./Libraries/XMCLib/src/xmc_eth_mac.o ./Libraries/XMCLib/src/xmc_eth_phy_dp83848.o ./Libraries/XMCLib/src/xmc_eth_phy_ksz8031rnl.o ./Libraries/XMCLib/src/xmc_eth_phy_ksz8081rnb.o ./Libraries/XMCLib/src/xmc_fce.o ./Libraries/XMCLib/src/xmc_gpio.o ./Libraries/XMCLib/src/xmc_hrpwm.o ./Libraries/XMCLib/src/xmc_i2c.o ./Libraries/XMCLib/src/xmc_i2s.o ./Libraries/XMCLib/src/xmc_ledts.o ./Libraries/XMCLib/src/xmc_posif.o ./Libraries/XMCLib/src/xmc_rtc.o ./Libraries/XMCLib/src/xmc_sdmmc.o ./Libraries/XMCLib/src/xmc_spi.o ./Libraries/XMCLib/src/xmc_uart.o ./Libraries/XMCLib/src/xmc_usbd.o ./Libraries/XMCLib/src/xmc_usbh.o ./Libraries/XMCLib/src/xmc_usic.o ./Libraries/XMCLib/src/xmc_vadc.o ./Libraries/XMCLib/src/xmc_wdt.o  ./Libraries/Newlib/syscalls.o  ./Dave/Generated/DAVE.o  ./main.o  xmc4300_proj.hex  xmc4300_proj.lst  xmc4300_proj.siz  ./Startup/startup_XMC4300.d  ./Startup/system_XMC4300.d  ./SSC/Src/XMC_ESC.d ./SSC/Src/coeappl.d ./SSC/Src/ecatappl.d ./SSC/Src/ecatcoe.d ./SSC/Src/ecatslv.d ./SSC/Src/mailbox.d ./SSC/Src/objdef.d ./SSC/Src/sdoserv.d  ./Libraries/XMCLib/src/xmc4_eru.d ./Libraries/XMCLib/src/xmc4_flash.d ./Libraries/XMCLib/src/xmc4_gpio.d ./Libraries/XMCLib/src/xmc4_rtc.d ./Libraries/XMCLib/src/xmc4_scu.d ./Libraries/XMCLib/src/xmc_can.d ./Libraries/XMCLib/src/xmc_ccu4.d ./Libraries/XMCLib/src/xmc_ccu8.d ./Libraries/XMCLib/src/xmc_common.d ./Libraries/XMCLib/src/xmc_dac.d ./Libraries/XMCLib/src/xmc_dma.d ./Libraries/XMCLib/src/xmc_dsd.d ./Libraries/XMCLib/src/xmc_ebu.d ./Libraries/XMCLib/src/xmc_ecat.d ./Libraries/XMCLib/src/xmc_eru.d ./Libraries/XMCLib/src/xmc_eth_mac.d ./Libraries/XMCLib/src/xmc_eth_phy_dp83848.d ./Libraries/XMCLib/src/xmc_eth_phy_ksz8031rnl.d ./Libraries/XMCLib/src/xmc_eth_phy_ksz8081rnb.d ./Libraries/XMCLib/src/xmc_fce.d ./Libraries/XMCLib/src/xmc_gpio.d ./Libraries/XMCLib/src/xmc_hrpwm.d ./Libraries/XMCLib/src/xmc_i2c.d ./Libraries/XMCLib/src/xmc_i2s.d ./Libraries/XMCLib/src/xmc_ledts.d ./Libraries/XMCLib/src/xmc_posif.d ./Libraries/XMCLib/src/xmc_rtc.d ./Libraries/XMCLib/src/xmc_sdmmc.d ./Libraries/XMCLib/src/xmc_spi.d ./Libraries/XMCLib/src/xmc_uart.d ./Libraries/XMCLib/src/xmc_usbd.d ./Libraries/XMCLib/src/xmc_usbh.d ./Libraries/XMCLib/src/xmc_usic.d ./Libraries/XMCLib/src/xmc_vadc.d ./Libraries/XMCLib/src/xmc_wdt.d  ./Libraries/Newlib/syscalls.d  ./Dave/Generated/DAVE.d  ./main.d  xmc4300_proj.elf ./Startup/startup_XMC4300.o.lst ./Startup/system_XMC4300.o.lst ./SSC/Src/XMC_ESC.o.lst ./SSC/Src/coeappl.o.lst ./SSC/Src/ecatappl.o.lst ./SSC/Src/ecatcoe.o.lst ./SSC/Src/ecatslv.o.lst ./SSC/Src/mailbox.o.lst ./SSC/Src/objdef.o.lst ./SSC/Src/sdoserv.o.lst ./Libraries/XMCLib/src/xmc4_eru.o.lst ./Libraries/XMCLib/src/xmc4_flash.o.lst ./Libraries/XMCLib/src/xmc4_gpio.o.lst ./Libraries/XMCLib/src/xmc4_rtc.o.lst ./Libraries/XMCLib/src/xmc4_scu.o.lst ./Libraries/XMCLib/src/xmc_can.o.lst ./Libraries/XMCLib/src/xmc_ccu4.o.lst ./Libraries/XMCLib/src/xmc_ccu8.o.lst ./Libraries/XMCLib/src/xmc_common.o.lst ./Libraries/XMCLib/src/xmc_dac.o.lst ./Libraries/XMCLib/src/xmc_dma.o.lst ./Libraries/XMCLib/src/xmc_dsd.o.lst ./Libraries/XMCLib/src/xmc_ebu.o.lst ./Libraries/XMCLib/src/xmc_ecat.o.lst ./Libraries/XMCLib/src/xmc_eru.o.lst ./Libraries/XMCLib/src/xmc_eth_mac.o.lst ./Libraries/XMCLib/src/xmc_eth_phy_dp83848.o.lst ./Libraries/XMCLib/src/xmc_eth_phy_ksz8031rnl.o.lst ./Libraries/XMCLib/src/xmc_eth_phy_ksz8081rnb.o.lst ./Libraries/XMCLib/src/xmc_fce.o.lst ./Libraries/XMCLib/src/xmc_gpio.o.lst ./Libraries/XMCLib/src/xmc_hrpwm.o.lst ./Libraries/XMCLib/src/xmc_i2c.o.lst ./Libraries/XMCLib/src/xmc_i2s.o.lst ./Libraries/XMCLib/src/xmc_ledts.o.lst ./Libraries/XMCLib/src/xmc_posif.o.lst ./Libraries/XMCLib/src/xmc_rtc.o.lst ./Libraries/XMCLib/src/xmc_sdmmc.o.lst ./Libraries/XMCLib/src/xmc_spi.o.lst ./Libraries/XMCLib/src/xmc_uart.o.lst ./Libraries/XMCLib/src/xmc_usbd.o.lst ./Libraries/XMCLib/src/xmc_usbh.o.lst ./Libraries/XMCLib/src/xmc_usic.o.lst ./Libraries/XMCLib/src/xmc_vadc.o.lst ./Libraries/XMCLib/src/xmc_wdt.o.lst ./Libraries/Newlib/syscalls.o.lst ./Dave/Generated/DAVE.o.lst ./main.o.lst  "xmc4300_proj.map" objects.rsp

15:57:30 **** Build of configuration Debug for project xmc4300_proj ****
"\"C:\\Infineon\\Tools\\DAVE IDE\\4.5.0.202105191637\\eclipse\\ARM-GCC-49\\bin\\make\"" --output-sync -j16 all 
'Building file: ../Startup/startup_XMC4300.S'
'Invoking: ARM-GCC Assembler'
"C:/Infineon/Tools/DAVE IDE/4.5.0.202105191637/eclipse/ARM-GCC-49/bin/arm-none-eabi-gcc" -MMD -MT "Startup/startup_XMC4300.o" -x assembler-with-cpp -DXMC4300_F100x256 -I"C:/Users/nikolica/Desktop/repos/ptc-firmware/ethercat/xmc4300_proj/xmc4300_proj/Libraries/XMCLib/inc" -I"C:/Users/nikolica/Desktop/repos/ptc-firmware/ethercat/xmc4300_proj/xmc4300_proj" -I"C:/Users/nikolica/Desktop/repos/ptc-firmware/ethercat/xmc4300_proj/xmc4300_proj/Dave/Generated" -Wall -Wa,-adhlns="Startup/startup_XMC4300.o.lst" -mfloat-abi=softfp -c -fmessage-length=0 -MMD -MP -MF"Startup/startup_XMC4300.d" -MT"Startup/startup_XMC4300.d Startup/startup_XMC4300.o" -mcpu=cortex-m4 -mfpu=fpv4-sp-d16 -mthumb -g -gdwarf-2 -o "Startup/startup_XMC4300.o" "../Startup/startup_XMC4300.S" 
'Finished building: ../Startup/startup_XMC4300.S'

'Building file: ../SSC/Src/XMC_ESC.c'
In file included from ../SSC/Src/applInterface.h:41:0,
'Invoking: ARM-GCC C Compiler'
                 from ../SSC/Src/XMC_ESC.c:26:
../SSC/Src/ecatslv.h:45:32: fatal error: ECAT_SSC/xmc_eschw.h: No such file or directory
"C:/Infineon/Tools/DAVE IDE/4.5.0.202105191637/eclipse/ARM-GCC-49/bin/arm-none-eabi-gcc" -MMD -MT "SSC/Src/XMC_ESC.o" -DXMC4300_F100x256 -I"C:/Users/nikolica/Desktop/repos/ptc-firmware/ethercat/xmc4300_proj/xmc4300_proj/Libraries/XMCLib/inc" -I"C:/Users/nikolica/Desktop/repos/ptc-firmware/ethercat/xmc4300_proj/xmc4300_proj/Libraries/CMSIS/Include" -I"C:/Users/nikolica/Desktop/repos/ptc-firmware/ethercat/xmc4300_proj/xmc4300_proj/Libraries/CMSIS/Infineon/XMC4300_series/Include" -I"C:/Users/nikolica/Desktop/repos/ptc-firmware/ethercat/xmc4300_proj/xmc4300_proj" -I"C:/Users/nikolica/Desktop/repos/ptc-firmware/ethercat/xmc4300_proj/xmc4300_proj/Dave/Generated" -I"C:/Users/nikolica/Desktop/repos/ptc-firmware/ethercat/xmc4300_proj/xmc4300_proj/Libraries" -O0 -ffunction-sections -fdata-sections -Wall -std=gnu99 -mfloat-abi=softfp -Wa,-adhlns="SSC/Src/XMC_ESC.o.lst" -pipe -c -fmessage-length=0 -MMD -MP -MF"SSC/Src/XMC_ESC.d" -MT"SSC/Src/XMC_ESC.d SSC/Src/XMC_ESC.o" -mcpu=cortex-m4 -mfpu=fpv4-sp-d16 -mthumb -g -gdwarf-2 -o "SSC/Src/XMC_ESC.o" "../SSC/Src/XMC_ESC.c" 
 #include "ECAT_SSC/xmc_eschw.h"
SSC/Src/subdir.mk:39: recipe for target 'SSC/Src/XMC_ESC.o' failed
                                ^
compilation terminated.
'Building file: ../SSC/Src/coeappl.c'
make: *** [SSC/Src/XMC_ESC.o] Error 1
'Invoking: ARM-GCC C Compiler'
make: *** Waiting for unfinished jobs....
"C:/Infineon/Tools/DAVE IDE/4.5.0.202105191637/eclipse/ARM-GCC-49/bin/arm-none-eabi-gcc" -MMD -MT "SSC/Src/coeappl.o" -DXMC4300_F100x256 -I"C:/Users/nikolica/Desktop/repos/ptc-firmware/ethercat/xmc4300_proj/xmc4300_proj/Libraries/XMCLib/inc" -I"C:/Users/nikolica/Desktop/repos/ptc-firmware/ethercat/xmc4300_proj/xmc4300_proj/Libraries/CMSIS/Include" -I"C:/Users/nikolica/Desktop/repos/ptc-firmware/ethercat/xmc4300_proj/xmc4300_proj/Libraries/CMSIS/Infineon/XMC4300_series/Include" -I"C:/Users/nikolica/Desktop/repos/ptc-firmware/ethercat/xmc4300_proj/xmc4300_proj" -I"C:/Users/nikolica/Desktop/repos/ptc-firmware/ethercat/xmc4300_proj/xmc4300_proj/Dave/Generated" -I"C:/Users/nikolica/Desktop/repos/ptc-firmware/ethercat/xmc4300_proj/xmc4300_proj/Libraries" -O0 -ffunction-sections -fdata-sections -Wall -std=gnu99 -mfloat-abi=softfp -Wa,-adhlns="SSC/Src/coeappl.o.lst" -pipe -c -fmessage-length=0 -MMD -MP -MF"SSC/Src/coeappl.d" -MT"SSC/Src/coeappl.d SSC/Src/coeappl.o" -mcpu=cortex-m4 -mfpu=fpv4-sp-d16 -mthumb -g -gdwarf-2 -o "SSC/Src/coeappl.o" "../SSC/Src/coeappl.c" 
In file included from ../SSC/Src/coeappl.c:114:0:
SSC/Src/subdir.mk:39: recipe for target 'SSC/Src/coeappl.o' failed
../SSC/Src/ecatslv.h:45:32: fatal error: ECAT_SSC/xmc_eschw.h: No such file or directory
'Building file: ../Startup/system_XMC4300.c'
 #include "ECAT_SSC/xmc_eschw.h"
'Invoking: ARM-GCC C Compiler'
                                ^
"C:/Infineon/Tools/DAVE IDE/4.5.0.202105191637/eclipse/ARM-GCC-49/bin/arm-none-eabi-gcc" -MMD -MT "Startup/system_XMC4300.o" -DXMC4300_F100x256 -I"C:/Users/nikolica/Desktop/repos/ptc-firmware/ethercat/xmc4300_proj/xmc4300_proj/Libraries/XMCLib/inc" -I"C:/Users/nikolica/Desktop/repos/ptc-firmware/ethercat/xmc4300_proj/xmc4300_proj/Libraries/CMSIS/Include" -I"C:/Users/nikolica/Desktop/repos/ptc-firmware/ethercat/xmc4300_proj/xmc4300_proj/Libraries/CMSIS/Infineon/XMC4300_series/Include" -I"C:/Users/nikolica/Desktop/repos/ptc-firmware/ethercat/xmc4300_proj/xmc4300_proj" -I"C:/Users/nikolica/Desktop/repos/ptc-firmware/ethercat/xmc4300_proj/xmc4300_proj/Dave/Generated" -I"C:/Users/nikolica/Desktop/repos/ptc-firmware/ethercat/xmc4300_proj/xmc4300_proj/Libraries" -O0 -ffunction-sections -fdata-sections -Wall -std=gnu99 -mfloat-abi=softfp -Wa,-adhlns="Startup/system_XMC4300.o.lst" -pipe -c -fmessage-length=0 -MMD -MP -MF"Startup/system_XMC4300.d" -MT"Startup/system_XMC4300.d Startup/system_XMC4300.o" -mcpu=cortex-m4 -mfpu=fpv4-sp-d16 -mthumb -g -gdwarf-2 -o "Startup/system_XMC4300.o" "../Startup/system_XMC4300.c" 
compilation terminated.
'Finished building: ../Startup/system_XMC4300.c'
make: *** [SSC/Src/coeappl.o] Error 1

'Building file: ../SSC/Src/ecatappl.c'
In file included from ../SSC/Src/ecatappl.c:126:0:
'Invoking: ARM-GCC C Compiler'
../SSC/Src/ecatslv.h:45:32: fatal error: ECAT_SSC/xmc_eschw.h: No such file or directory
[...]
'Finished building: ../Dave/Generated/E_EEPROM_XMC4/e_eeprom_xmc4_conf.c'

'Building file: ../Dave/Generated/EVENT_GENERATOR/event_generator.c'
'Invoking: ARM-GCC C Compiler'
"C:/Infineon/Tools/DAVE IDE/4.5.0.202105191637/eclipse/ARM-GCC-49/bin/arm-none-eabi-gcc" -MMD -MT "Dave/Generated/EVENT_GENERATOR/event_generator.o" -DXMC4300_F100x256 -I"C:/Users/nikolica/Desktop/repos/ptc-firmware/ethercat/xmc4300_proj/xmc4300_proj/Libraries/XMCLib/inc" -I"C:/Users/nikolica/Desktop/repos/ptc-firmware/ethercat/xmc4300_proj/xmc4300_proj/Libraries/CMSIS/Include" -I"C:/Users/nikolica/Desktop/repos/ptc-firmware/ethercat/xmc4300_proj/xmc4300_proj/Libraries/CMSIS/Infineon/XMC4300_series/Include" -I"C:/Users/nikolica/Desktop/repos/ptc-firmware/ethercat/xmc4300_proj/xmc4300_proj" -I"C:/Users/nikolica/Desktop/repos/ptc-firmware/ethercat/xmc4300_proj/xmc4300_proj/Dave/Generated" -I"C:/Users/nikolica/Desktop/repos/ptc-firmware/ethercat/xmc4300_proj/xmc4300_proj/Libraries" -O0 -ffunction-sections -fdata-sections -Wall -std=gnu99 -mfloat-abi=softfp -Wa,-adhlns="Dave/Generated/EVENT_GENERATOR/event_generator.o.lst" -pipe -c -fmessage-length=0 -MMD -MP -MF"Dave/Generated/EVENT_GENERATOR/event_generator.d" -MT"Dave/Generated/EVENT_GENERATOR/event_generator.d Dave/Generated/EVENT_GENERATOR/event_generator.o" -mcpu=cortex-m4 -mfpu=fpv4-sp-d16 -mthumb -g -gdwarf-2 -o "Dave/Generated/EVENT_GENERATOR/event_generator.o" "../Dave/Generated/EVENT_GENERATOR/event_generator.c" 
'Finished building: ../Dave/Generated/EVENT_GENERATOR/event_generator.c'

'Building file: ../Dave/Generated/EVENT_GENERATOR/event_generator_conf.c'
'Invoking: ARM-GCC C Compiler'
"C:/Infineon/Tools/DAVE IDE/4.5.0.202105191637/eclipse/ARM-GCC-49/bin/arm-none-eabi-gcc" -MMD -MT "Dave/Generated/EVENT_GENERATOR/event_generator_conf.o" -DXMC4300_F100x256 -I"C:/Users/nikolica/Desktop/repos/ptc-firmware/ethercat/xmc4300_proj/xmc4300_proj/Libraries/XMCLib/inc" -I"C:/Users/nikolica/Desktop/repos/ptc-firmware/ethercat/xmc4300_proj/xmc4300_proj/Libraries/CMSIS/Include" -I"C:/Users/nikolica/Desktop/repos/ptc-firmware/ethercat/xmc4300_proj/xmc4300_proj/Libraries/CMSIS/Infineon/XMC4300_series/Include" -I"C:/Users/nikolica/Desktop/repos/ptc-firmware/ethercat/xmc4300_proj/xmc4300_proj" -I"C:/Users/nikolica/Desktop/repos/ptc-firmware/ethercat/xmc4300_proj/xmc4300_proj/Dave/Generated" -I"C:/Users/nikolica/Desktop/repos/ptc-firmware/ethercat/xmc4300_proj/xmc4300_proj/Libraries" -O0 -ffunction-sections -fdata-sections -Wall -std=gnu99 -mfloat-abi=softfp -Wa,-adhlns="Dave/Generated/EVENT_GENERATOR/event_generator_conf.o.lst" -pipe -c -fmessage-length=0 -MMD -MP -MF"Dave/Generated/EVENT_GENERATOR/event_generator_conf.d" -MT"Dave/Generated/EVENT_GENERATOR/event_generator_conf.d Dave/Generated/EVENT_GENERATOR/event_generator_conf.o" -mcpu=cortex-m4 -mfpu=fpv4-sp-d16 -mthumb -g -gdwarf-2 -o "Dave/Generated/EVENT_GENERATOR/event_generator_conf.o" "../Dave/Generated/EVENT_GENERATOR/event_generator_conf.c" 
'Finished building: ../Dave/Generated/EVENT_GENERATOR/event_generator_conf.c'

'Building file: ../Dave/Generated/EVENT_DETECTOR/event_detector.c'
'Invoking: ARM-GCC C Compiler'
"C:/Infineon/Tools/DAVE IDE/4.5.0.202105191637/eclipse/ARM-GCC-49/bin/arm-none-eabi-gcc" -MMD -MT "Dave/Generated/EVENT_DETECTOR/event_detector.o" -DXMC4300_F100x256 -I"C:/Users/nikolica/Desktop/repos/ptc-firmware/ethercat/xmc4300_proj/xmc4300_proj/Libraries/XMCLib/inc" -I"C:/Users/nikolica/Desktop/repos/ptc-firmware/ethercat/xmc4300_proj/xmc4300_proj/Libraries/CMSIS/Include" -I"C:/Users/nikolica/Desktop/repos/ptc-firmware/ethercat/xmc4300_proj/xmc4300_proj/Libraries/CMSIS/Infineon/XMC4300_series/Include" -I"C:/Users/nikolica/Desktop/repos/ptc-firmware/ethercat/xmc4300_proj/xmc4300_proj" -I"C:/Users/nikolica/Desktop/repos/ptc-firmware/ethercat/xmc4300_proj/xmc4300_proj/Dave/Generated" -I"C:/Users/nikolica/Desktop/repos/ptc-firmware/ethercat/xmc4300_proj/xmc4300_proj/Libraries" -O0 -ffunction-sections -fdata-sections -Wall -std=gnu99 -mfloat-abi=softfp -Wa,-adhlns="Dave/Generated/EVENT_DETECTOR/event_detector.o.lst" -pipe -c -fmessage-length=0 -MMD -MP -MF"Dave/Generated/EVENT_DETECTOR/event_detector.d" -MT"Dave/Generated/EVENT_DETECTOR/event_detector.d Dave/Generated/EVENT_DETECTOR/event_detector.o" -mcpu=cortex-m4 -mfpu=fpv4-sp-d16 -mthumb -g -gdwarf-2 -o "Dave/Generated/EVENT_DETECTOR/event_detector.o" "../Dave/Generated/EVENT_DETECTOR/event_detector.c" 
'Finished building: ../Dave/Generated/EVENT_DETECTOR/event_detector.c'

'Building file: ../Dave/Generated/EVENT_DETECTOR/event_detector_conf.c'
'Invoking: ARM-GCC C Compiler'
"C:/Infineon/Tools/DAVE IDE/4.5.0.202105191637/eclipse/ARM-GCC-49/bin/arm-none-eabi-gcc" -MMD -MT "Dave/Generated/EVENT_DETECTOR/event_detector_conf.o" -DXMC4300_F100x256 -I"C:/Users/nikolica/Desktop/repos/ptc-firmware/ethercat/xmc4300_proj/xmc4300_proj/Libraries/XMCLib/inc" -I"C:/Users/nikolica/Desktop/repos/ptc-firmware/ethercat/xmc4300_proj/xmc4300_proj/Libraries/CMSIS/Include" -I"C:/Users/nikolica/Desktop/repos/ptc-firmware/ethercat/xmc4300_proj/xmc4300_proj/Libraries/CMSIS/Infineon/XMC4300_series/Include" -I"C:/Users/nikolica/Desktop/repos/ptc-firmware/ethercat/xmc4300_proj/xmc4300_proj" -I"C:/Users/nikolica/Desktop/repos/ptc-firmware/ethercat/xmc4300_proj/xmc4300_proj/Dave/Generated" -I"C:/Users/nikolica/Desktop/repos/ptc-firmware/ethercat/xmc4300_proj/xmc4300_proj/Libraries" -O0 -ffunction-sections -fdata-sections -Wall -std=gnu99 -mfloat-abi=softfp -Wa,-adhlns="Dave/Generated/EVENT_DETECTOR/event_detector_conf.o.lst" -pipe -c -fmessage-length=0 -MMD -MP -MF"Dave/Generated/EVENT_DETECTOR/event_detector_conf.d" -MT"Dave/Generated/EVENT_DETECTOR/event_detector_conf.d Dave/Generated/EVENT_DETECTOR/event_detector_conf.o" -mcpu=cortex-m4 -mfpu=fpv4-sp-d16 -mthumb -g -gdwarf-2 -o "Dave/Generated/EVENT_DETECTOR/event_detector_conf.o" "../Dave/Generated/EVENT_DETECTOR/event_detector_conf.c" 
'Finished building: ../Dave/Generated/EVENT_DETECTOR/event_detector_conf.c'

'Building file: ../Dave/Generated/ECAT_SSC/ecat_ssc.c'
'Invoking: ARM-GCC C Compiler'
"C:/Infineon/Tools/DAVE IDE/4.5.0.202105191637/eclipse/ARM-GCC-49/bin/arm-none-eabi-gcc" -MMD -MT "Dave/Generated/ECAT_SSC/ecat_ssc.o" -DXMC4300_F100x256 -I"C:/Users/nikolica/Desktop/repos/ptc-firmware/ethercat/xmc4300_proj/xmc4300_proj/Libraries/XMCLib/inc" -I"C:/Users/nikolica/Desktop/repos/ptc-firmware/ethercat/xmc4300_proj/xmc4300_proj/Libraries/CMSIS/Include" -I"C:/Users/nikolica/Desktop/repos/ptc-firmware/ethercat/xmc4300_proj/xmc4300_proj/Libraries/CMSIS/Infineon/XMC4300_series/Include" -I"C:/Users/nikolica/Desktop/repos/ptc-firmware/ethercat/xmc4300_proj/xmc4300_proj" -I"C:/Users/nikolica/Desktop/repos/ptc-firmware/ethercat/xmc4300_proj/xmc4300_proj/Dave/Generated" -I"C:/Users/nikolica/Desktop/repos/ptc-firmware/ethercat/xmc4300_proj/xmc4300_proj/Libraries" -O0 -ffunction-sections -fdata-sections -Wall -std=gnu99 -mfloat-abi=softfp -Wa,-adhlns="Dave/Generated/ECAT_SSC/ecat_ssc.o.lst" -pipe -c -fmessage-length=0 -MMD -MP -MF"Dave/Generated/ECAT_SSC/ecat_ssc.d" -MT"Dave/Generated/ECAT_SSC/ecat_ssc.d Dave/Generated/ECAT_SSC/ecat_ssc.o" -mcpu=cortex-m4 -mfpu=fpv4-sp-d16 -mthumb -g -gdwarf-2 -o "Dave/Generated/ECAT_SSC/ecat_ssc.o" "../Dave/Generated/ECAT_SSC/ecat_ssc.c" 
'Finished building: ../Dave/Generated/ECAT_SSC/ecat_ssc.c'

'Building file: ../Dave/Generated/ECAT_SSC/ecat_ssc_conf.c'
'Invoking: ARM-GCC C Compiler'
"C:/Infineon/Tools/DAVE IDE/4.5.0.202105191637/eclipse/ARM-GCC-49/bin/arm-none-eabi-gcc" -MMD -MT "Dave/Generated/ECAT_SSC/ecat_ssc_conf.o" -DXMC4300_F100x256 -I"C:/Users/nikolica/Desktop/repos/ptc-firmware/ethercat/xmc4300_proj/xmc4300_proj/Libraries/XMCLib/inc" -I"C:/Users/nikolica/Desktop/repos/ptc-firmware/ethercat/xmc4300_proj/xmc4300_proj/Libraries/CMSIS/Include" -I"C:/Users/nikolica/Desktop/repos/ptc-firmware/ethercat/xmc4300_proj/xmc4300_proj/Libraries/CMSIS/Infineon/XMC4300_series/Include" -I"C:/Users/nikolica/Desktop/repos/ptc-firmware/ethercat/xmc4300_proj/xmc4300_proj" -I"C:/Users/nikolica/Desktop/repos/ptc-firmware/ethercat/xmc4300_proj/xmc4300_proj/Dave/Generated" -I"C:/Users/nikolica/Desktop/repos/ptc-firmware/ethercat/xmc4300_proj/xmc4300_proj/Libraries" -O0 -ffunction-sections -fdata-sections -Wall -std=gnu99 -mfloat-abi=softfp -Wa,-adhlns="Dave/Generated/ECAT_SSC/ecat_ssc_conf.o.lst" -pipe -c -fmessage-length=0 -MMD -MP -MF"Dave/Generated/ECAT_SSC/ecat_ssc_conf.d" -MT"Dave/Generated/ECAT_SSC/ecat_ssc_conf.d Dave/Generated/ECAT_SSC/ecat_ssc_conf.o" -mcpu=cortex-m4 -mfpu=fpv4-sp-d16 -mthumb -g -gdwarf-2 -o "Dave/Generated/ECAT_SSC/ecat_ssc_conf.o" "../Dave/Generated/ECAT_SSC/ecat_ssc_conf.c" 
'Finished building: ../Dave/Generated/ECAT_SSC/ecat_ssc_conf.c'

'Building file: ../Dave/Generated/ECAT_SSC/xmc_eschw.c'
'Invoking: ARM-GCC C Compiler'
"C:/Infineon/Tools/DAVE IDE/4.5.0.202105191637/eclipse/ARM-GCC-49/bin/arm-none-eabi-gcc" -MMD -MT "Dave/Generated/ECAT_SSC/xmc_eschw.o" -DXMC4300_F100x256 -I"C:/Users/nikolica/Desktop/repos/ptc-firmware/ethercat/xmc4300_proj/xmc4300_proj/Libraries/XMCLib/inc" -I"C:/Users/nikolica/Desktop/repos/ptc-firmware/ethercat/xmc4300_proj/xmc4300_proj/Libraries/CMSIS/Include" -I"C:/Users/nikolica/Desktop/repos/ptc-firmware/ethercat/xmc4300_proj/xmc4300_proj/Libraries/CMSIS/Infineon/XMC4300_series/Include" -I"C:/Users/nikolica/Desktop/repos/ptc-firmware/ethercat/xmc4300_proj/xmc4300_proj" -I"C:/Users/nikolica/Desktop/repos/ptc-firmware/ethercat/xmc4300_proj/xmc4300_proj/Dave/Generated" -I"C:/Users/nikolica/Desktop/repos/ptc-firmware/ethercat/xmc4300_proj/xmc4300_proj/Libraries" -O0 -ffunction-sections -fdata-sections -Wall -std=gnu99 -mfloat-abi=softfp -Wa,-adhlns="Dave/Generated/ECAT_SSC/xmc_eschw.o.lst" -pipe -c -fmessage-length=0 -MMD -MP -MF"Dave/Generated/ECAT_SSC/xmc_eschw.d" -MT"Dave/Generated/ECAT_SSC/xmc_eschw.d Dave/Generated/ECAT_SSC/xmc_eschw.o" -mcpu=cortex-m4 -mfpu=fpv4-sp-d16 -mthumb -g -gdwarf-2 -o "Dave/Generated/ECAT_SSC/xmc_eschw.o" "../Dave/Generated/ECAT_SSC/xmc_eschw.c" 
'Finished building: ../Dave/Generated/ECAT_SSC/xmc_eschw.c'

'Building file: ../Dave/Generated/CPU_CTRL_XMC4/cpu_ctrl_xmc4.c'
'Invoking: ARM-GCC C Compiler'
"C:/Infineon/Tools/DAVE IDE/4.5.0.202105191637/eclipse/ARM-GCC-49/bin/arm-none-eabi-gcc" -MMD -MT "Dave/Generated/CPU_CTRL_XMC4/cpu_ctrl_xmc4.o" -DXMC4300_F100x256 -I"C:/Users/nikolica/Desktop/repos/ptc-firmware/ethercat/xmc4300_proj/xmc4300_proj/Libraries/XMCLib/inc" -I"C:/Users/nikolica/Desktop/repos/ptc-firmware/ethercat/xmc4300_proj/xmc4300_proj/Libraries/CMSIS/Include" -I"C:/Users/nikolica/Desktop/repos/ptc-firmware/ethercat/xmc4300_proj/xmc4300_proj/Libraries/CMSIS/Infineon/XMC4300_series/Include" -I"C:/Users/nikolica/Desktop/repos/ptc-firmware/ethercat/xmc4300_proj/xmc4300_proj" -I"C:/Users/nikolica/Desktop/repos/ptc-firmware/ethercat/xmc4300_proj/xmc4300_proj/Dave/Generated" -I"C:/Users/nikolica/Desktop/repos/ptc-firmware/ethercat/xmc4300_proj/xmc4300_proj/Libraries" -O0 -ffunction-sections -fdata-sections -Wall -std=gnu99 -mfloat-abi=softfp -Wa,-adhlns="Dave/Generated/CPU_CTRL_XMC4/cpu_ctrl_xmc4.o.lst" -pipe -c -fmessage-length=0 -MMD -MP -MF"Dave/Generated/CPU_CTRL_XMC4/cpu_ctrl_xmc4.d" -MT"Dave/Generated/CPU_CTRL_XMC4/cpu_ctrl_xmc4.d Dave/Generated/CPU_CTRL_XMC4/cpu_ctrl_xmc4.o" -mcpu=cortex-m4 -mfpu=fpv4-sp-d16 -mthumb -g -gdwarf-2 -o "Dave/Generated/CPU_CTRL_XMC4/cpu_ctrl_xmc4.o" "../Dave/Generated/CPU_CTRL_XMC4/cpu_ctrl_xmc4.c" 
'Finished building: ../Dave/Generated/CPU_CTRL_XMC4/cpu_ctrl_xmc4.c'

'Building file: ../Dave/Generated/CPU_CTRL_XMC4/cpu_ctrl_xmc4_conf.c'
'Invoking: ARM-GCC C Compiler'
"C:/Infineon/Tools/DAVE IDE/4.5.0.202105191637/eclipse/ARM-GCC-49/bin/arm-none-eabi-gcc" -MMD -MT "Dave/Generated/CPU_CTRL_XMC4/cpu_ctrl_xmc4_conf.o" -DXMC4300_F100x256 -I"C:/Users/nikolica/Desktop/repos/ptc-firmware/ethercat/xmc4300_proj/xmc4300_proj/Libraries/XMCLib/inc" -I"C:/Users/nikolica/Desktop/repos/ptc-firmware/ethercat/xmc4300_proj/xmc4300_proj/Libraries/CMSIS/Include" -I"C:/Users/nikolica/Desktop/repos/ptc-firmware/ethercat/xmc4300_proj/xmc4300_proj/Libraries/CMSIS/Infineon/XMC4300_series/Include" -I"C:/Users/nikolica/Desktop/repos/ptc-firmware/ethercat/xmc4300_proj/xmc4300_proj" -I"C:/Users/nikolica/Desktop/repos/ptc-firmware/ethercat/xmc4300_proj/xmc4300_proj/Dave/Generated" -I"C:/Users/nikolica/Desktop/repos/ptc-firmware/ethercat/xmc4300_proj/xmc4300_proj/Libraries" -O0 -ffunction-sections -fdata-sections -Wall -std=gnu99 -mfloat-abi=softfp -Wa,-adhlns="Dave/Generated/CPU_CTRL_XMC4/cpu_ctrl_xmc4_conf.o.lst" -pipe -c -fmessage-length=0 -MMD -MP -MF"Dave/Generated/CPU_CTRL_XMC4/cpu_ctrl_xmc4_conf.d" -MT"Dave/Generated/CPU_CTRL_XMC4/cpu_ctrl_xmc4_conf.d Dave/Generated/CPU_CTRL_XMC4/cpu_ctrl_xmc4_conf.o" -mcpu=cortex-m4 -mfpu=fpv4-sp-d16 -mthumb -g -gdwarf-2 -o "Dave/Generated/CPU_CTRL_XMC4/cpu_ctrl_xmc4_conf.o" "../Dave/Generated/CPU_CTRL_XMC4/cpu_ctrl_xmc4_conf.c" 
'Finished building: ../Dave/Generated/CPU_CTRL_XMC4/cpu_ctrl_xmc4_conf.c'

'Building file: ../Dave/Generated/CLOCK_XMC4/clock_xmc4.c'
'Invoking: ARM-GCC C Compiler'
"C:/Infineon/Tools/DAVE IDE/4.5.0.202105191637/eclipse/ARM-GCC-49/bin/arm-none-eabi-gcc" -MMD -MT "Dave/Generated/CLOCK_XMC4/clock_xmc4.o" -DXMC4300_F100x256 -I"C:/Users/nikolica/Desktop/repos/ptc-firmware/ethercat/xmc4300_proj/xmc4300_proj/Libraries/XMCLib/inc" -I"C:/Users/nikolica/Desktop/repos/ptc-firmware/ethercat/xmc4300_proj/xmc4300_proj/Libraries/CMSIS/Include" -I"C:/Users/nikolica/Desktop/repos/ptc-firmware/ethercat/xmc4300_proj/xmc4300_proj/Libraries/CMSIS/Infineon/XMC4300_series/Include" -I"C:/Users/nikolica/Desktop/repos/ptc-firmware/ethercat/xmc4300_proj/xmc4300_proj" -I"C:/Users/nikolica/Desktop/repos/ptc-firmware/ethercat/xmc4300_proj/xmc4300_proj/Dave/Generated" -I"C:/Users/nikolica/Desktop/repos/ptc-firmware/ethercat/xmc4300_proj/xmc4300_proj/Libraries" -O0 -ffunction-sections -fdata-sections -Wall -std=gnu99 -mfloat-abi=softfp -Wa,-adhlns="Dave/Generated/CLOCK_XMC4/clock_xmc4.o.lst" -pipe -c -fmessage-length=0 -MMD -MP -MF"Dave/Generated/CLOCK_XMC4/clock_xmc4.d" -MT"Dave/Generated/CLOCK_XMC4/clock_xmc4.d Dave/Generated/CLOCK_XMC4/clock_xmc4.o" -mcpu=cortex-m4 -mfpu=fpv4-sp-d16 -mthumb -g -gdwarf-2 -o "Dave/Generated/CLOCK_XMC4/clock_xmc4.o" "../Dave/Generated/CLOCK_XMC4/clock_xmc4.c" 
'Finished building: ../Dave/Generated/CLOCK_XMC4/clock_xmc4.c'

'Building file: ../Dave/Generated/CLOCK_XMC4/clock_xmc4_conf.c'
'Invoking: ARM-GCC C Compiler'
"C:/Infineon/Tools/DAVE IDE/4.5.0.202105191637/eclipse/ARM-GCC-49/bin/arm-none-eabi-gcc" -MMD -MT "Dave/Generated/CLOCK_XMC4/clock_xmc4_conf.o" -DXMC4300_F100x256 -I"C:/Users/nikolica/Desktop/repos/ptc-firmware/ethercat/xmc4300_proj/xmc4300_proj/Libraries/XMCLib/inc" -I"C:/Users/nikolica/Desktop/repos/ptc-firmware/ethercat/xmc4300_proj/xmc4300_proj/Libraries/CMSIS/Include" -I"C:/Users/nikolica/Desktop/repos/ptc-firmware/ethercat/xmc4300_proj/xmc4300_proj/Libraries/CMSIS/Infineon/XMC4300_series/Include" -I"C:/Users/nikolica/Desktop/repos/ptc-firmware/ethercat/xmc4300_proj/xmc4300_proj" -I"C:/Users/nikolica/Desktop/repos/ptc-firmware/ethercat/xmc4300_proj/xmc4300_proj/Dave/Generated" -I"C:/Users/nikolica/Desktop/repos/ptc-firmware/ethercat/xmc4300_proj/xmc4300_proj/Libraries" -O0 -ffunction-sections -fdata-sections -Wall -std=gnu99 -mfloat-abi=softfp -Wa,-adhlns="Dave/Generated/CLOCK_XMC4/clock_xmc4_conf.o.lst" -pipe -c -fmessage-length=0 -MMD -MP -MF"Dave/Generated/CLOCK_XMC4/clock_xmc4_conf.d" -MT"Dave/Generated/CLOCK_XMC4/clock_xmc4_conf.d Dave/Generated/CLOCK_XMC4/clock_xmc4_conf.o" -mcpu=cortex-m4 -mfpu=fpv4-sp-d16 -mthumb -g -gdwarf-2 -o "Dave/Generated/CLOCK_XMC4/clock_xmc4_conf.o" "../Dave/Generated/CLOCK_XMC4/clock_xmc4_conf.c" 
'Finished building: ../Dave/Generated/CLOCK_XMC4/clock_xmc4_conf.c'

'Building file: ../Dave/Generated/DAVE.c'
'Invoking: ARM-GCC C Compiler'
"C:/Infineon/Tools/DAVE IDE/4.5.0.202105191637/eclipse/ARM-GCC-49/bin/arm-none-eabi-gcc" -MMD -MT "Dave/Generated/DAVE.o" -DXMC4300_F100x256 -I"C:/Users/nikolica/Desktop/repos/ptc-firmware/ethercat/xmc4300_proj/xmc4300_proj/Libraries/XMCLib/inc" -I"C:/Users/nikolica/Desktop/repos/ptc-firmware/ethercat/xmc4300_proj/xmc4300_proj/Libraries/CMSIS/Include" -I"C:/Users/nikolica/Desktop/repos/ptc-firmware/ethercat/xmc4300_proj/xmc4300_proj/Libraries/CMSIS/Infineon/XMC4300_series/Include" -I"C:/Users/nikolica/Desktop/repos/ptc-firmware/ethercat/xmc4300_proj/xmc4300_proj" -I"C:/Users/nikolica/Desktop/repos/ptc-firmware/ethercat/xmc4300_proj/xmc4300_proj/Dave/Generated" -I"C:/Users/nikolica/Desktop/repos/ptc-firmware/ethercat/xmc4300_proj/xmc4300_proj/Libraries" -O0 -ffunction-sections -fdata-sections -Wall -std=gnu99 -mfloat-abi=softfp -Wa,-adhlns="Dave/Generated/DAVE.o.lst" -pipe -c -fmessage-length=0 -MMD -MP -MF"Dave/Generated/DAVE.d" -MT"Dave/Generated/DAVE.d Dave/Generated/DAVE.o" -mcpu=cortex-m4 -mfpu=fpv4-sp-d16 -mthumb -g -gdwarf-2 -o "Dave/Generated/DAVE.o" "../Dave/Generated/DAVE.c" 
'Finished building: ../Dave/Generated/DAVE.c'

'Building file: ../main.c'
../main.c: In function 'main':
'Invoking: ARM-GCC C Compiler'
../main.c:146:12: warning: unused variable 'timer' [-Wunused-variable]
"C:/Infineon/Tools/DAVE IDE/4.5.0.202105191637/eclipse/ARM-GCC-49/bin/arm-none-eabi-gcc" -MMD -MT "main.o" -DXMC4300_F100x256 -I"C:/Users/nikolica/Desktop/repos/ptc-firmware/ethercat/xmc4300_proj/xmc4300_proj/Libraries/XMCLib/inc" -I"C:/Users/nikolica/Desktop/repos/ptc-firmware/ethercat/xmc4300_proj/xmc4300_proj/Libraries/CMSIS/Include" -I"C:/Users/nikolica/Desktop/repos/ptc-firmware/ethercat/xmc4300_proj/xmc4300_proj/Libraries/CMSIS/Infineon/XMC4300_series/Include" -I"C:/Users/nikolica/Desktop/repos/ptc-firmware/ethercat/xmc4300_proj/xmc4300_proj" -I"C:/Users/nikolica/Desktop/repos/ptc-firmware/ethercat/xmc4300_proj/xmc4300_proj/Dave/Generated" -I"C:/Users/nikolica/Desktop/repos/ptc-firmware/ethercat/xmc4300_proj/xmc4300_proj/Libraries" -O0 -ffunction-sections -fdata-sections -Wall -std=gnu99 -mfloat-abi=softfp -Wa,-adhlns="main.o.lst" -pipe -c -fmessage-length=0 -MMD -MP -MF"main.d" -MT"main.d main.o" -mcpu=cortex-m4 -mfpu=fpv4-sp-d16 -mthumb -g -gdwarf-2 -o "main.o" "../main.c" 
   uint32_t timer=0;
'Finished building: ../main.c'
            ^

'Building target: xmc4300_proj.elf'
'Invoking: ARM-GCC C Linker'
"C:/Infineon/Tools/DAVE IDE/4.5.0.202105191637/eclipse/ARM-GCC-49/bin/arm-none-eabi-gcc" -T"../linker_script.ld" -nostartfiles -Xlinker --gc-sections -specs=nano.specs -specs=nosys.specs -Wl,-Map,"xmc4300_proj.map" -mfloat-abi=softfp -mfpu=fpv4-sp-d16 -mcpu=cortex-m4 -mthumb -g -gdwarf-2 -o "xmc4300_proj.elf" "@objects.rsp"  -lm
'Finished building target: xmc4300_proj.elf'

'Invoking: ARM-GCC Create Flash Image'
"C:/Infineon/Tools/DAVE IDE/4.5.0.202105191637/eclipse/ARM-GCC-49/bin/arm-none-eabi-objcopy" -O ihex "xmc4300_proj.elf" "xmc4300_proj.hex"
'Finished building: xmc4300_proj.hex'

'Invoking: ARM-GCC Print Size'
"C:/Infineon/Tools/DAVE IDE/4.5.0.202105191637/eclipse/ARM-GCC-49/bin/arm-none-eabi-size" --format=berkeley "xmc4300_proj.elf"
   text	   data	    bss	    dec	    hex	filename
  44252	   3384	   6764	  54400	   d480	xmc4300_proj.elf
'Finished building: xmc4300_proj.siz'

'Invoking: ARM-GCC Create Listing'
"C:/Infineon/Tools/DAVE IDE/4.5.0.202105191637/eclipse/ARM-GCC-49/bin/arm-none-eabi-objdump" -h -S "xmc4300_proj.elf" > "xmc4300_proj.lst"
'Finished building: xmc4300_proj.lst'

13:49:38 **** Incremental Build of configuration Debug for project xmc4300_proj ****
"\"C:\\Infineon\\Tools\\DAVE IDE\\4.5.0.202105191637\\eclipse\\ARM-GCC-49\\bin\\make\"" --output-sync -j16 all 
'Invoking: ARM-GCC Print Size'
"C:/Infineon/Tools/DAVE IDE/4.5.0.202105191637/eclipse/ARM-GCC-49/bin/arm-none-eabi-size" --format=berkeley "xmc4300_proj.elf"
   text	   data	    bss	    dec	    hex	filename
  44252	   3384	   6764	  54400	   d480	xmc4300_proj.elf
'Finished building: xmc4300_proj.siz'

